Archive member included to satisfy reference by file (symbol)

/opt/st/stm32cubeide_1.12.1/plugins/com.st.stm32cube.ide.mcu.externaltools.gnu-tools-for-stm32.10.3-2021.10.linux64_1.0.200.202301161003/tools/bin/../lib/gcc/arm-none-eabi/10.3.1/../../../../arm-none-eabi/lib/thumb/v7e-m+fp/hard/libc_nano.a(lib_a-errno.o)
                              ./Src/syscalls.o (__errno)
/opt/st/stm32cubeide_1.12.1/plugins/com.st.stm32cube.ide.mcu.externaltools.gnu-tools-for-stm32.10.3-2021.10.linux64_1.0.200.202301161003/tools/bin/../lib/gcc/arm-none-eabi/10.3.1/../../../../arm-none-eabi/lib/thumb/v7e-m+fp/hard/libc_nano.a(lib_a-exit.o)
                              /opt/st/stm32cubeide_1.12.1/plugins/com.st.stm32cube.ide.mcu.externaltools.gnu-tools-for-stm32.10.3-2021.10.linux64_1.0.200.202301161003/tools/bin/../lib/gcc/arm-none-eabi/10.3.1/../../../../arm-none-eabi/lib/thumb/v7e-m+fp/hard/crt0.o (exit)
/opt/st/stm32cubeide_1.12.1/plugins/com.st.stm32cube.ide.mcu.externaltools.gnu-tools-for-stm32.10.3-2021.10.linux64_1.0.200.202301161003/tools/bin/../lib/gcc/arm-none-eabi/10.3.1/../../../../arm-none-eabi/lib/thumb/v7e-m+fp/hard/libc_nano.a(lib_a-impure.o)
                              /opt/st/stm32cubeide_1.12.1/plugins/com.st.stm32cube.ide.mcu.externaltools.gnu-tools-for-stm32.10.3-2021.10.linux64_1.0.200.202301161003/tools/bin/../lib/gcc/arm-none-eabi/10.3.1/../../../../arm-none-eabi/lib/thumb/v7e-m+fp/hard/libc_nano.a(lib_a-exit.o) (_global_impure_ptr)
/opt/st/stm32cubeide_1.12.1/plugins/com.st.stm32cube.ide.mcu.externaltools.gnu-tools-for-stm32.10.3-2021.10.linux64_1.0.200.202301161003/tools/bin/../lib/gcc/arm-none-eabi/10.3.1/../../../../arm-none-eabi/lib/thumb/v7e-m+fp/hard/libc_nano.a(lib_a-init.o)
                              /opt/st/stm32cubeide_1.12.1/plugins/com.st.stm32cube.ide.mcu.externaltools.gnu-tools-for-stm32.10.3-2021.10.linux64_1.0.200.202301161003/tools/bin/../lib/gcc/arm-none-eabi/10.3.1/../../../../arm-none-eabi/lib/thumb/v7e-m+fp/hard/crt0.o (__libc_init_array)
/opt/st/stm32cubeide_1.12.1/plugins/com.st.stm32cube.ide.mcu.externaltools.gnu-tools-for-stm32.10.3-2021.10.linux64_1.0.200.202301161003/tools/bin/../lib/gcc/arm-none-eabi/10.3.1/../../../../arm-none-eabi/lib/thumb/v7e-m+fp/hard/libc_nano.a(lib_a-memset.o)
                              /opt/st/stm32cubeide_1.12.1/plugins/com.st.stm32cube.ide.mcu.externaltools.gnu-tools-for-stm32.10.3-2021.10.linux64_1.0.200.202301161003/tools/bin/../lib/gcc/arm-none-eabi/10.3.1/../../../../arm-none-eabi/lib/thumb/v7e-m+fp/hard/crt0.o (memset)
/opt/st/stm32cubeide_1.12.1/plugins/com.st.stm32cube.ide.mcu.externaltools.gnu-tools-for-stm32.10.3-2021.10.linux64_1.0.200.202301161003/tools/bin/../lib/gcc/arm-none-eabi/10.3.1/../../../../arm-none-eabi/lib/thumb/v7e-m+fp/hard/libc_nano.a(lib_a-printf.o)
                              ./Peripherals/Devices/DS18B20_OneWire/ds18b20.o (printf)
/opt/st/stm32cubeide_1.12.1/plugins/com.st.stm32cube.ide.mcu.externaltools.gnu-tools-for-stm32.10.3-2021.10.linux64_1.0.200.202301161003/tools/bin/../lib/gcc/arm-none-eabi/10.3.1/../../../../arm-none-eabi/lib/thumb/v7e-m+fp/hard/libc_nano.a(lib_a-puts.o)
                              ./Peripherals/Devices/DS18B20_OneWire/ds18b20.o (puts)
/opt/st/stm32cubeide_1.12.1/plugins/com.st.stm32cube.ide.mcu.externaltools.gnu-tools-for-stm32.10.3-2021.10.linux64_1.0.200.202301161003/tools/bin/../lib/gcc/arm-none-eabi/10.3.1/../../../../arm-none-eabi/lib/thumb/v7e-m+fp/hard/libc_nano.a(lib_a-setvbuf.o)
                              ./Src/util.o (setvbuf)
/opt/st/stm32cubeide_1.12.1/plugins/com.st.stm32cube.ide.mcu.externaltools.gnu-tools-for-stm32.10.3-2021.10.linux64_1.0.200.202301161003/tools/bin/../lib/gcc/arm-none-eabi/10.3.1/../../../../arm-none-eabi/lib/thumb/v7e-m+fp/hard/libc_nano.a(lib_a-wbuf.o)
                              /opt/st/stm32cubeide_1.12.1/plugins/com.st.stm32cube.ide.mcu.externaltools.gnu-tools-for-stm32.10.3-2021.10.linux64_1.0.200.202301161003/tools/bin/../lib/gcc/arm-none-eabi/10.3.1/../../../../arm-none-eabi/lib/thumb/v7e-m+fp/hard/libc_nano.a(lib_a-puts.o) (__swbuf_r)
/opt/st/stm32cubeide_1.12.1/plugins/com.st.stm32cube.ide.mcu.externaltools.gnu-tools-for-stm32.10.3-2021.10.linux64_1.0.200.202301161003/tools/bin/../lib/gcc/arm-none-eabi/10.3.1/../../../../arm-none-eabi/lib/thumb/v7e-m+fp/hard/libc_nano.a(lib_a-wsetup.o)
                              /opt/st/stm32cubeide_1.12.1/plugins/com.st.stm32cube.ide.mcu.externaltools.gnu-tools-for-stm32.10.3-2021.10.linux64_1.0.200.202301161003/tools/bin/../lib/gcc/arm-none-eabi/10.3.1/../../../../arm-none-eabi/lib/thumb/v7e-m+fp/hard/libc_nano.a(lib_a-puts.o) (__swsetup_r)
/opt/st/stm32cubeide_1.12.1/plugins/com.st.stm32cube.ide.mcu.externaltools.gnu-tools-for-stm32.10.3-2021.10.linux64_1.0.200.202301161003/tools/bin/../lib/gcc/arm-none-eabi/10.3.1/../../../../arm-none-eabi/lib/thumb/v7e-m+fp/hard/libc_nano.a(lib_a-fflush.o)
[...]
Memory Configuration

Name             Origin             Length             Attributes
RAM              0x0000000020000000 0x0000000000020000 xrw
FLASH            0x0000000008000000 0x0000000000080000 xr
*default*        0x0000000000000000 0xffffffffffffffff

Linker script and memory map

LOAD /opt/st/stm32cubeide_1.12.1/plugins/com.st.stm32cube.ide.mcu.externaltools.gnu-tools-for-stm32.10.3-2021.10.linux64_1.0.200.202301161003/tools/bin/../lib/gcc/arm-none-eabi/10.3.1/thumb/v7e-m+fp/hard/crti.o
LOAD /opt/st/stm32cubeide_1.12.1/plugins/com.st.stm32cube.ide.mcu.externaltools.gnu-tools-for-stm32.10.3-2021.10.linux64_1.0.200.202301161003/tools/bin/../lib/gcc/arm-none-eabi/10.3.1/thumb/v7e-m+fp/hard/crtbegin.o
LOAD /opt/st/stm32cubeide_1.12.1/plugins/com.st.stm32cube.ide.mcu.externaltools.gnu-tools-for-stm32.10.3-2021.10.linux64_1.0.200.202301161003/tools/bin/../lib/gcc/arm-none-eabi/10.3.1/../../../../arm-none-eabi/lib/thumb/v7e-m+fp/hard/crt0.o
LOAD ./Peripherals/Devices/DS18B20_OneWire/ds18b20.o
LOAD ./Peripherals/Gpio/gpio.o
LOAD ./Peripherals/ONEWIRE/one_wire.o
LOAD ./Peripherals/Usart/usart.o
LOAD ./Src/interrupt.o
LOAD ./Src/main.o
LOAD ./Src/syscalls.o
LOAD ./Src/sysmem.o
LOAD ./Src/timer.o
LOAD ./Src/util.o
LOAD ./Startup/startup_stm32f446retx.o
START GROUP
LOAD /opt/st/stm32cubeide_1.12.1/plugins/com.st.stm32cube.ide.mcu.externaltools.gnu-tools-for-stm32.10.3-2021.10.linux64_1.0.200.202301161003/tools/bin/../lib/gcc/arm-none-eabi/10.3.1/../../../../arm-none-eabi/lib/thumb/v7e-m+fp/hard/libc_nano.a
LOAD /opt/st/stm32cubeide_1.12.1/plugins/com.st.stm32cube.ide.mcu.externaltools.gnu-tools-for-stm32.10.3-2021.10.linux64_1.0.200.202301161003/tools/bin/../lib/gcc/arm-none-eabi/10.3.1/../../../../arm-none-eabi/lib/thumb/v7e-m+fp/hard/libm.a
END GROUP
START GROUP
LOAD /opt/st/stm32cubeide_1.12.1/plugins/com.st.stm32cube.ide.mcu.externaltools.gnu-tools-for-stm32.10.3-2021.10.linux64_1.0.200.202301161003/tools/bin/../lib/gcc/arm-none-eabi/10.3.1/thumb/v7e-m+fp/hard/libgcc.a
LOAD /opt/st/stm32cubeide_1.12.1/plugins/com.st.stm32cube.ide.mcu.externaltools.gnu-tools-for-stm32.10.3-2021.10.linux64_1.0.200.202301161003/tools/bin/../lib/gcc/arm-none-eabi/10.3.1/../../../../arm-none-eabi/lib/thumb/v7e-m+fp/hard/libc_nano.a
END GROUP
START GROUP
LOAD /opt/st/stm32cubeide_1.12.1/plugins/com.st.stm32cube.ide.mcu.externaltools.gnu-tools-for-stm32.10.3-2021.10.linux64_1.0.200.202301161003/tools/bin/../lib/gcc/arm-none-eabi/10.3.1/thumb/v7e-m+fp/hard/libgcc.a
LOAD /opt/st/stm32cubeide_1.12.1/plugins/com.st.stm32cube.ide.mcu.externaltools.gnu-tools-for-stm32.10.3-2021.10.linux64_1.0.200.202301161003/tools/bin/../lib/gcc/arm-none-eabi/10.3.1/../../../../arm-none-eabi/lib/thumb/v7e-m+fp/hard/libc_nano.a
LOAD /opt/st/stm32cubeide_1.12.1/plugins/com.st.stm32cube.ide.mcu.externaltools.gnu-tools-for-stm32.10.3-2021.10.linux64_1.0.200.202301161003/tools/bin/../lib/gcc/arm-none-eabi/10.3.1/../../../../arm-none-eabi/lib/thumb/v7e-m+fp/hard/libnosys.a
END GROUP
START GROUP
LOAD /opt/st/stm32cubeide_1.12.1/plugins/com.st.stm32cube.ide.mcu.externaltools.gnu-tools-for-stm32.10.3-2021.10.linux64_1.0.200.202301161003/tools/bin/../lib/gcc/arm-none-eabi/10.3.1/thumb/v7e-m+fp/hard/libgcc.a
LOAD /opt/st/stm32cubeide_1.12.1/plugins/com.st.stm32cube.ide.mcu.externaltools.gnu-tools-for-stm32.10.3-2021.10.linux64_1.0.200.202301161003/tools/bin/../lib/gcc/arm-none-eabi/10.3.1/../../../../arm-none-eabi/lib/thumb/v7e-m+fp/hard/libc_nano.a
LOAD /opt/st/stm32cubeide_1.12.1/plugins/com.st.stm32cube.ide.mcu.externaltools.gnu-tools-for-stm32.10.3-2021.10.linux64_1.0.200.202301161003/tools/bin/../lib/gcc/arm-none-eabi/10.3.1/../../../../arm-none-eabi/lib/thumb/v7e-m+fp/hard/libnosys.a
END GROUP
LOAD /opt/st/stm32cubeide_1.12.1/plugins/com.st.stm32cube.ide.mcu.externaltools.gnu-tools-for-stm32.10.3-2021.10.linux64_1.0.200.202301161003/tools/bin/../lib/gcc/arm-none-eabi/10.3.1/thumb/v7e-m+fp/hard/crtend.o
LOAD /opt/st/stm32cubeide_1.12.1/plugins/com.st.stm32cube.ide.mcu.externaltools.gnu-tools-for-stm32.10.3-2021.10.linux64_1.0.200.202301161003/tools/bin/../lib/gcc/arm-none-eabi/10.3.1/thumb/v7e-m+fp/hard/crtn.o
                0x0000000020020000                _estack = (ORIGIN (RAM) + LENGTH (RAM))
                0x0000000000000200                _Min_Heap_Size = 0x200
                0x0000000000000400                _Min_Stack_Size = 0x400

.isr_vector     0x0000000008000000      0x1c4
                0x0000000008000000                . = ALIGN (0x4)
 *(.isr_vector)
 .isr_vector    0x0000000008000000      0x1c4 ./Startup/startup_stm32f446retx.o
                0x0000000008000000                g_pfnVectors
                0x00000000080001c4                . = ALIGN (0x4)

.text           0x00000000080001c4      0x158
                0x00000000080001c4                . = ALIGN (0x4)
 *(.text)
 .text          0x00000000080001c4       0x40 /opt/st/stm32cubeide_1.12.1/plugins/com.st.stm32cube.ide.mcu.externaltools.gnu-tools-for-stm32.10.3-2021.10.linux64_1.0.200.202301161003/tools/bin/../lib/gcc/arm-none-eabi/10.3.1/thumb/v7e-m+fp/hard/crtbegin.o
 *(.text*)
 .text.SysTick_Handler
                0x0000000008000204       0x1c ./Src/interrupt.o
                0x0000000008000204                SysTick_Handler
 .text.TIM2_IRQHandler
                0x0000000008000220       0x38 ./Src/interrupt.o
                0x0000000008000220                TIM2_IRQHandler
 .text.main     0x0000000008000258       0x10 ./Src/main.o
                0x0000000008000258                main
 .text.Reset_Handler
                0x0000000008000268       0x50 ./Startup/startup_stm32f446retx.o
                0x0000000008000268                Reset_Handler
 .text.Default_Handler
                0x00000000080002b8        0x2 ./Startup/startup_stm32f446retx.o
                0x00000000080002b8                RTC_Alarm_IRQHandler
                0x00000000080002b8                EXTI2_IRQHandler
                0x00000000080002b8                TIM8_CC_IRQHandler
                0x00000000080002b8                SPDIF_Rx_IRQHandler
                0x00000000080002b8                DebugMon_Handler
                0x00000000080002b8                SPI4_IRQHandler
                0x00000000080002b8                TIM1_CC_IRQHandler
                0x00000000080002b8                QuadSPI_IRQHandler
                0x00000000080002b8                DMA2_Stream5_IRQHandler
                0x00000000080002b8                HardFault_Handler
                0x00000000080002b8                DMA1_Stream5_IRQHandler
                0x00000000080002b8                PVD_IRQHandler
                0x00000000080002b8                SDIO_IRQHandler
                0x00000000080002b8                TAMP_STAMP_IRQHandler
                0x00000000080002b8                PendSV_Handler
                0x00000000080002b8                NMI_Handler
                0x00000000080002b8                CAN2_RX1_IRQHandler
                0x00000000080002b8                EXTI3_IRQHandler
                0x00000000080002b8                TIM8_TRG_COM_TIM14_IRQHandler
                0x00000000080002b8                TIM1_UP_TIM10_IRQHandler
                0x00000000080002b8                FMPI2C1_error_IRQHandler
                0x00000000080002b8                TIM8_UP_TIM13_IRQHandler
                0x00000000080002b8                I2C3_ER_IRQHandler
                0x00000000080002b8                EXTI0_IRQHandler
                0x00000000080002b8                I2C2_EV_IRQHandler
                0x00000000080002b8                DMA1_Stream2_IRQHandler
                0x00000000080002b8                CAN1_RX0_IRQHandler
                0x00000000080002b8                OTG_HS_WKUP_IRQHandler
                0x00000000080002b8                UsageFault_Handler
                0x00000000080002b8                CAN2_SCE_IRQHandler
                0x00000000080002b8                DMA2_Stream2_IRQHandler
                0x00000000080002b8                SPI1_IRQHandler
                0x00000000080002b8                TIM6_DAC_IRQHandler
                0x00000000080002b8                TIM1_BRK_TIM9_IRQHandler
                0x00000000080002b8                DCMI_IRQHandler
                0x00000000080002b8                CAN2_RX0_IRQHandler
                0x00000000080002b8                DMA2_Stream3_IRQHandler
                0x00000000080002b8                FMPI2C1_IRQHandler
                0x00000000080002b8                SAI2_IRQHandler
                0x00000000080002b8                USART6_IRQHandler
                0x00000000080002b8                USART3_IRQHandler
                0x00000000080002b8                CAN1_RX1_IRQHandler
                0x00000000080002b8                UART5_IRQHandler
                0x00000000080002b8                DMA2_Stream0_IRQHandler
                0x00000000080002b8                TIM4_IRQHandler
                0x00000000080002b8                I2C1_EV_IRQHandler
                0x00000000080002b8                HDMI_CEC_IRQHandler
                0x00000000080002b8                DMA1_Stream6_IRQHandler
                0x00000000080002b8                DMA1_Stream1_IRQHandler
                0x00000000080002b8                UART4_IRQHandler
                0x00000000080002b8                TIM3_IRQHandler
                0x00000000080002b8                RCC_IRQHandler
                0x00000000080002b8                TIM8_BRK_TIM12_IRQHandler
                0x00000000080002b8                Default_Handler
                0x00000000080002b8                EXTI15_10_IRQHandler
                0x00000000080002b8                ADC_IRQHandler
                0x00000000080002b8                DMA1_Stream7_IRQHandler
                0x00000000080002b8                TIM7_IRQHandler
                0x00000000080002b8                CAN2_TX_IRQHandler
                0x00000000080002b8                TIM5_IRQHandler
                0x00000000080002b8                DMA2_Stream7_IRQHandler
                0x00000000080002b8                I2C3_EV_IRQHandler
                0x00000000080002b8                EXTI9_5_IRQHandler
                0x00000000080002b8                RTC_WKUP_IRQHandler
                0x00000000080002b8                SPI2_IRQHandler
                0x00000000080002b8                OTG_HS_EP1_IN_IRQHandler
                0x00000000080002b8                MemManage_Handler
                0x00000000080002b8                DMA1_Stream0_IRQHandler
                0x00000000080002b8                CAN1_TX_IRQHandler
                0x00000000080002b8                SVC_Handler
                0x00000000080002b8                EXTI4_IRQHandler
                0x00000000080002b8                OTG_HS_EP1_OUT_IRQHandler
                0x00000000080002b8                WWDG_IRQHandler
                0x00000000080002b8                OTG_FS_WKUP_IRQHandler
                0x00000000080002b8                TIM1_TRG_COM_TIM11_IRQHandler
                0x00000000080002b8                OTG_HS_IRQHandler
                0x00000000080002b8                EXTI1_IRQHandler
                0x00000000080002b8                USART2_IRQHandler
                0x00000000080002b8                I2C2_ER_IRQHandler
                0x00000000080002b8                DMA2_Stream1_IRQHandler
                0x00000000080002b8                CAN1_SCE_IRQHandler
                0x00000000080002b8                FLASH_IRQHandler
                0x00000000080002b8                DMA2_Stream4_IRQHandler
                0x00000000080002b8                BusFault_Handler
                0x00000000080002b8                USART1_IRQHandler
                0x00000000080002b8                OTG_FS_IRQHandler
                0x00000000080002b8                SPI3_IRQHandler
                0x00000000080002b8                DMA1_Stream4_IRQHandler
                0x00000000080002b8                I2C1_ER_IRQHandler
                0x00000000080002b8                FMC_IRQHandler
                0x00000000080002b8                DMA2_Stream6_IRQHandler
                0x00000000080002b8                SAI1_IRQHandler
                0x00000000080002b8                DMA1_Stream3_IRQHandler
 *fill*         0x00000000080002ba        0x2 
 .text.__libc_init_array
                0x00000000080002bc       0x48 /opt/st/stm32cubeide_1.12.1/plugins/com.st.stm32cube.ide.mcu.externaltools.gnu-tools-for-stm32.10.3-2021.10.linux64_1.0.200.202301161003/tools/bin/../lib/gcc/arm-none-eabi/10.3.1/../../../../arm-none-eabi/lib/thumb/v7e-m+fp/hard/libc_nano.a(lib_a-init.o)
                0x00000000080002bc                __libc_init_array
 *(.glue_7)
 .glue_7        0x0000000008000304        0x0 linker stubs
 *(.glue_7t)
 .glue_7t       0x0000000008000304        0x0 linker stubs
 *(.eh_frame)
 .eh_frame      0x0000000008000304        0x0 /opt/st/stm32cubeide_1.12.1/plugins/com.st.stm32cube.ide.mcu.externaltools.gnu-tools-for-stm32.10.3-2021.10.linux64_1.0.200.202301161003/tools/bin/../lib/gcc/arm-none-eabi/10.3.1/thumb/v7e-m+fp/hard/crtbegin.o
 *(.init)
 .init          0x0000000008000304        0x4 /opt/st/stm32cubeide_1.12.1/plugins/com.st.stm32cube.ide.mcu.externaltools.gnu-tools-for-stm32.10.3-2021.10.linux64_1.0.200.202301161003/tools/bin/../lib/gcc/arm-none-eabi/10.3.1/thumb/v7e-m+fp/hard/crti.o
                0x0000000008000304                _init
 .init          0x0000000008000308        0x8 /opt/st/stm32cubeide_1.12.1/plugins/com.st.stm32cube.ide.mcu.externaltools.gnu-tools-for-stm32.10.3-2021.10.linux64_1.0.200.202301161003/tools/bin/../lib/gcc/arm-none-eabi/10.3.1/thumb/v7e-m+fp/hard/crtn.o
 *(.fini)
 .fini          0x0000000008000310        0x4 /opt/st/stm32cubeide_1.12.1/plugins/com.st.stm32cube.ide.mcu.externaltools.gnu-tools-for-stm32.10.3-2021.10.linux64_1.0.200.202301161003/tools/bin/../lib/gcc/arm-none-eabi/10.3.1/thumb/v7e-m+fp/hard/crti.o
                0x0000000008000310                _fini
 .fini          0x0000000008000314        0x8 /opt/st/stm32cubeide_1.12.1/plugins/com.st.stm32cube.ide.mcu.externaltools.gnu-tools-for-stm32.10.3-2021.10.linux64_1.0.200.202301161003/tools/bin/../lib/gcc/arm-none-eabi/10.3.1/thumb/v7e-m+fp/hard/crtn.o
                0x000000000800031c                . = ALIGN (0x4)
                0x000000000800031c                _etext = .

.vfp11_veneer   0x000000000800031c        0x0
 .vfp11_veneer  0x000000000800031c        0x0 linker stubs

.v4_bx          0x000000000800031c        0x0
 .v4_bx         0x000000000800031c        0x0 linker stubs

.iplt           0x000000000800031c        0x0
 .iplt          0x000000000800031c        0x0 /opt/st/stm32cubeide_1.12.1/plugins/com.st.stm32cube.ide.mcu.externaltools.gnu-tools-for-stm32.10.3-2021.10.linux64_1.0.200.202301161003/tools/bin/../lib/gcc/arm-none-eabi/10.3.1/thumb/v7e-m+fp/hard/crtbegin.o

.rel.dyn        0x000000000800031c        0x0
 .rel.iplt      0x000000000800031c        0x0 /opt/st/stm32cubeide_1.12.1/plugins/com.st.stm32cube.ide.mcu.externaltools.gnu-tools-for-stm32.10.3-2021.10.linux64_1.0.200.202301161003/tools/bin/../lib/gcc/arm-none-eabi/10.3.1/thumb/v7e-m+fp/hard/crtbegin.o

.rodata         0x000000000800031c        0x0
                0x000000000800031c                . = ALIGN (0x4)
 *(.rodata)
 *(.rodata*)
                0x000000000800031c                . = ALIGN (0x4)

.ARM.extab      0x000000000800031c        0x0
                0x000000000800031c                . = ALIGN (0x4)
 *(.ARM.extab* .gnu.linkonce.armextab.*)
                0x000000000800031c                . = ALIGN (0x4)

.ARM            0x000000000800031c        0x0
                0x000000000800031c                . = ALIGN (0x4)
                0x000000000800031c                __exidx_start = .
 *(.ARM.exidx*)
                0x000000000800031c                __exidx_end = .
                0x000000000800031c                . = ALIGN (0x4)

.preinit_array  0x000000000800031c        0x0
                0x000000000800031c                . = ALIGN (0x4)
                0x000000000800031c                PROVIDE (__preinit_array_start = .)
 *(.preinit_array*)
                0x000000000800031c                PROVIDE (__preinit_array_end = .)
                0x000000000800031c                . = ALIGN (0x4)

.init_array     0x000000000800031c        0x4
                0x000000000800031c                . = ALIGN (0x4)
                0x000000000800031c                PROVIDE (__init_array_start = .)
 *(SORT_BY_NAME(.init_array.*))
 *(.init_array*)
 .init_array    0x000000000800031c        0x4 /opt/st/stm32cubeide_1.12.1/plugins/com.st.stm32cube.ide.mcu.externaltools.gnu-tools-for-stm32.10.3-2021.10.linux64_1.0.200.202301161003/tools/bin/../lib/gcc/arm-none-eabi/10.3.1/thumb/v7e-m+fp/hard/crtbegin.o
                0x0000000008000320                PROVIDE (__init_array_end = .)
                0x0000000008000320                . = ALIGN (0x4)

.fini_array     0x0000000008000320        0x4
                0x0000000008000320                . = ALIGN (0x4)
                [!provide]                        PROVIDE (__fini_array_start = .)
 *(SORT_BY_NAME(.fini_array.*))
 *(.fini_array*)
 .fini_array    0x0000000008000320        0x4 /opt/st/stm32cubeide_1.12.1/plugins/com.st.stm32cube.ide.mcu.externaltools.gnu-tools-for-stm32.10.3-2021.10.linux64_1.0.200.202301161003/tools/bin/../lib/gcc/arm-none-eabi/10.3.1/thumb/v7e-m+fp/hard/crtbegin.o
                [!provide]                        PROVIDE (__fini_array_end = .)
                0x0000000008000324                . = ALIGN (0x4)
                0x0000000008000324                _sidata = LOADADDR (.data)

.data           0x0000000020000000        0x0 load address 0x0000000008000324
                0x0000000020000000                . = ALIGN (0x4)
                0x0000000020000000                _sdata = .
 *(.data)
 *(.data*)
 *(.RamFunc)
 *(.RamFunc*)
                0x0000000020000000                . = ALIGN (0x4)
                0x0000000020000000                _edata = .

.igot.plt       0x0000000020000000        0x0 load address 0x0000000008000324
 .igot.plt      0x0000000020000000        0x0 /opt/st/stm32cubeide_1.12.1/plugins/com.st.stm32cube.ide.mcu.externaltools.gnu-tools-for-stm32.10.3-2021.10.linux64_1.0.200.202301161003/tools/bin/../lib/gcc/arm-none-eabi/10.3.1/thumb/v7e-m+fp/hard/crtbegin.o
                0x0000000020000000                . = ALIGN (0x4)

.bss            0x0000000020000000       0x24 load address 0x0000000008000324
                0x0000000020000000                _sbss = .
                0x0000000020000000                __bss_start__ = _sbss
 *(.bss)
 .bss           0x0000000020000000       0x1c /opt/st/stm32cubeide_1.12.1/plugins/com.st.stm32cube.ide.mcu.externaltools.gnu-tools-for-stm32.10.3-2021.10.linux64_1.0.200.202301161003/tools/bin/../lib/gcc/arm-none-eabi/10.3.1/thumb/v7e-m+fp/hard/crtbegin.o
 *(.bss*)
 .bss.Flag      0x000000002000001c        0x1 ./Peripherals/Devices/DS18B20_OneWire/ds18b20.o
                0x000000002000001c                Flag
 *fill*         0x000000002000001d        0x3 
 .bss.ticks     0x0000000020000020        0x4 ./Src/timer.o
                0x0000000020000020                ticks
 *(COMMON)
                0x0000000020000024                . = ALIGN (0x4)
                0x0000000020000024                _ebss = .
                0x0000000020000024                __bss_end__ = _ebss

._user_heap_stack
                0x0000000020000024      0x604 load address 0x0000000008000324
                0x0000000020000028                . = ALIGN (0x8)
 *fill*         0x0000000020000024        0x4 
                [!provide]                        PROVIDE (end = .)
                0x0000000020000028                PROVIDE (_end = .)
                0x0000000020000228                . = (. + _Min_Heap_Size)
 *fill*         0x0000000020000028      0x200 
                0x0000000020000628                . = (. + _Min_Stack_Size)
 *fill*         0x0000000020000228      0x400 
                0x0000000020000628                . = ALIGN (0x8)

/DISCARD/
 libc.a(*)
 libm.a(*)
 libgcc.a(*)

.ARM.attributes
                0x0000000000000000       0x30
 *(.ARM.attributes)
 .ARM.attributes
                0x0000000000000000       0x1e /opt/st/stm32cubeide_1.12.1/plugins/com.st.stm32cube.ide.mcu.externaltools.gnu-tools-for-stm32.10.3-2021.10.linux64_1.0.200.202301161003/tools/bin/../lib/gcc/arm-none-eabi/10.3.1/thumb/v7e-m+fp/hard/crti.o
 .ARM.attributes
                0x000000000000001e       0x34 /opt/st/stm32cubeide_1.12.1/plugins/com.st.stm32cube.ide.mcu.externaltools.gnu-tools-for-stm32.10.3-2021.10.linux64_1.0.200.202301161003/tools/bin/../lib/gcc/arm-none-eabi/10.3.1/thumb/v7e-m+fp/hard/crtbegin.o
 .ARM.attributes
                0x0000000000000052       0x34 ./Peripherals/Devices/DS18B20_OneWire/ds18b20.o
 .ARM.attributes
                0x0000000000000086       0x34 ./Src/interrupt.o
 .ARM.attributes
                0x00000000000000ba       0x34 ./Src/main.o
 .ARM.attributes
                0x00000000000000ee       0x34 ./Src/timer.o
 .ARM.attributes
                0x0000000000000122       0x21 ./Startup/startup_stm32f446retx.o
 .ARM.attributes
                0x0000000000000143       0x34 /opt/st/stm32cubeide_1.12.1/plugins/com.st.stm32cube.ide.mcu.externaltools.gnu-tools-for-stm32.10.3-2021.10.linux64_1.0.200.202301161003/tools/bin/../lib/gcc/arm-none-eabi/10.3.1/../../../../arm-none-eabi/lib/thumb/v7e-m+fp/hard/libc_nano.a(lib_a-init.o)
 .ARM.attributes
                0x0000000000000177       0x1e /opt/st/stm32cubeide_1.12.1/plugins/com.st.stm32cube.ide.mcu.externaltools.gnu-tools-for-stm32.10.3-2021.10.linux64_1.0.200.202301161003/tools/bin/../lib/gcc/arm-none-eabi/10.3.1/thumb/v7e-m+fp/hard/crtn.o
OUTPUT(Bus_de_com.elf elf32-littlearm)
LOAD linker stubs
LOAD /opt/st/stm32cubeide_1.12.1/plugins/com.st.stm32cube.ide.mcu.externaltools.gnu-tools-for-stm32.10.3-2021.10.linux64_1.0.200.202301161003/tools/bin/../lib/gcc/arm-none-eabi/10.3.1/../../../../arm-none-eabi/lib/thumb/v7e-m+fp/hard/libc.a
LOAD /opt/st/stm32cubeide_1.12.1/plugins/com.st.stm32cube.ide.mcu.externaltools.gnu-tools-for-stm32.10.3-2021.10.linux64_1.0.200.202301161003/tools/bin/../lib/gcc/arm-none-eabi/10.3.1/../../../../arm-none-eabi/lib/thumb/v7e-m+fp/hard/libm.a
LOAD /opt/st/stm32cubeide_1.12.1/plugins/com.st.stm32cube.ide.mcu.externaltools.gnu-tools-for-stm32.10.3-2021.10.linux64_1.0.200.202301161003/tools/bin/../lib/gcc/arm-none-eabi/10.3.1/thumb/v7e-m+fp/hard/libgcc.a

.debug_info     0x0000000000000000     0x157d
 .debug_info    0x0000000000000000      0x46a ./Peripherals/Devices/DS18B20_OneWire/ds18b20.o
 .debug_info    0x000000000000046a      0x21d ./Src/interrupt.o
 .debug_info    0x0000000000000687      0x1bc ./Src/main.o
 .debug_info    0x0000000000000843      0xd18 ./Src/timer.o
 .debug_info    0x000000000000155b       0x22 ./Startup/startup_stm32f446retx.o

.debug_abbrev   0x0000000000000000      0x5f9
 .debug_abbrev  0x0000000000000000      0x1ef ./Peripherals/Devices/DS18B20_OneWire/ds18b20.o
 .debug_abbrev  0x00000000000001ef       0xb0 ./Src/interrupt.o
 .debug_abbrev  0x000000000000029f       0xfe ./Src/main.o
 .debug_abbrev  0x000000000000039d      0x24a ./Src/timer.o
 .debug_abbrev  0x00000000000005e7       0x12 ./Startup/startup_stm32f446retx.o

.debug_aranges  0x0000000000000000      0x138
 .debug_aranges
                0x0000000000000000       0x58 ./Peripherals/Devices/DS18B20_OneWire/ds18b20.o
 .debug_aranges
                0x0000000000000058       0x28 ./Src/interrupt.o
 .debug_aranges
                0x0000000000000080       0x20 ./Src/main.o
 .debug_aranges
                0x00000000000000a0       0x70 ./Src/timer.o
 .debug_aranges
                0x0000000000000110       0x28 ./Startup/startup_stm32f446retx.o

.debug_ranges   0x0000000000000000       0xf0
 .debug_ranges  0x0000000000000000       0x48 ./Peripherals/Devices/DS18B20_OneWire/ds18b20.o
 .debug_ranges  0x0000000000000048       0x18 ./Src/interrupt.o
 .debug_ranges  0x0000000000000060       0x10 ./Src/main.o
 .debug_ranges  0x0000000000000070       0x60 ./Src/timer.o
 .debug_ranges  0x00000000000000d0       0x20 ./Startup/startup_stm32f446retx.o

.debug_macro    0x0000000000000000    0x19b42
 .debug_macro   0x0000000000000000      0x25e ./Peripherals/Devices/DS18B20_OneWire/ds18b20.o
 .debug_macro   0x000000000000025e      0xa7e ./Peripherals/Devices/DS18B20_OneWire/ds18b20.o
 .debug_macro   0x0000000000000cdc       0x22 ./Peripherals/Devices/DS18B20_OneWire/ds18b20.o
 .debug_macro   0x0000000000000cfe       0x8e ./Peripherals/Devices/DS18B20_OneWire/ds18b20.o
 .debug_macro   0x0000000000000d8c       0x51 ./Peripherals/Devices/DS18B20_OneWire/ds18b20.o
 .debug_macro   0x0000000000000ddd      0x103 ./Peripherals/Devices/DS18B20_OneWire/ds18b20.o
 .debug_macro   0x0000000000000ee0       0x6a ./Peripherals/Devices/DS18B20_OneWire/ds18b20.o
 .debug_macro   0x0000000000000f4a      0x1df ./Peripherals/Devices/DS18B20_OneWire/ds18b20.o
 .debug_macro   0x0000000000001129       0x52 ./Peripherals/Devices/DS18B20_OneWire/ds18b20.o
 .debug_macro   0x000000000000117b       0x1e ./Peripherals/Devices/DS18B20_OneWire/ds18b20.o
 .debug_macro   0x0000000000001199       0x3c ./Peripherals/Devices/DS18B20_OneWire/ds18b20.o
 .debug_macro   0x00000000000011d5       0x34 ./Peripherals/Devices/DS18B20_OneWire/ds18b20.o
 .debug_macro   0x0000000000001209       0x16 ./Peripherals/Devices/DS18B20_OneWire/ds18b20.o
 .debug_macro   0x000000000000121f       0x97 ./Peripherals/Devices/DS18B20_OneWire/ds18b20.o
 .debug_macro   0x00000000000012b6      0x341 ./Peripherals/Devices/DS18B20_OneWire/ds18b20.o
 .debug_macro   0x00000000000015f7       0xfd ./Peripherals/Devices/DS18B20_OneWire/ds18b20.o
 .debug_macro   0x00000000000016f4       0x10 ./Peripherals/Devices/DS18B20_OneWire/ds18b20.o
 .debug_macro   0x0000000000001704       0x16 ./Peripherals/Devices/DS18B20_OneWire/ds18b20.o
 .debug_macro   0x000000000000171a       0x43 ./Peripherals/Devices/DS18B20_OneWire/ds18b20.o
 .debug_macro   0x000000000000175d       0x34 ./Peripherals/Devices/DS18B20_OneWire/ds18b20.o
 .debug_macro   0x0000000000001791       0x10 ./Peripherals/Devices/DS18B20_OneWire/ds18b20.o
 .debug_macro   0x00000000000017a1       0x58 ./Peripherals/Devices/DS18B20_OneWire/ds18b20.o
 .debug_macro   0x00000000000017f9       0x71 ./Peripherals/Devices/DS18B20_OneWire/ds18b20.o
 .debug_macro   0x000000000000186a       0x1c ./Peripherals/Devices/DS18B20_OneWire/ds18b20.o
 .debug_macro   0x0000000000001886      0x12a ./Peripherals/Devices/DS18B20_OneWire/ds18b20.o
 .debug_macro   0x00000000000019b0       0x10 ./Peripherals/Devices/DS18B20_OneWire/ds18b20.o
 .debug_macro   0x00000000000019c0       0x1c ./Peripherals/Devices/DS18B20_OneWire/ds18b20.o
 .debug_macro   0x00000000000019dc       0x52 ./Peripherals/Devices/DS18B20_OneWire/ds18b20.o
 .debug_macro   0x0000000000001a2e       0x22 ./Peripherals/Devices/DS18B20_OneWire/ds18b20.o
 .debug_macro   0x0000000000001a50       0x10 ./Peripherals/Devices/DS18B20_OneWire/ds18b20.o
 .debug_macro   0x0000000000001a60       0x52 ./Peripherals/Devices/DS18B20_OneWire/ds18b20.o
 .debug_macro   0x0000000000001ab2       0xd5 ./Peripherals/Devices/DS18B20_OneWire/ds18b20.o
 .debug_macro   0x0000000000001b87       0x1c ./Peripherals/Devices/DS18B20_OneWire/ds18b20.o
 .debug_macro   0x0000000000001ba3       0x3d ./Peripherals/Devices/DS18B20_OneWire/ds18b20.o
 .debug_macro   0x0000000000001be0       0x16 ./Peripherals/Devices/DS18B20_OneWire/ds18b20.o
 .debug_macro   0x0000000000001bf6      0x145 ./Peripherals/Devices/DS18B20_OneWire/ds18b20.o
 .debug_macro   0x0000000000001d3b       0x28 ./Peripherals/Devices/DS18B20_OneWire/ds18b20.o
 .debug_macro   0x0000000000001d63       0x1c ./Peripherals/Devices/DS18B20_OneWire/ds18b20.o
 .debug_macro   0x0000000000001d7f       0x22 ./Peripherals/Devices/DS18B20_OneWire/ds18b20.o
 .debug_macro   0x0000000000001da1       0xd9 ./Peripherals/Devices/DS18B20_OneWire/ds18b20.o
 .debug_macro   0x0000000000001e7a     0x102d ./Peripherals/Devices/DS18B20_OneWire/ds18b20.o
 .debug_macro   0x0000000000002ea7      0x11f ./Peripherals/Devices/DS18B20_OneWire/ds18b20.o
 .debug_macro   0x0000000000002fc6    0x16749 ./Peripherals/Devices/DS18B20_OneWire/ds18b20.o
 .debug_macro   0x000000000001970f       0x22 ./Peripherals/Devices/DS18B20_OneWire/ds18b20.o
 .debug_macro   0x0000000000019731       0xc9 ./Src/interrupt.o
 .debug_macro   0x00000000000197fa      0x27f ./Src/main.o
 .debug_macro   0x0000000000019a79       0xc9 ./Src/timer.o

.debug_line     0x0000000000000000     0x1d2c
 .debug_line    0x0000000000000000      0x940 ./Peripherals/Devices/DS18B20_OneWire/ds18b20.o
 .debug_line    0x0000000000000940      0x4ee ./Src/interrupt.o
 .debug_line    0x0000000000000e2e      0x7cb ./Src/main.o
 .debug_line    0x00000000000015f9      0x6af ./Src/timer.o
 .debug_line    0x0000000000001ca8       0x84 ./Startup/startup_stm32f446retx.o

.debug_str      0x0000000000000000    0x8f150
 .debug_str     0x0000000000000000    0x8e726 ./Peripherals/Devices/DS18B20_OneWire/ds18b20.o
                                      0x8e945 (size before relaxing)
 .debug_str     0x000000000008e726       0x8c ./Src/interrupt.o
                                      0x8a651 (size before relaxing)
 .debug_str     0x000000000008e7b2      0x11e ./Src/main.o
                                      0x8e8a8 (size before relaxing)
 .debug_str     0x000000000008e8d0      0x84f ./Src/timer.o
                                      0x8aed1 (size before relaxing)
 .debug_str     0x000000000008f11f       0x31 ./Startup/startup_stm32f446retx.o
                                         0x6b (size before relaxing)

.comment        0x0000000000000000       0x50
 .comment       0x0000000000000000       0x50 ./Peripherals/Devices/DS18B20_OneWire/ds18b20.o
                                         0x51 (size before relaxing)
 .comment       0x0000000000000050       0x51 ./Src/interrupt.o
 .comment       0x0000000000000050       0x51 ./Src/main.o
 .comment       0x0000000000000050       0x51 ./Src/timer.o

.debug_frame    0x0000000000000000      0x368
 .debug_frame   0x0000000000000000      0x130 ./Peripherals/Devices/DS18B20_OneWire/ds18b20.o
 .debug_frame   0x0000000000000130       0x50 ./Src/interrupt.o
 .debug_frame   0x0000000000000180       0x30 ./Src/main.o
 .debug_frame   0x00000000000001b0      0x18c ./Src/timer.o
 .debug_frame   0x000000000000033c       0x2c /opt/st/stm32cubeide_1.12.1/plugins/com.st.stm32cube.ide.mcu.externaltools.gnu-tools-for-stm32.10.3-2021.10.linux64_1.0.200.202301161003/tools/bin/../lib/gcc/arm-none-eabi/10.3.1/../../../../arm-none-eabi/lib/thumb/v7e-m+fp/hard/libc_nano.a(lib_a-init.o)
