Archive member included to satisfy reference by file (symbol)

/opt/st/stm32cubeide_1.12.1/plugins/com.st.stm32cube.ide.mcu.externaltools.gnu-tools-for-stm32.10.3-2021.10.linux64_1.0.200.202301161003/tools/bin/../lib/gcc/arm-none-eabi/10.3.1/../../../../arm-none-eabi/lib/thumb/v7e-m+fp/hard/libc_nano.a(lib_a-errno.o)
                              ./Src/syscalls.o (__errno)
/opt/st/stm32cubeide_1.12.1/plugins/com.st.stm32cube.ide.mcu.externaltools.gnu-tools-for-stm32.10.3-2021.10.linux64_1.0.200.202301161003/tools/bin/../lib/gcc/arm-none-eabi/10.3.1/../../../../arm-none-eabi/lib/thumb/v7e-m+fp/hard/libc_nano.a(lib_a-exit.o)
                              /opt/st/stm32cubeide_1.12.1/plugins/com.st.stm32cube.ide.mcu.externaltools.gnu-tools-for-stm32.10.3-2021.10.linux64_1.0.200.202301161003/tools/bin/../lib/gcc/arm-none-eabi/10.3.1/../../../../arm-none-eabi/lib/thumb/v7e-m+fp/hard/crt0.o (exit)
/opt/st/stm32cubeide_1.12.1/plugins/com.st.stm32cube.ide.mcu.externaltools.gnu-tools-for-stm32.10.3-2021.10.linux64_1.0.200.202301161003/tools/bin/../lib/gcc/arm-none-eabi/10.3.1/../../../../arm-none-eabi/lib/thumb/v7e-m+fp/hard/libc_nano.a(lib_a-impure.o)
                              /opt/st/stm32cubeide_1.12.1/plugins/com.st.stm32cube.ide.mcu.externaltools.gnu-tools-for-stm32.10.3-2021.10.linux64_1.0.200.202301161003/tools/bin/../lib/gcc/arm-none-eabi/10.3.1/../../../../arm-none-eabi/lib/thumb/v7e-m+fp/hard/libc_nano.a(lib_a-exit.o) (_global_impure_ptr)
/opt/st/stm32cubeide_1.12.1/plugins/com.st.stm32cube.ide.mcu.externaltools.gnu-tools-for-stm32.10.3-2021.10.linux64_1.0.200.202301161003/tools/bin/../lib/gcc/arm-none-eabi/10.3.1/../../../../arm-none-eabi/lib/thumb/v7e-m+fp/hard/libc_nano.a(lib_a-init.o)
                              /opt/st/stm32cubeide_1.12.1/plugins/com.st.stm32cube.ide.mcu.externaltools.gnu-tools-for-stm32.10.3-2021.10.linux64_1.0.200.202301161003/tools/bin/../lib/gcc/arm-none-eabi/10.3.1/../../../../arm-none-eabi/lib/thumb/v7e-m+fp/hard/crt0.o (__libc_init_array)
/opt/st/stm32cubeide_1.12.1/plugins/com.st.stm32cube.ide.mcu.externaltools.gnu-tools-for-stm32.10.3-2021.10.linux64_1.0.200.202301161003/tools/bin/../lib/gcc/arm-none-eabi/10.3.1/../../../../arm-none-eabi/lib/thumb/v7e-m+fp/hard/libc_nano.a(lib_a-memset.o)
                              /opt/st/stm32cubeide_1.12.1/plugins/com.st.stm32cube.ide.mcu.externaltools.gnu-tools-for-stm32.10.3-2021.10.linux64_1.0.200.202301161003/tools/bin/../lib/gcc/arm-none-eabi/10.3.1/../../../../arm-none-eabi/lib/thumb/v7e-m+fp/hard/crt0.o (memset)
/opt/st/stm32cubeide_1.12.1/plugins/com.st.stm32cube.ide.mcu.externaltools.gnu-tools-for-stm32.10.3-2021.10.linux64_1.0.200.202301161003/tools/bin/../lib/gcc/arm-none-eabi/10.3.1/../../../../arm-none-eabi/lib/thumb/v7e-m+fp/hard/libc_nano.a(lib_a-printf.o)
                              ./Src/main.o (printf)
/opt/st/stm32cubeide_1.12.1/plugins/com.st.stm32cube.ide.mcu.externaltools.gnu-tools-for-stm32.10.3-2021.10.linux64_1.0.200.202301161003/tools/bin/../lib/gcc/arm-none-eabi/10.3.1/../../../../arm-none-eabi/lib/thumb/v7e-m+fp/hard/libc_nano.a(lib_a-puts.o)
                              ./Peripherals/Devices/DS18B20_OneWire/ds18b20.o (puts)
/opt/st/stm32cubeide_1.12.1/plugins/com.st.stm32cube.ide.mcu.externaltools.gnu-tools-for-stm32.10.3-2021.10.linux64_1.0.200.202301161003/tools/bin/../lib/gcc/arm-none-eabi/10.3.1/../../../../arm-none-eabi/lib/thumb/v7e-m+fp/hard/libc_nano.a(lib_a-setvbuf.o)
                              ./Src/util.o (setvbuf)
/opt/st/stm32cubeide_1.12.1/plugins/com.st.stm32cube.ide.mcu.externaltools.gnu-tools-for-stm32.10.3-2021.10.linux64_1.0.200.202301161003/tools/bin/../lib/gcc/arm-none-eabi/10.3.1/../../../../arm-none-eabi/lib/thumb/v7e-m+fp/hard/libc_nano.a(lib_a-wbuf.o)
                              /opt/st/stm32cubeide_1.12.1/plugins/com.st.stm32cube.ide.mcu.externaltools.gnu-tools-for-stm32.10.3-2021.10.linux64_1.0.200.202301161003/tools/bin/../lib/gcc/arm-none-eabi/10.3.1/../../../../arm-none-eabi/lib/thumb/v7e-m+fp/hard/libc_nano.a(lib_a-puts.o) (__swbuf_r)
/opt/st/stm32cubeide_1.12.1/plugins/com.st.stm32cube.ide.mcu.externaltools.gnu-tools-for-stm32.10.3-2021.10.linux64_1.0.200.202301161003/tools/bin/../lib/gcc/arm-none-eabi/10.3.1/../../../../arm-none-eabi/lib/thumb/v7e-m+fp/hard/libc_nano.a(lib_a-wsetup.o)
                              /opt/st/stm32cubeide_1.12.1/plugins/com.st.stm32cube.ide.mcu.externaltools.gnu-tools-for-stm32.10.3-2021.10.linux64_1.0.200.202301161003/tools/bin/../lib/gcc/arm-none-eabi/10.3.1/../../../../arm-none-eabi/lib/thumb/v7e-m+fp/hard/libc_nano.a(lib_a-puts.o) (__swsetup_r)
/opt/st/stm32cubeide_1.12.1/plugins/com.st.stm32cube.ide.mcu.externaltools.gnu-tools-for-stm32.10.3-2021.10.linux64_1.0.200.202301161003/tools/bin/../lib/gcc/arm-none-eabi/10.3.1/../../../../arm-none-eabi/lib/thumb/v7e-m+fp/hard/libc_nano.a(lib_a-fflush.o)
[...]
Memory Configuration

Name             Origin             Length             Attributes
RAM              0x0000000020000000 0x0000000000020000 xrw
FLASH            0x0000000008000000 0x0000000000080000 xr
*default*        0x0000000000000000 0xffffffffffffffff

Linker script and memory map

LOAD /opt/st/stm32cubeide_1.12.1/plugins/com.st.stm32cube.ide.mcu.externaltools.gnu-tools-for-stm32.10.3-2021.10.linux64_1.0.200.202301161003/tools/bin/../lib/gcc/arm-none-eabi/10.3.1/thumb/v7e-m+fp/hard/crti.o
LOAD /opt/st/stm32cubeide_1.12.1/plugins/com.st.stm32cube.ide.mcu.externaltools.gnu-tools-for-stm32.10.3-2021.10.linux64_1.0.200.202301161003/tools/bin/../lib/gcc/arm-none-eabi/10.3.1/thumb/v7e-m+fp/hard/crtbegin.o
LOAD /opt/st/stm32cubeide_1.12.1/plugins/com.st.stm32cube.ide.mcu.externaltools.gnu-tools-for-stm32.10.3-2021.10.linux64_1.0.200.202301161003/tools/bin/../lib/gcc/arm-none-eabi/10.3.1/../../../../arm-none-eabi/lib/thumb/v7e-m+fp/hard/crt0.o
LOAD ./Peripherals/Devices/DS18B20_OneWire/ds18b20.o
LOAD ./Peripherals/Gpio/gpio.o
LOAD ./Peripherals/ONEWIRE/one_wire.o
LOAD ./Peripherals/Usart/usart.o
LOAD ./Src/interrupt.o
LOAD ./Src/main.o
LOAD ./Src/syscalls.o
LOAD ./Src/sysmem.o
LOAD ./Src/timer.o
LOAD ./Src/util.o
LOAD ./Startup/startup_stm32f446retx.o
START GROUP
LOAD /opt/st/stm32cubeide_1.12.1/plugins/com.st.stm32cube.ide.mcu.externaltools.gnu-tools-for-stm32.10.3-2021.10.linux64_1.0.200.202301161003/tools/bin/../lib/gcc/arm-none-eabi/10.3.1/../../../../arm-none-eabi/lib/thumb/v7e-m+fp/hard/libc_nano.a
LOAD /opt/st/stm32cubeide_1.12.1/plugins/com.st.stm32cube.ide.mcu.externaltools.gnu-tools-for-stm32.10.3-2021.10.linux64_1.0.200.202301161003/tools/bin/../lib/gcc/arm-none-eabi/10.3.1/../../../../arm-none-eabi/lib/thumb/v7e-m+fp/hard/libm.a
END GROUP
START GROUP
LOAD /opt/st/stm32cubeide_1.12.1/plugins/com.st.stm32cube.ide.mcu.externaltools.gnu-tools-for-stm32.10.3-2021.10.linux64_1.0.200.202301161003/tools/bin/../lib/gcc/arm-none-eabi/10.3.1/thumb/v7e-m+fp/hard/libgcc.a
LOAD /opt/st/stm32cubeide_1.12.1/plugins/com.st.stm32cube.ide.mcu.externaltools.gnu-tools-for-stm32.10.3-2021.10.linux64_1.0.200.202301161003/tools/bin/../lib/gcc/arm-none-eabi/10.3.1/../../../../arm-none-eabi/lib/thumb/v7e-m+fp/hard/libc_nano.a
END GROUP
START GROUP
LOAD /opt/st/stm32cubeide_1.12.1/plugins/com.st.stm32cube.ide.mcu.externaltools.gnu-tools-for-stm32.10.3-2021.10.linux64_1.0.200.202301161003/tools/bin/../lib/gcc/arm-none-eabi/10.3.1/thumb/v7e-m+fp/hard/libgcc.a
LOAD /opt/st/stm32cubeide_1.12.1/plugins/com.st.stm32cube.ide.mcu.externaltools.gnu-tools-for-stm32.10.3-2021.10.linux64_1.0.200.202301161003/tools/bin/../lib/gcc/arm-none-eabi/10.3.1/../../../../arm-none-eabi/lib/thumb/v7e-m+fp/hard/libc_nano.a
LOAD /opt/st/stm32cubeide_1.12.1/plugins/com.st.stm32cube.ide.mcu.externaltools.gnu-tools-for-stm32.10.3-2021.10.linux64_1.0.200.202301161003/tools/bin/../lib/gcc/arm-none-eabi/10.3.1/../../../../arm-none-eabi/lib/thumb/v7e-m+fp/hard/libnosys.a
END GROUP
START GROUP
LOAD /opt/st/stm32cubeide_1.12.1/plugins/com.st.stm32cube.ide.mcu.externaltools.gnu-tools-for-stm32.10.3-2021.10.linux64_1.0.200.202301161003/tools/bin/../lib/gcc/arm-none-eabi/10.3.1/thumb/v7e-m+fp/hard/libgcc.a
LOAD /opt/st/stm32cubeide_1.12.1/plugins/com.st.stm32cube.ide.mcu.externaltools.gnu-tools-for-stm32.10.3-2021.10.linux64_1.0.200.202301161003/tools/bin/../lib/gcc/arm-none-eabi/10.3.1/../../../../arm-none-eabi/lib/thumb/v7e-m+fp/hard/libc_nano.a
LOAD /opt/st/stm32cubeide_1.12.1/plugins/com.st.stm32cube.ide.mcu.externaltools.gnu-tools-for-stm32.10.3-2021.10.linux64_1.0.200.202301161003/tools/bin/../lib/gcc/arm-none-eabi/10.3.1/../../../../arm-none-eabi/lib/thumb/v7e-m+fp/hard/libnosys.a
END GROUP
LOAD /opt/st/stm32cubeide_1.12.1/plugins/com.st.stm32cube.ide.mcu.externaltools.gnu-tools-for-stm32.10.3-2021.10.linux64_1.0.200.202301161003/tools/bin/../lib/gcc/arm-none-eabi/10.3.1/thumb/v7e-m+fp/hard/crtend.o
LOAD /opt/st/stm32cubeide_1.12.1/plugins/com.st.stm32cube.ide.mcu.externaltools.gnu-tools-for-stm32.10.3-2021.10.linux64_1.0.200.202301161003/tools/bin/../lib/gcc/arm-none-eabi/10.3.1/thumb/v7e-m+fp/hard/crtn.o
                0x0000000020020000                _estack = (ORIGIN (RAM) + LENGTH (RAM))
                0x0000000000000200                _Min_Heap_Size = 0x200
                0x0000000000000400                _Min_Stack_Size = 0x400

.isr_vector     0x0000000008000000      0x1c4
                0x0000000008000000                . = ALIGN (0x4)
 *(.isr_vector)
 .isr_vector    0x0000000008000000      0x1c4 ./Startup/startup_stm32f446retx.o
                0x0000000008000000                g_pfnVectors
                0x00000000080001c4                . = ALIGN (0x4)

.text           0x00000000080001d0     0x1b24
                0x00000000080001d0                . = ALIGN (0x4)
 *(.text)
 .text          0x00000000080001d0       0x40 /opt/st/stm32cubeide_1.12.1/plugins/com.st.stm32cube.ide.mcu.externaltools.gnu-tools-for-stm32.10.3-2021.10.linux64_1.0.200.202301161003/tools/bin/../lib/gcc/arm-none-eabi/10.3.1/thumb/v7e-m+fp/hard/crtbegin.o
 .text          0x0000000008000210       0xa0 /opt/st/stm32cubeide_1.12.1/plugins/com.st.stm32cube.ide.mcu.externaltools.gnu-tools-for-stm32.10.3-2021.10.linux64_1.0.200.202301161003/tools/bin/../lib/gcc/arm-none-eabi/10.3.1/../../../../arm-none-eabi/lib/thumb/v7e-m+fp/hard/libc_nano.a(lib_a-memchr.o)
                0x0000000008000210                memchr
 *(.text*)
 .text.Ds18b20_Init
                0x00000000080002b0       0x2c ./Peripherals/Devices/DS18B20_OneWire/ds18b20.o
                0x00000000080002b0                Ds18b20_Init
 .text.Ds18b20_Is_Connected
                0x00000000080002dc       0x44 ./Peripherals/Devices/DS18B20_OneWire/ds18b20.o
                0x00000000080002dc                Ds18b20_Is_Connected
 .text.Ds18b20_Read_Temp
                0x0000000008000320       0x88 ./Peripherals/Devices/DS18B20_OneWire/ds18b20.o
                0x0000000008000320                Ds18b20_Read_Temp
 .text.GPIO_Init
                0x00000000080003a8       0x60 ./Peripherals/Gpio/gpio.o
                0x00000000080003a8                GPIO_Init
 .text.GPIO_SetPin
                0x0000000008000408       0x2a ./Peripherals/Gpio/gpio.o
                0x0000000008000408                GPIO_SetPin
 .text.GPIO_ResetPin
                0x0000000008000432       0x2c ./Peripherals/Gpio/gpio.o
                0x0000000008000432                GPIO_ResetPin
 .text.GPIO_ReadPin
                0x000000000800045e       0x30 ./Peripherals/Gpio/gpio.o
                0x000000000800045e                GPIO_ReadPin
 .text.ONEWIRE_Reset
                0x000000000800048e       0x58 ./Peripherals/ONEWIRE/one_wire.o
                0x000000000800048e                ONEWIRE_Reset
 .text.ONEWIRE_WriteBit0
                0x00000000080004e6       0x38 ./Peripherals/ONEWIRE/one_wire.o
                0x00000000080004e6                ONEWIRE_WriteBit0
 .text.ONEWIRE_WriteBit1
                0x000000000800051e       0x38 ./Peripherals/ONEWIRE/one_wire.o
                0x000000000800051e                ONEWIRE_WriteBit1
 .text.ONEWIRE_WriteByte
                0x0000000008000556       0x58 ./Peripherals/ONEWIRE/one_wire.o
                0x0000000008000556                ONEWIRE_WriteByte
 .text.ONEWIRE_ReadBit
                0x00000000080005ae       0x54 ./Peripherals/ONEWIRE/one_wire.o
                0x00000000080005ae                ONEWIRE_ReadBit
 .text.ONEWIRE_ReadByte
                0x0000000008000602       0x4c ./Peripherals/ONEWIRE/one_wire.o
                0x0000000008000602                ONEWIRE_ReadByte
 *fill*         0x000000000800064e        0x2 
 .text.USART2_Init
                0x0000000008000650       0x74 ./Peripherals/Usart/usart.o
                0x0000000008000650                USART2_Init
 .text.USART2_TransmitChar
                0x00000000080006c4       0x30 ./Peripherals/Usart/usart.o
                0x00000000080006c4                USART2_TransmitChar
 .text.USART2_ReceiveChar
                0x00000000080006f4       0x28 ./Peripherals/Usart/usart.o
                0x00000000080006f4                USART2_ReceiveChar
 .text.SysTick_Handler
                0x000000000800071c       0x1c ./Src/interrupt.o
                0x000000000800071c                SysTick_Handler
 .text.TIM2_IRQHandler
                0x0000000008000738       0x38 ./Src/interrupt.o
                0x0000000008000738                TIM2_IRQHandler
 .text.main     0x0000000008000770      0x134 ./Src/main.o
                0x0000000008000770                main
 .text._read    0x00000000080008a4       0x3a ./Src/syscalls.o
                0x00000000080008a4                _read
 .text._write   0x00000000080008de       0x38 ./Src/syscalls.o
                0x00000000080008de                _write
 .text._close   0x0000000008000916       0x18 ./Src/syscalls.o
                0x0000000008000916                _close
 .text._fstat   0x000000000800092e       0x20 ./Src/syscalls.o
                0x000000000800092e                _fstat
 .text._isatty  0x000000000800094e       0x16 ./Src/syscalls.o
                0x000000000800094e                _isatty
 .text._lseek   0x0000000008000964       0x1a ./Src/syscalls.o
                0x0000000008000964                _lseek
 *fill*         0x000000000800097e        0x2 
 .text._sbrk    0x0000000008000980       0x6c ./Src/sysmem.o
                0x0000000008000980                _sbrk
 .text.__NVIC_EnableIRQ
                0x00000000080009ec       0x3c ./Src/timer.o
 .text.__NVIC_SetPriority
                0x0000000008000a28       0x54 ./Src/timer.o
 .text.SysTick_Config
                0x0000000008000a7c       0x44 ./Src/timer.o
 .text.SYSTICK_Init
                0x0000000008000ac0       0x24 ./Src/timer.o
                0x0000000008000ac0                SYSTICK_Init
 .text.DWT_Init
                0x0000000008000ae4       0x34 ./Src/timer.o
                0x0000000008000ae4                DWT_Init
 .text.DWT_Delay
                0x0000000008000b18       0x6c ./Src/timer.o
                0x0000000008000b18                DWT_Delay
 .text.TIM2TICK_Init
                0x0000000008000b84       0x6c ./Src/timer.o
                0x0000000008000b84                TIM2TICK_Init
 .text.__io_putchar
                0x0000000008000bf0       0x1c ./Src/util.o
                0x0000000008000bf0                __io_putchar
 .text.__io_getchar
                0x0000000008000c0c        0xe ./Src/util.o
                0x0000000008000c0c                __io_getchar
 *fill*         0x0000000008000c1a        0x2 
 .text.Reset_Handler
                0x0000000008000c1c       0x50 ./Startup/startup_stm32f446retx.o
                0x0000000008000c1c                Reset_Handler
 .text.Default_Handler
                0x0000000008000c6c        0x2 ./Startup/startup_stm32f446retx.o
                0x0000000008000c6c                RTC_Alarm_IRQHandler
                0x0000000008000c6c                EXTI2_IRQHandler
                0x0000000008000c6c                TIM8_CC_IRQHandler
                0x0000000008000c6c                SPDIF_Rx_IRQHandler
                0x0000000008000c6c                DebugMon_Handler
                0x0000000008000c6c                SPI4_IRQHandler
                0x0000000008000c6c                TIM1_CC_IRQHandler
                0x0000000008000c6c                QuadSPI_IRQHandler
                0x0000000008000c6c                DMA2_Stream5_IRQHandler
                0x0000000008000c6c                HardFault_Handler
                0x0000000008000c6c                DMA1_Stream5_IRQHandler
                0x0000000008000c6c                PVD_IRQHandler
                0x0000000008000c6c                SDIO_IRQHandler
                0x0000000008000c6c                TAMP_STAMP_IRQHandler
                0x0000000008000c6c                PendSV_Handler
                0x0000000008000c6c                NMI_Handler
                0x0000000008000c6c                CAN2_RX1_IRQHandler
                0x0000000008000c6c                EXTI3_IRQHandler
                0x0000000008000c6c                TIM8_TRG_COM_TIM14_IRQHandler
                0x0000000008000c6c                TIM1_UP_TIM10_IRQHandler
                0x0000000008000c6c                FMPI2C1_error_IRQHandler
                0x0000000008000c6c                TIM8_UP_TIM13_IRQHandler
                0x0000000008000c6c                I2C3_ER_IRQHandler
                0x0000000008000c6c                EXTI0_IRQHandler
                0x0000000008000c6c                I2C2_EV_IRQHandler
                0x0000000008000c6c                DMA1_Stream2_IRQHandler
                0x0000000008000c6c                CAN1_RX0_IRQHandler
                0x0000000008000c6c                OTG_HS_WKUP_IRQHandler
                0x0000000008000c6c                UsageFault_Handler
                0x0000000008000c6c                CAN2_SCE_IRQHandler
                0x0000000008000c6c                DMA2_Stream2_IRQHandler
                0x0000000008000c6c                SPI1_IRQHandler
                0x0000000008000c6c                TIM6_DAC_IRQHandler
                0x0000000008000c6c                TIM1_BRK_TIM9_IRQHandler
                0x0000000008000c6c                DCMI_IRQHandler
                0x0000000008000c6c                CAN2_RX0_IRQHandler
                0x0000000008000c6c                DMA2_Stream3_IRQHandler
                0x0000000008000c6c                FMPI2C1_IRQHandler
                0x0000000008000c6c                SAI2_IRQHandler
                0x0000000008000c6c                USART6_IRQHandler
                0x0000000008000c6c                USART3_IRQHandler
                0x0000000008000c6c                CAN1_RX1_IRQHandler
                0x0000000008000c6c                UART5_IRQHandler
                0x0000000008000c6c                DMA2_Stream0_IRQHandler
                0x0000000008000c6c                TIM4_IRQHandler
                0x0000000008000c6c                I2C1_EV_IRQHandler
                0x0000000008000c6c                HDMI_CEC_IRQHandler
                0x0000000008000c6c                DMA1_Stream6_IRQHandler
                0x0000000008000c6c                DMA1_Stream1_IRQHandler
                0x0000000008000c6c                UART4_IRQHandler
                0x0000000008000c6c                TIM3_IRQHandler
                0x0000000008000c6c                RCC_IRQHandler
                0x0000000008000c6c                TIM8_BRK_TIM12_IRQHandler
                0x0000000008000c6c                Default_Handler
                0x0000000008000c6c                EXTI15_10_IRQHandler
                0x0000000008000c6c                ADC_IRQHandler
                0x0000000008000c6c                DMA1_Stream7_IRQHandler
                0x0000000008000c6c                TIM7_IRQHandler
                0x0000000008000c6c                CAN2_TX_IRQHandler
                0x0000000008000c6c                TIM5_IRQHandler
                0x0000000008000c6c                DMA2_Stream7_IRQHandler
                0x0000000008000c6c                I2C3_EV_IRQHandler
                0x0000000008000c6c                EXTI9_5_IRQHandler
                0x0000000008000c6c                RTC_WKUP_IRQHandler
                0x0000000008000c6c                SPI2_IRQHandler
                0x0000000008000c6c                OTG_HS_EP1_IN_IRQHandler
                0x0000000008000c6c                MemManage_Handler
                0x0000000008000c6c                DMA1_Stream0_IRQHandler
                0x0000000008000c6c                CAN1_TX_IRQHandler
                0x0000000008000c6c                SVC_Handler
                0x0000000008000c6c                EXTI4_IRQHandler
                0x0000000008000c6c                OTG_HS_EP1_OUT_IRQHandler
                0x0000000008000c6c                WWDG_IRQHandler
                0x0000000008000c6c                OTG_FS_WKUP_IRQHandler
                0x0000000008000c6c                TIM1_TRG_COM_TIM11_IRQHandler
                0x0000000008000c6c                OTG_HS_IRQHandler
                0x0000000008000c6c                EXTI1_IRQHandler
                0x0000000008000c6c                USART2_IRQHandler
                0x0000000008000c6c                I2C2_ER_IRQHandler
                0x0000000008000c6c                DMA2_Stream1_IRQHandler
                0x0000000008000c6c                CAN1_SCE_IRQHandler
                0x0000000008000c6c                FLASH_IRQHandler
                0x0000000008000c6c                DMA2_Stream4_IRQHandler
                0x0000000008000c6c                BusFault_Handler
                0x0000000008000c6c                USART1_IRQHandler
                0x0000000008000c6c                OTG_FS_IRQHandler
                0x0000000008000c6c                SPI3_IRQHandler
                0x0000000008000c6c                DMA1_Stream4_IRQHandler
                0x0000000008000c6c                I2C1_ER_IRQHandler
                0x0000000008000c6c                FMC_IRQHandler
                0x0000000008000c6c                DMA2_Stream6_IRQHandler
                0x0000000008000c6c                SAI1_IRQHandler
                0x0000000008000c6c                DMA1_Stream3_IRQHandler
 *fill*         0x0000000008000c6e        0x2 
 .text.__errno  0x0000000008000c70        0xc /opt/st/stm32cubeide_1.12.1/plugins/com.st.stm32cube.ide.mcu.externaltools.gnu-tools-for-stm32.10.3-2021.10.linux64_1.0.200.202301161003/tools/bin/../lib/gcc/arm-none-eabi/10.3.1/../../../../arm-none-eabi/lib/thumb/v7e-m+fp/hard/libc_nano.a(lib_a-errno.o)
                0x0000000008000c70                __errno
 .text.__libc_init_array
                0x0000000008000c7c       0x48 /opt/st/stm32cubeide_1.12.1/plugins/com.st.stm32cube.ide.mcu.externaltools.gnu-tools-for-stm32.10.3-2021.10.linux64_1.0.200.202301161003/tools/bin/../lib/gcc/arm-none-eabi/10.3.1/../../../../arm-none-eabi/lib/thumb/v7e-m+fp/hard/libc_nano.a(lib_a-init.o)
                0x0000000008000c7c                __libc_init_array
 .text.memset   0x0000000008000cc4       0x10 /opt/st/stm32cubeide_1.12.1/plugins/com.st.stm32cube.ide.mcu.externaltools.gnu-tools-for-stm32.10.3-2021.10.linux64_1.0.200.202301161003/tools/bin/../lib/gcc/arm-none-eabi/10.3.1/../../../../arm-none-eabi/lib/thumb/v7e-m+fp/hard/libc_nano.a(lib_a-memset.o)
                0x0000000008000cc4                memset
 .text.printf   0x0000000008000cd4       0x30 /opt/st/stm32cubeide_1.12.1/plugins/com.st.stm32cube.ide.mcu.externaltools.gnu-tools-for-stm32.10.3-2021.10.linux64_1.0.200.202301161003/tools/bin/../lib/gcc/arm-none-eabi/10.3.1/../../../../arm-none-eabi/lib/thumb/v7e-m+fp/hard/libc_nano.a(lib_a-printf.o)
                0x0000000008000cd4                printf
                0x0000000008000cd4                iprintf
 .text._puts_r  0x0000000008000d04       0xdc /opt/st/stm32cubeide_1.12.1/plugins/com.st.stm32cube.ide.mcu.externaltools.gnu-tools-for-stm32.10.3-2021.10.linux64_1.0.200.202301161003/tools/bin/../lib/gcc/arm-none-eabi/10.3.1/../../../../arm-none-eabi/lib/thumb/v7e-m+fp/hard/libc_nano.a(lib_a-puts.o)
                0x0000000008000d04                _puts_r
 .text.puts     0x0000000008000de0       0x10 /opt/st/stm32cubeide_1.12.1/plugins/com.st.stm32cube.ide.mcu.externaltools.gnu-tools-for-stm32.10.3-2021.10.linux64_1.0.200.202301161003/tools/bin/../lib/gcc/arm-none-eabi/10.3.1/../../../../arm-none-eabi/lib/thumb/v7e-m+fp/hard/libc_nano.a(lib_a-puts.o)
                0x0000000008000de0                puts
 .text.__swbuf_r
                0x0000000008000df0       0xa4 /opt/st/stm32cubeide_1.12.1/plugins/com.st.stm32cube.ide.mcu.externaltools.gnu-tools-for-stm32.10.3-2021.10.linux64_1.0.200.202301161003/tools/bin/../lib/gcc/arm-none-eabi/10.3.1/../../../../arm-none-eabi/lib/thumb/v7e-m+fp/hard/libc_nano.a(lib_a-wbuf.o)
                0x0000000008000df0                __swbuf_r
 .text.__swsetup_r
                0x0000000008000e94       0xdc /opt/st/stm32cubeide_1.12.1/plugins/com.st.stm32cube.ide.mcu.externaltools.gnu-tools-for-stm32.10.3-2021.10.linux64_1.0.200.202301161003/tools/bin/../lib/gcc/arm-none-eabi/10.3.1/../../../../arm-none-eabi/lib/thumb/v7e-m+fp/hard/libc_nano.a(lib_a-wsetup.o)
                0x0000000008000e94                __swsetup_r
 .text.__sflush_r
                0x0000000008000f70      0x10c /opt/st/stm32cubeide_1.12.1/plugins/com.st.stm32cube.ide.mcu.externaltools.gnu-tools-for-stm32.10.3-2021.10.linux64_1.0.200.202301161003/tools/bin/../lib/gcc/arm-none-eabi/10.3.1/../../../../arm-none-eabi/lib/thumb/v7e-m+fp/hard/libc_nano.a(lib_a-fflush.o)
                0x0000000008000f70                __sflush_r
 .text._fflush_r
                0x000000000800107c       0x78 /opt/st/stm32cubeide_1.12.1/plugins/com.st.stm32cube.ide.mcu.externaltools.gnu-tools-for-stm32.10.3-2021.10.linux64_1.0.200.202301161003/tools/bin/../lib/gcc/arm-none-eabi/10.3.1/../../../../arm-none-eabi/lib/thumb/v7e-m+fp/hard/libc_nano.a(lib_a-fflush.o)
                0x000000000800107c                _fflush_r
 .text.std      0x00000000080010f4       0x48 /opt/st/stm32cubeide_1.12.1/plugins/com.st.stm32cube.ide.mcu.externaltools.gnu-tools-for-stm32.10.3-2021.10.linux64_1.0.200.202301161003/tools/bin/../lib/gcc/arm-none-eabi/10.3.1/../../../../arm-none-eabi/lib/thumb/v7e-m+fp/hard/libc_nano.a(lib_a-findfp.o)
 .text._cleanup_r
                0x000000000800113c        0xc /opt/st/stm32cubeide_1.12.1/plugins/com.st.stm32cube.ide.mcu.externaltools.gnu-tools-for-stm32.10.3-2021.10.linux64_1.0.200.202301161003/tools/bin/../lib/gcc/arm-none-eabi/10.3.1/../../../../arm-none-eabi/lib/thumb/v7e-m+fp/hard/libc_nano.a(lib_a-findfp.o)
                0x000000000800113c                _cleanup_r
 .text.__sfmoreglue
                0x0000000008001148       0x2c /opt/st/stm32cubeide_1.12.1/plugins/com.st.stm32cube.ide.mcu.externaltools.gnu-tools-for-stm32.10.3-2021.10.linux64_1.0.200.202301161003/tools/bin/../lib/gcc/arm-none-eabi/10.3.1/../../../../arm-none-eabi/lib/thumb/v7e-m+fp/hard/libc_nano.a(lib_a-findfp.o)
                0x0000000008001148                __sfmoreglue
 .text.__sfp_lock_acquire
                0x0000000008001174        0xc /opt/st/stm32cubeide_1.12.1/plugins/com.st.stm32cube.ide.mcu.externaltools.gnu-tools-for-stm32.10.3-2021.10.linux64_1.0.200.202301161003/tools/bin/../lib/gcc/arm-none-eabi/10.3.1/../../../../arm-none-eabi/lib/thumb/v7e-m+fp/hard/libc_nano.a(lib_a-findfp.o)
                0x0000000008001174                __sfp_lock_acquire
 .text.__sfp_lock_release
                0x0000000008001180        0xc /opt/st/stm32cubeide_1.12.1/plugins/com.st.stm32cube.ide.mcu.externaltools.gnu-tools-for-stm32.10.3-2021.10.linux64_1.0.200.202301161003/tools/bin/../lib/gcc/arm-none-eabi/10.3.1/../../../../arm-none-eabi/lib/thumb/v7e-m+fp/hard/libc_nano.a(lib_a-findfp.o)
                0x0000000008001180                __sfp_lock_release
 .text.__sinit_lock_acquire
                0x000000000800118c        0xc /opt/st/stm32cubeide_1.12.1/plugins/com.st.stm32cube.ide.mcu.externaltools.gnu-tools-for-stm32.10.3-2021.10.linux64_1.0.200.202301161003/tools/bin/../lib/gcc/arm-none-eabi/10.3.1/../../../../arm-none-eabi/lib/thumb/v7e-m+fp/hard/libc_nano.a(lib_a-findfp.o)
                0x000000000800118c                __sinit_lock_acquire
 .text.__sinit_lock_release
                0x0000000008001198        0xc /opt/st/stm32cubeide_1.12.1/plugins/com.st.stm32cube.ide.mcu.externaltools.gnu-tools-for-stm32.10.3-2021.10.linux64_1.0.200.202301161003/tools/bin/../lib/gcc/arm-none-eabi/10.3.1/../../../../arm-none-eabi/lib/thumb/v7e-m+fp/hard/libc_nano.a(lib_a-findfp.o)
                0x0000000008001198                __sinit_lock_release
 .text.__sinit  0x00000000080011a4       0x70 /opt/st/stm32cubeide_1.12.1/plugins/com.st.stm32cube.ide.mcu.externaltools.gnu-tools-for-stm32.10.3-2021.10.linux64_1.0.200.202301161003/tools/bin/../lib/gcc/arm-none-eabi/10.3.1/../../../../arm-none-eabi/lib/thumb/v7e-m+fp/hard/libc_nano.a(lib_a-findfp.o)
                0x00000000080011a4                __sinit
 .text.__sfp    0x0000000008001214       0x8c /opt/st/stm32cubeide_1.12.1/plugins/com.st.stm32cube.ide.mcu.externaltools.gnu-tools-for-stm32.10.3-2021.10.linux64_1.0.200.202301161003/tools/bin/../lib/gcc/arm-none-eabi/10.3.1/../../../../arm-none-eabi/lib/thumb/v7e-m+fp/hard/libc_nano.a(lib_a-findfp.o)
                0x0000000008001214                __sfp
 .text._fwalk_reent
                0x00000000080012a0       0x3e /opt/st/stm32cubeide_1.12.1/plugins/com.st.stm32cube.ide.mcu.externaltools.gnu-tools-for-stm32.10.3-2021.10.linux64_1.0.200.202301161003/tools/bin/../lib/gcc/arm-none-eabi/10.3.1/../../../../arm-none-eabi/lib/thumb/v7e-m+fp/hard/libc_nano.a(lib_a-fwalk.o)
                0x00000000080012a0                _fwalk_reent
 .text.__retarget_lock_init_recursive
                0x00000000080012de        0x2 /opt/st/stm32cubeide_1.12.1/plugins/com.st.stm32cube.ide.mcu.externaltools.gnu-tools-for-stm32.10.3-2021.10.linux64_1.0.200.202301161003/tools/bin/../lib/gcc/arm-none-eabi/10.3.1/../../../../arm-none-eabi/lib/thumb/v7e-m+fp/hard/libc_nano.a(lib_a-lock.o)
                0x00000000080012de                __retarget_lock_init_recursive
 .text.__retarget_lock_acquire_recursive
                0x00000000080012e0        0x2 /opt/st/stm32cubeide_1.12.1/plugins/com.st.stm32cube.ide.mcu.externaltools.gnu-tools-for-stm32.10.3-2021.10.linux64_1.0.200.202301161003/tools/bin/../lib/gcc/arm-none-eabi/10.3.1/../../../../arm-none-eabi/lib/thumb/v7e-m+fp/hard/libc_nano.a(lib_a-lock.o)
                0x00000000080012e0                __retarget_lock_acquire_recursive
 .text.__retarget_lock_release_recursive
                0x00000000080012e2        0x2 /opt/st/stm32cubeide_1.12.1/plugins/com.st.stm32cube.ide.mcu.externaltools.gnu-tools-for-stm32.10.3-2021.10.linux64_1.0.200.202301161003/tools/bin/../lib/gcc/arm-none-eabi/10.3.1/../../../../arm-none-eabi/lib/thumb/v7e-m+fp/hard/libc_nano.a(lib_a-lock.o)
                0x00000000080012e2                __retarget_lock_release_recursive
 .text.__swhatbuf_r
                0x00000000080012e4       0x4a /opt/st/stm32cubeide_1.12.1/plugins/com.st.stm32cube.ide.mcu.externaltools.gnu-tools-for-stm32.10.3-2021.10.linux64_1.0.200.202301161003/tools/bin/../lib/gcc/arm-none-eabi/10.3.1/../../../../arm-none-eabi/lib/thumb/v7e-m+fp/hard/libc_nano.a(lib_a-makebuf.o)
                0x00000000080012e4                __swhatbuf_r
 *fill*         0x000000000800132e        0x2 
 .text.__smakebuf_r
                0x0000000008001330       0x80 /opt/st/stm32cubeide_1.12.1/plugins/com.st.stm32cube.ide.mcu.externaltools.gnu-tools-for-stm32.10.3-2021.10.linux64_1.0.200.202301161003/tools/bin/../lib/gcc/arm-none-eabi/10.3.1/../../../../arm-none-eabi/lib/thumb/v7e-m+fp/hard/libc_nano.a(lib_a-makebuf.o)
                0x0000000008001330                __smakebuf_r
 .text._free_r  0x00000000080013b0       0x98 /opt/st/stm32cubeide_1.12.1/plugins/com.st.stm32cube.ide.mcu.externaltools.gnu-tools-for-stm32.10.3-2021.10.linux64_1.0.200.202301161003/tools/bin/../lib/gcc/arm-none-eabi/10.3.1/../../../../arm-none-eabi/lib/thumb/v7e-m+fp/hard/libc_nano.a(lib_a-nano-freer.o)
                0x00000000080013b0                _free_r
 .text.sbrk_aligned
                0x0000000008001448       0x40 /opt/st/stm32cubeide_1.12.1/plugins/com.st.stm32cube.ide.mcu.externaltools.gnu-tools-for-stm32.10.3-2021.10.linux64_1.0.200.202301161003/tools/bin/../lib/gcc/arm-none-eabi/10.3.1/../../../../arm-none-eabi/lib/thumb/v7e-m+fp/hard/libc_nano.a(lib_a-nano-mallocr.o)
 .text._malloc_r
                0x0000000008001488       0xe8 /opt/st/stm32cubeide_1.12.1/plugins/com.st.stm32cube.ide.mcu.externaltools.gnu-tools-for-stm32.10.3-2021.10.linux64_1.0.200.202301161003/tools/bin/../lib/gcc/arm-none-eabi/10.3.1/../../../../arm-none-eabi/lib/thumb/v7e-m+fp/hard/libc_nano.a(lib_a-nano-mallocr.o)
                0x0000000008001488                _malloc_r
 .text.__sfputc_r
                0x0000000008001570       0x2e /opt/st/stm32cubeide_1.12.1/plugins/com.st.stm32cube.ide.mcu.externaltools.gnu-tools-for-stm32.10.3-2021.10.linux64_1.0.200.202301161003/tools/bin/../lib/gcc/arm-none-eabi/10.3.1/../../../../arm-none-eabi/lib/thumb/v7e-m+fp/hard/libc_nano.a(lib_a-nano-vfprintf.o)
 .text.__sfputs_r
                0x000000000800159e       0x24 /opt/st/stm32cubeide_1.12.1/plugins/com.st.stm32cube.ide.mcu.externaltools.gnu-tools-for-stm32.10.3-2021.10.linux64_1.0.200.202301161003/tools/bin/../lib/gcc/arm-none-eabi/10.3.1/../../../../arm-none-eabi/lib/thumb/v7e-m+fp/hard/libc_nano.a(lib_a-nano-vfprintf.o)
                0x000000000800159e                __sfputs_r
 *fill*         0x00000000080015c2        0x2 
 .text._vfprintf_r
                0x00000000080015c4      0x260 /opt/st/stm32cubeide_1.12.1/plugins/com.st.stm32cube.ide.mcu.externaltools.gnu-tools-for-stm32.10.3-2021.10.linux64_1.0.200.202301161003/tools/bin/../lib/gcc/arm-none-eabi/10.3.1/../../../../arm-none-eabi/lib/thumb/v7e-m+fp/hard/libc_nano.a(lib_a-nano-vfprintf.o)
                0x00000000080015c4                _vfiprintf_r
                0x00000000080015c4                _vfprintf_r
 .text._printf_common
                0x0000000008001824       0xda /opt/st/stm32cubeide_1.12.1/plugins/com.st.stm32cube.ide.mcu.externaltools.gnu-tools-for-stm32.10.3-2021.10.linux64_1.0.200.202301161003/tools/bin/../lib/gcc/arm-none-eabi/10.3.1/../../../../arm-none-eabi/lib/thumb/v7e-m+fp/hard/libc_nano.a(lib_a-nano-vfprintf_i.o)
                0x0000000008001824                _printf_common
 *fill*         0x00000000080018fe        0x2 
 .text._printf_i
                0x0000000008001900      0x24c /opt/st/stm32cubeide_1.12.1/plugins/com.st.stm32cube.ide.mcu.externaltools.gnu-tools-for-stm32.10.3-2021.10.linux64_1.0.200.202301161003/tools/bin/../lib/gcc/arm-none-eabi/10.3.1/../../../../arm-none-eabi/lib/thumb/v7e-m+fp/hard/libc_nano.a(lib_a-nano-vfprintf_i.o)
                0x0000000008001900                _printf_i
 .text._sbrk_r  0x0000000008001b4c       0x20 /opt/st/stm32cubeide_1.12.1/plugins/com.st.stm32cube.ide.mcu.externaltools.gnu-tools-for-stm32.10.3-2021.10.linux64_1.0.200.202301161003/tools/bin/../lib/gcc/arm-none-eabi/10.3.1/../../../../arm-none-eabi/lib/thumb/v7e-m+fp/hard/libc_nano.a(lib_a-sbrkr.o)
                0x0000000008001b4c                _sbrk_r
 .text.__sread  0x0000000008001b6c       0x22 /opt/st/stm32cubeide_1.12.1/plugins/com.st.stm32cube.ide.mcu.externaltools.gnu-tools-for-stm32.10.3-2021.10.linux64_1.0.200.202301161003/tools/bin/../lib/gcc/arm-none-eabi/10.3.1/../../../../arm-none-eabi/lib/thumb/v7e-m+fp/hard/libc_nano.a(lib_a-stdio.o)
                0x0000000008001b6c                __sread
 .text.__swrite
                0x0000000008001b8e       0x38 /opt/st/stm32cubeide_1.12.1/plugins/com.st.stm32cube.ide.mcu.externaltools.gnu-tools-for-stm32.10.3-2021.10.linux64_1.0.200.202301161003/tools/bin/../lib/gcc/arm-none-eabi/10.3.1/../../../../arm-none-eabi/lib/thumb/v7e-m+fp/hard/libc_nano.a(lib_a-stdio.o)
                0x0000000008001b8e                __swrite
 .text.__sseek  0x0000000008001bc6       0x24 /opt/st/stm32cubeide_1.12.1/plugins/com.st.stm32cube.ide.mcu.externaltools.gnu-tools-for-stm32.10.3-2021.10.linux64_1.0.200.202301161003/tools/bin/../lib/gcc/arm-none-eabi/10.3.1/../../../../arm-none-eabi/lib/thumb/v7e-m+fp/hard/libc_nano.a(lib_a-stdio.o)
                0x0000000008001bc6                __sseek
 .text.__sclose
                0x0000000008001bea        0x8 /opt/st/stm32cubeide_1.12.1/plugins/com.st.stm32cube.ide.mcu.externaltools.gnu-tools-for-stm32.10.3-2021.10.linux64_1.0.200.202301161003/tools/bin/../lib/gcc/arm-none-eabi/10.3.1/../../../../arm-none-eabi/lib/thumb/v7e-m+fp/hard/libc_nano.a(lib_a-stdio.o)
                0x0000000008001bea                __sclose
 *fill*         0x0000000008001bf2        0x2 
 .text._write_r
                0x0000000008001bf4       0x24 /opt/st/stm32cubeide_1.12.1/plugins/com.st.stm32cube.ide.mcu.externaltools.gnu-tools-for-stm32.10.3-2021.10.linux64_1.0.200.202301161003/tools/bin/../lib/gcc/arm-none-eabi/10.3.1/../../../../arm-none-eabi/lib/thumb/v7e-m+fp/hard/libc_nano.a(lib_a-writer.o)
                0x0000000008001bf4                _write_r
 .text._close_r
                0x0000000008001c18       0x20 /opt/st/stm32cubeide_1.12.1/plugins/com.st.stm32cube.ide.mcu.externaltools.gnu-tools-for-stm32.10.3-2021.10.linux64_1.0.200.202301161003/tools/bin/../lib/gcc/arm-none-eabi/10.3.1/../../../../arm-none-eabi/lib/thumb/v7e-m+fp/hard/libc_nano.a(lib_a-closer.o)
                0x0000000008001c18                _close_r
 .text._fstat_r
                0x0000000008001c38       0x24 /opt/st/stm32cubeide_1.12.1/plugins/com.st.stm32cube.ide.mcu.externaltools.gnu-tools-for-stm32.10.3-2021.10.linux64_1.0.200.202301161003/tools/bin/../lib/gcc/arm-none-eabi/10.3.1/../../../../arm-none-eabi/lib/thumb/v7e-m+fp/hard/libc_nano.a(lib_a-fstatr.o)
                0x0000000008001c38                _fstat_r
 .text._isatty_r
                0x0000000008001c5c       0x20 /opt/st/stm32cubeide_1.12.1/plugins/com.st.stm32cube.ide.mcu.externaltools.gnu-tools-for-stm32.10.3-2021.10.linux64_1.0.200.202301161003/tools/bin/../lib/gcc/arm-none-eabi/10.3.1/../../../../arm-none-eabi/lib/thumb/v7e-m+fp/hard/libc_nano.a(lib_a-isattyr.o)
                0x0000000008001c5c                _isatty_r
 .text._lseek_r
                0x0000000008001c7c       0x24 /opt/st/stm32cubeide_1.12.1/plugins/com.st.stm32cube.ide.mcu.externaltools.gnu-tools-for-stm32.10.3-2021.10.linux64_1.0.200.202301161003/tools/bin/../lib/gcc/arm-none-eabi/10.3.1/../../../../arm-none-eabi/lib/thumb/v7e-m+fp/hard/libc_nano.a(lib_a-lseekr.o)
                0x0000000008001c7c                _lseek_r
 .text.__malloc_lock
                0x0000000008001ca0        0xc /opt/st/stm32cubeide_1.12.1/plugins/com.st.stm32cube.ide.mcu.externaltools.gnu-tools-for-stm32.10.3-2021.10.linux64_1.0.200.202301161003/tools/bin/../lib/gcc/arm-none-eabi/10.3.1/../../../../arm-none-eabi/lib/thumb/v7e-m+fp/hard/libc_nano.a(lib_a-mlock.o)
                0x0000000008001ca0                __malloc_lock
 .text.__malloc_unlock
                0x0000000008001cac        0xc /opt/st/stm32cubeide_1.12.1/plugins/com.st.stm32cube.ide.mcu.externaltools.gnu-tools-for-stm32.10.3-2021.10.linux64_1.0.200.202301161003/tools/bin/../lib/gcc/arm-none-eabi/10.3.1/../../../../arm-none-eabi/lib/thumb/v7e-m+fp/hard/libc_nano.a(lib_a-mlock.o)
                0x0000000008001cac                __malloc_unlock
 .text._read_r  0x0000000008001cb8       0x24 /opt/st/stm32cubeide_1.12.1/plugins/com.st.stm32cube.ide.mcu.externaltools.gnu-tools-for-stm32.10.3-2021.10.linux64_1.0.200.202301161003/tools/bin/../lib/gcc/arm-none-eabi/10.3.1/../../../../arm-none-eabi/lib/thumb/v7e-m+fp/hard/libc_nano.a(lib_a-readr.o)
                0x0000000008001cb8                _read_r
 *(.glue_7)
 .glue_7        0x0000000008001cdc        0x0 linker stubs
 *(.glue_7t)
 .glue_7t       0x0000000008001cdc        0x0 linker stubs
 *(.eh_frame)
 .eh_frame      0x0000000008001cdc        0x0 /opt/st/stm32cubeide_1.12.1/plugins/com.st.stm32cube.ide.mcu.externaltools.gnu-tools-for-stm32.10.3-2021.10.linux64_1.0.200.202301161003/tools/bin/../lib/gcc/arm-none-eabi/10.3.1/thumb/v7e-m+fp/hard/crtbegin.o
 *(.init)
 .init          0x0000000008001cdc        0x4 /opt/st/stm32cubeide_1.12.1/plugins/com.st.stm32cube.ide.mcu.externaltools.gnu-tools-for-stm32.10.3-2021.10.linux64_1.0.200.202301161003/tools/bin/../lib/gcc/arm-none-eabi/10.3.1/thumb/v7e-m+fp/hard/crti.o
                0x0000000008001cdc                _init
 .init          0x0000000008001ce0        0x8 /opt/st/stm32cubeide_1.12.1/plugins/com.st.stm32cube.ide.mcu.externaltools.gnu-tools-for-stm32.10.3-2021.10.linux64_1.0.200.202301161003/tools/bin/../lib/gcc/arm-none-eabi/10.3.1/thumb/v7e-m+fp/hard/crtn.o
 *(.fini)
 .fini          0x0000000008001ce8        0x4 /opt/st/stm32cubeide_1.12.1/plugins/com.st.stm32cube.ide.mcu.externaltools.gnu-tools-for-stm32.10.3-2021.10.linux64_1.0.200.202301161003/tools/bin/../lib/gcc/arm-none-eabi/10.3.1/thumb/v7e-m+fp/hard/crti.o
                0x0000000008001ce8                _fini
 .fini          0x0000000008001cec        0x8 /opt/st/stm32cubeide_1.12.1/plugins/com.st.stm32cube.ide.mcu.externaltools.gnu-tools-for-stm32.10.3-2021.10.linux64_1.0.200.202301161003/tools/bin/../lib/gcc/arm-none-eabi/10.3.1/thumb/v7e-m+fp/hard/crtn.o
                0x0000000008001cf4                . = ALIGN (0x4)
                0x0000000008001cf4                _etext = .

.vfp11_veneer   0x0000000008001cf4        0x0
 .vfp11_veneer  0x0000000008001cf4        0x0 linker stubs

.v4_bx          0x0000000008001cf4        0x0
 .v4_bx         0x0000000008001cf4        0x0 linker stubs

.iplt           0x0000000008001cf4        0x0
 .iplt          0x0000000008001cf4        0x0 /opt/st/stm32cubeide_1.12.1/plugins/com.st.stm32cube.ide.mcu.externaltools.gnu-tools-for-stm32.10.3-2021.10.linux64_1.0.200.202301161003/tools/bin/../lib/gcc/arm-none-eabi/10.3.1/thumb/v7e-m+fp/hard/crtbegin.o

.rodata         0x0000000008001cf4       0xd4
                0x0000000008001cf4                . = ALIGN (0x4)
 *(.rodata)
 .rodata        0x0000000008001cf4       0x27 ./Peripherals/Devices/DS18B20_OneWire/ds18b20.o
 *fill*         0x0000000008001d1b        0x1 
 .rodata        0x0000000008001d1c       0x14 ./Src/main.o
 *(.rodata*)
 .rodata._global_impure_ptr
                0x0000000008001d30        0x4 /opt/st/stm32cubeide_1.12.1/plugins/com.st.stm32cube.ide.mcu.externaltools.gnu-tools-for-stm32.10.3-2021.10.linux64_1.0.200.202301161003/tools/bin/../lib/gcc/arm-none-eabi/10.3.1/../../../../arm-none-eabi/lib/thumb/v7e-m+fp/hard/libc_nano.a(lib_a-impure.o)
                0x0000000008001d30                _global_impure_ptr
 .rodata.__sf_fake_stderr
                0x0000000008001d34       0x20 /opt/st/stm32cubeide_1.12.1/plugins/com.st.stm32cube.ide.mcu.externaltools.gnu-tools-for-stm32.10.3-2021.10.linux64_1.0.200.202301161003/tools/bin/../lib/gcc/arm-none-eabi/10.3.1/../../../../arm-none-eabi/lib/thumb/v7e-m+fp/hard/libc_nano.a(lib_a-findfp.o)
                0x0000000008001d34                __sf_fake_stderr
 .rodata.__sf_fake_stdin
                0x0000000008001d54       0x20 /opt/st/stm32cubeide_1.12.1/plugins/com.st.stm32cube.ide.mcu.externaltools.gnu-tools-for-stm32.10.3-2021.10.linux64_1.0.200.202301161003/tools/bin/../lib/gcc/arm-none-eabi/10.3.1/../../../../arm-none-eabi/lib/thumb/v7e-m+fp/hard/libc_nano.a(lib_a-findfp.o)
                0x0000000008001d54                __sf_fake_stdin
 .rodata.__sf_fake_stdout
                0x0000000008001d74       0x20 /opt/st/stm32cubeide_1.12.1/plugins/com.st.stm32cube.ide.mcu.externaltools.gnu-tools-for-stm32.10.3-2021.10.linux64_1.0.200.202301161003/tools/bin/../lib/gcc/arm-none-eabi/10.3.1/../../../../arm-none-eabi/lib/thumb/v7e-m+fp/hard/libc_nano.a(lib_a-findfp.o)
                0x0000000008001d74                __sf_fake_stdout
 .rodata._vfprintf_r.str1.1
                0x0000000008001d94       0x11 /opt/st/stm32cubeide_1.12.1/plugins/com.st.stm32cube.ide.mcu.externaltools.gnu-tools-for-stm32.10.3-2021.10.linux64_1.0.200.202301161003/tools/bin/../lib/gcc/arm-none-eabi/10.3.1/../../../../arm-none-eabi/lib/thumb/v7e-m+fp/hard/libc_nano.a(lib_a-nano-vfprintf.o)
 .rodata._printf_i.str1.1
                0x0000000008001da5       0x22 /opt/st/stm32cubeide_1.12.1/plugins/com.st.stm32cube.ide.mcu.externaltools.gnu-tools-for-stm32.10.3-2021.10.linux64_1.0.200.202301161003/tools/bin/../lib/gcc/arm-none-eabi/10.3.1/../../../../arm-none-eabi/lib/thumb/v7e-m+fp/hard/libc_nano.a(lib_a-nano-vfprintf_i.o)
                0x0000000008001dc8                . = ALIGN (0x4)
 *fill*         0x0000000008001dc7        0x1 

.rel.dyn        0x0000000008001dc8        0x0
 .rel.iplt      0x0000000008001dc8        0x0 /opt/st/stm32cubeide_1.12.1/plugins/com.st.stm32cube.ide.mcu.externaltools.gnu-tools-for-stm32.10.3-2021.10.linux64_1.0.200.202301161003/tools/bin/../lib/gcc/arm-none-eabi/10.3.1/thumb/v7e-m+fp/hard/crtbegin.o

.ARM.extab      0x0000000008001dc8        0x0
                0x0000000008001dc8                . = ALIGN (0x4)
 *(.ARM.extab* .gnu.linkonce.armextab.*)
                0x0000000008001dc8                . = ALIGN (0x4)

.ARM            0x0000000008001dc8        0x0
                0x0000000008001dc8                . = ALIGN (0x4)
                0x0000000008001dc8                __exidx_start = .
 *(.ARM.exidx*)
                0x0000000008001dc8                __exidx_end = .
                0x0000000008001dc8                . = ALIGN (0x4)

.preinit_array  0x0000000008001dc8        0x0
                0x0000000008001dc8                . = ALIGN (0x4)
                0x0000000008001dc8                PROVIDE (__preinit_array_start = .)
 *(.preinit_array*)
                0x0000000008001dc8                PROVIDE (__preinit_array_end = .)
                0x0000000008001dc8                . = ALIGN (0x4)

.init_array     0x0000000008001dc8        0x4
                0x0000000008001dc8                . = ALIGN (0x4)
                0x0000000008001dc8                PROVIDE (__init_array_start = .)
 *(SORT_BY_NAME(.init_array.*))
 *(.init_array*)
 .init_array    0x0000000008001dc8        0x4 /opt/st/stm32cubeide_1.12.1/plugins/com.st.stm32cube.ide.mcu.externaltools.gnu-tools-for-stm32.10.3-2021.10.linux64_1.0.200.202301161003/tools/bin/../lib/gcc/arm-none-eabi/10.3.1/thumb/v7e-m+fp/hard/crtbegin.o
                0x0000000008001dcc                PROVIDE (__init_array_end = .)
                0x0000000008001dcc                . = ALIGN (0x4)

.fini_array     0x0000000008001dcc        0x4
                0x0000000008001dcc                . = ALIGN (0x4)
                [!provide]                        PROVIDE (__fini_array_start = .)
 *(SORT_BY_NAME(.fini_array.*))
 *(.fini_array*)
 .fini_array    0x0000000008001dcc        0x4 /opt/st/stm32cubeide_1.12.1/plugins/com.st.stm32cube.ide.mcu.externaltools.gnu-tools-for-stm32.10.3-2021.10.linux64_1.0.200.202301161003/tools/bin/../lib/gcc/arm-none-eabi/10.3.1/thumb/v7e-m+fp/hard/crtbegin.o
                [!provide]                        PROVIDE (__fini_array_end = .)
                0x0000000008001dd0                . = ALIGN (0x4)
                0x0000000008001dd0                _sidata = LOADADDR (.data)

.data           0x0000000020000000       0x68 load address 0x0000000008001dd0
                0x0000000020000000                . = ALIGN (0x4)
                0x0000000020000000                _sdata = .
 *(.data)
 *(.data*)
 .data.SystemCoreClock
                0x0000000020000000        0x4 ./Src/timer.o
                0x0000000020000000                SystemCoreClock
 .data._impure_ptr
                0x0000000020000004        0x4 /opt/st/stm32cubeide_1.12.1/plugins/com.st.stm32cube.ide.mcu.externaltools.gnu-tools-for-stm32.10.3-2021.10.linux64_1.0.200.202301161003/tools/bin/../lib/gcc/arm-none-eabi/10.3.1/../../../../arm-none-eabi/lib/thumb/v7e-m+fp/hard/libc_nano.a(lib_a-impure.o)
                0x0000000020000004                _impure_ptr
 .data.impure_data
                0x0000000020000008       0x60 /opt/st/stm32cubeide_1.12.1/plugins/com.st.stm32cube.ide.mcu.externaltools.gnu-tools-for-stm32.10.3-2021.10.linux64_1.0.200.202301161003/tools/bin/../lib/gcc/arm-none-eabi/10.3.1/../../../../arm-none-eabi/lib/thumb/v7e-m+fp/hard/libc_nano.a(lib_a-impure.o)
 *(.RamFunc)
 *(.RamFunc*)
                0x0000000020000068                . = ALIGN (0x4)
                0x0000000020000068                _edata = .

.igot.plt       0x0000000020000068        0x0 load address 0x0000000008001e38
 .igot.plt      0x0000000020000068        0x0 /opt/st/stm32cubeide_1.12.1/plugins/com.st.stm32cube.ide.mcu.externaltools.gnu-tools-for-stm32.10.3-2021.10.linux64_1.0.200.202301161003/tools/bin/../lib/gcc/arm-none-eabi/10.3.1/thumb/v7e-m+fp/hard/crtbegin.o
                0x0000000020000068                . = ALIGN (0x4)

.bss            0x0000000020000068       0x48 load address 0x0000000008001e38
                0x0000000020000068                _sbss = .
                0x0000000020000068                __bss_start__ = _sbss
 *(.bss)
 .bss           0x0000000020000068       0x1c /opt/st/stm32cubeide_1.12.1/plugins/com.st.stm32cube.ide.mcu.externaltools.gnu-tools-for-stm32.10.3-2021.10.linux64_1.0.200.202301161003/tools/bin/../lib/gcc/arm-none-eabi/10.3.1/thumb/v7e-m+fp/hard/crtbegin.o
 *(.bss*)
 .bss.PINOUT    0x0000000020000084        0x8 ./Src/main.o
                0x0000000020000084                PINOUT
 .bss.Bytes_recive
                0x000000002000008c        0x9 ./Src/main.o
                0x000000002000008c                Bytes_recive
 .bss.Flag      0x0000000020000095        0x1 ./Src/main.o
                0x0000000020000095                Flag
 *fill*         0x0000000020000096        0x2 
 .bss.__sbrk_heap_end
                0x0000000020000098        0x4 ./Src/sysmem.o
 .bss.ticks     0x000000002000009c        0x4 ./Src/timer.o
                0x000000002000009c                ticks
 .bss.__lock___malloc_recursive_mutex
                0x00000000200000a0        0x1 /opt/st/stm32cubeide_1.12.1/plugins/com.st.stm32cube.ide.mcu.externaltools.gnu-tools-for-stm32.10.3-2021.10.linux64_1.0.200.202301161003/tools/bin/../lib/gcc/arm-none-eabi/10.3.1/../../../../arm-none-eabi/lib/thumb/v7e-m+fp/hard/libc_nano.a(lib_a-lock.o)
                0x00000000200000a0                __lock___malloc_recursive_mutex
 .bss.__lock___sfp_recursive_mutex
                0x00000000200000a1        0x1 /opt/st/stm32cubeide_1.12.1/plugins/com.st.stm32cube.ide.mcu.externaltools.gnu-tools-for-stm32.10.3-2021.10.linux64_1.0.200.202301161003/tools/bin/../lib/gcc/arm-none-eabi/10.3.1/../../../../arm-none-eabi/lib/thumb/v7e-m+fp/hard/libc_nano.a(lib_a-lock.o)
                0x00000000200000a1                __lock___sfp_recursive_mutex
 .bss.__lock___sinit_recursive_mutex
                0x00000000200000a2        0x1 /opt/st/stm32cubeide_1.12.1/plugins/com.st.stm32cube.ide.mcu.externaltools.gnu-tools-for-stm32.10.3-2021.10.linux64_1.0.200.202301161003/tools/bin/../lib/gcc/arm-none-eabi/10.3.1/../../../../arm-none-eabi/lib/thumb/v7e-m+fp/hard/libc_nano.a(lib_a-lock.o)
                0x00000000200000a2                __lock___sinit_recursive_mutex
 *fill*         0x00000000200000a3        0x1 
 .bss.__malloc_free_list
                0x00000000200000a4        0x4 /opt/st/stm32cubeide_1.12.1/plugins/com.st.stm32cube.ide.mcu.externaltools.gnu-tools-for-stm32.10.3-2021.10.linux64_1.0.200.202301161003/tools/bin/../lib/gcc/arm-none-eabi/10.3.1/../../../../arm-none-eabi/lib/thumb/v7e-m+fp/hard/libc_nano.a(lib_a-nano-mallocr.o)
                0x00000000200000a4                __malloc_free_list
 .bss.__malloc_sbrk_start
                0x00000000200000a8        0x4 /opt/st/stm32cubeide_1.12.1/plugins/com.st.stm32cube.ide.mcu.externaltools.gnu-tools-for-stm32.10.3-2021.10.linux64_1.0.200.202301161003/tools/bin/../lib/gcc/arm-none-eabi/10.3.1/../../../../arm-none-eabi/lib/thumb/v7e-m+fp/hard/libc_nano.a(lib_a-nano-mallocr.o)
                0x00000000200000a8                __malloc_sbrk_start
 .bss.errno     0x00000000200000ac        0x4 /opt/st/stm32cubeide_1.12.1/plugins/com.st.stm32cube.ide.mcu.externaltools.gnu-tools-for-stm32.10.3-2021.10.linux64_1.0.200.202301161003/tools/bin/../lib/gcc/arm-none-eabi/10.3.1/../../../../arm-none-eabi/lib/thumb/v7e-m+fp/hard/libc_nano.a(lib_a-reent.o)
                0x00000000200000ac                errno
 *(COMMON)
                0x00000000200000b0                . = ALIGN (0x4)
                0x00000000200000b0                _ebss = .
                0x00000000200000b0                __bss_end__ = _ebss

._user_heap_stack
                0x00000000200000b0      0x600 load address 0x0000000008001e38
                0x00000000200000b0                . = ALIGN (0x8)
                [!provide]                        PROVIDE (end = .)
                0x00000000200000b0                PROVIDE (_end = .)
                0x00000000200002b0                . = (. + _Min_Heap_Size)
 *fill*         0x00000000200000b0      0x200 
                0x00000000200006b0                . = (. + _Min_Stack_Size)
 *fill*         0x00000000200002b0      0x400 
                0x00000000200006b0                . = ALIGN (0x8)

/DISCARD/
 libc.a(*)
 libm.a(*)
 libgcc.a(*)

.ARM.attributes
                0x0000000000000000       0x30
 *(.ARM.attributes)
 .ARM.attributes
                0x0000000000000000       0x1e /opt/st/stm32cubeide_1.12.1/plugins/com.st.stm32cube.ide.mcu.externaltools.gnu-tools-for-stm32.10.3-2021.10.linux64_1.0.200.202301161003/tools/bin/../lib/gcc/arm-none-eabi/10.3.1/thumb/v7e-m+fp/hard/crti.o
 .ARM.attributes
                0x000000000000001e       0x34 /opt/st/stm32cubeide_1.12.1/plugins/com.st.stm32cube.ide.mcu.externaltools.gnu-tools-for-stm32.10.3-2021.10.linux64_1.0.200.202301161003/tools/bin/../lib/gcc/arm-none-eabi/10.3.1/thumb/v7e-m+fp/hard/crtbegin.o
 .ARM.attributes
                0x0000000000000052       0x34 ./Peripherals/Devices/DS18B20_OneWire/ds18b20.o
 .ARM.attributes
                0x0000000000000086       0x34 ./Peripherals/Gpio/gpio.o
 .ARM.attributes
                0x00000000000000ba       0x34 ./Peripherals/ONEWIRE/one_wire.o
 .ARM.attributes
                0x00000000000000ee       0x34 ./Peripherals/Usart/usart.o
 .ARM.attributes
                0x0000000000000122       0x34 ./Src/interrupt.o
 .ARM.attributes
                0x0000000000000156       0x34 ./Src/main.o
 .ARM.attributes
                0x000000000000018a       0x34 ./Src/syscalls.o
 .ARM.attributes
                0x00000000000001be       0x34 ./Src/sysmem.o
 .ARM.attributes
                0x00000000000001f2       0x34 ./Src/timer.o
 .ARM.attributes
                0x0000000000000226       0x34 ./Src/util.o
 .ARM.attributes
                0x000000000000025a       0x21 ./Startup/startup_stm32f446retx.o
 .ARM.attributes
                0x000000000000027b       0x34 /opt/st/stm32cubeide_1.12.1/plugins/com.st.stm32cube.ide.mcu.externaltools.gnu-tools-for-stm32.10.3-2021.10.linux64_1.0.200.202301161003/tools/bin/../lib/gcc/arm-none-eabi/10.3.1/../../../../arm-none-eabi/lib/thumb/v7e-m+fp/hard/libc_nano.a(lib_a-errno.o)
 .ARM.attributes
                0x00000000000002af       0x34 /opt/st/stm32cubeide_1.12.1/plugins/com.st.stm32cube.ide.mcu.externaltools.gnu-tools-for-stm32.10.3-2021.10.linux64_1.0.200.202301161003/tools/bin/../lib/gcc/arm-none-eabi/10.3.1/../../../../arm-none-eabi/lib/thumb/v7e-m+fp/hard/libc_nano.a(lib_a-impure.o)
 .ARM.attributes
                0x00000000000002e3       0x34 /opt/st/stm32cubeide_1.12.1/plugins/com.st.stm32cube.ide.mcu.externaltools.gnu-tools-for-stm32.10.3-2021.10.linux64_1.0.200.202301161003/tools/bin/../lib/gcc/arm-none-eabi/10.3.1/../../../../arm-none-eabi/lib/thumb/v7e-m+fp/hard/libc_nano.a(lib_a-init.o)
 .ARM.attributes
                0x0000000000000317       0x34 /opt/st/stm32cubeide_1.12.1/plugins/com.st.stm32cube.ide.mcu.externaltools.gnu-tools-for-stm32.10.3-2021.10.linux64_1.0.200.202301161003/tools/bin/../lib/gcc/arm-none-eabi/10.3.1/../../../../arm-none-eabi/lib/thumb/v7e-m+fp/hard/libc_nano.a(lib_a-memset.o)
 .ARM.attributes
                0x000000000000034b       0x34 /opt/st/stm32cubeide_1.12.1/plugins/com.st.stm32cube.ide.mcu.externaltools.gnu-tools-for-stm32.10.3-2021.10.linux64_1.0.200.202301161003/tools/bin/../lib/gcc/arm-none-eabi/10.3.1/../../../../arm-none-eabi/lib/thumb/v7e-m+fp/hard/libc_nano.a(lib_a-printf.o)
 .ARM.attributes
                0x000000000000037f       0x34 /opt/st/stm32cubeide_1.12.1/plugins/com.st.stm32cube.ide.mcu.externaltools.gnu-tools-for-stm32.10.3-2021.10.linux64_1.0.200.202301161003/tools/bin/../lib/gcc/arm-none-eabi/10.3.1/../../../../arm-none-eabi/lib/thumb/v7e-m+fp/hard/libc_nano.a(lib_a-puts.o)
 .ARM.attributes
                0x00000000000003b3       0x34 /opt/st/stm32cubeide_1.12.1/plugins/com.st.stm32cube.ide.mcu.externaltools.gnu-tools-for-stm32.10.3-2021.10.linux64_1.0.200.202301161003/tools/bin/../lib/gcc/arm-none-eabi/10.3.1/../../../../arm-none-eabi/lib/thumb/v7e-m+fp/hard/libc_nano.a(lib_a-wbuf.o)
 .ARM.attributes
                0x00000000000003e7       0x34 /opt/st/stm32cubeide_1.12.1/plugins/com.st.stm32cube.ide.mcu.externaltools.gnu-tools-for-stm32.10.3-2021.10.linux64_1.0.200.202301161003/tools/bin/../lib/gcc/arm-none-eabi/10.3.1/../../../../arm-none-eabi/lib/thumb/v7e-m+fp/hard/libc_nano.a(lib_a-wsetup.o)
 .ARM.attributes
                0x000000000000041b       0x34 /opt/st/stm32cubeide_1.12.1/plugins/com.st.stm32cube.ide.mcu.externaltools.gnu-tools-for-stm32.10.3-2021.10.linux64_1.0.200.202301161003/tools/bin/../lib/gcc/arm-none-eabi/10.3.1/../../../../arm-none-eabi/lib/thumb/v7e-m+fp/hard/libc_nano.a(lib_a-fflush.o)
 .ARM.attributes
                0x000000000000044f       0x34 /opt/st/stm32cubeide_1.12.1/plugins/com.st.stm32cube.ide.mcu.externaltools.gnu-tools-for-stm32.10.3-2021.10.linux64_1.0.200.202301161003/tools/bin/../lib/gcc/arm-none-eabi/10.3.1/../../../../arm-none-eabi/lib/thumb/v7e-m+fp/hard/libc_nano.a(lib_a-findfp.o)
 .ARM.attributes
                0x0000000000000483       0x34 /opt/st/stm32cubeide_1.12.1/plugins/com.st.stm32cube.ide.mcu.externaltools.gnu-tools-for-stm32.10.3-2021.10.linux64_1.0.200.202301161003/tools/bin/../lib/gcc/arm-none-eabi/10.3.1/../../../../arm-none-eabi/lib/thumb/v7e-m+fp/hard/libc_nano.a(lib_a-fwalk.o)
 .ARM.attributes
                0x00000000000004b7       0x34 /opt/st/stm32cubeide_1.12.1/plugins/com.st.stm32cube.ide.mcu.externaltools.gnu-tools-for-stm32.10.3-2021.10.linux64_1.0.200.202301161003/tools/bin/../lib/gcc/arm-none-eabi/10.3.1/../../../../arm-none-eabi/lib/thumb/v7e-m+fp/hard/libc_nano.a(lib_a-lock.o)
 .ARM.attributes
                0x00000000000004eb       0x34 /opt/st/stm32cubeide_1.12.1/plugins/com.st.stm32cube.ide.mcu.externaltools.gnu-tools-for-stm32.10.3-2021.10.linux64_1.0.200.202301161003/tools/bin/../lib/gcc/arm-none-eabi/10.3.1/../../../../arm-none-eabi/lib/thumb/v7e-m+fp/hard/libc_nano.a(lib_a-makebuf.o)
 .ARM.attributes
                0x000000000000051f       0x34 /opt/st/stm32cubeide_1.12.1/plugins/com.st.stm32cube.ide.mcu.externaltools.gnu-tools-for-stm32.10.3-2021.10.linux64_1.0.200.202301161003/tools/bin/../lib/gcc/arm-none-eabi/10.3.1/../../../../arm-none-eabi/lib/thumb/v7e-m+fp/hard/libc_nano.a(lib_a-nano-freer.o)
 .ARM.attributes
                0x0000000000000553       0x34 /opt/st/stm32cubeide_1.12.1/plugins/com.st.stm32cube.ide.mcu.externaltools.gnu-tools-for-stm32.10.3-2021.10.linux64_1.0.200.202301161003/tools/bin/../lib/gcc/arm-none-eabi/10.3.1/../../../../arm-none-eabi/lib/thumb/v7e-m+fp/hard/libc_nano.a(lib_a-nano-mallocr.o)
 .ARM.attributes
                0x0000000000000587       0x34 /opt/st/stm32cubeide_1.12.1/plugins/com.st.stm32cube.ide.mcu.externaltools.gnu-tools-for-stm32.10.3-2021.10.linux64_1.0.200.202301161003/tools/bin/../lib/gcc/arm-none-eabi/10.3.1/../../../../arm-none-eabi/lib/thumb/v7e-m+fp/hard/libc_nano.a(lib_a-nano-vfprintf.o)
 .ARM.attributes
                0x00000000000005bb       0x34 /opt/st/stm32cubeide_1.12.1/plugins/com.st.stm32cube.ide.mcu.externaltools.gnu-tools-for-stm32.10.3-2021.10.linux64_1.0.200.202301161003/tools/bin/../lib/gcc/arm-none-eabi/10.3.1/../../../../arm-none-eabi/lib/thumb/v7e-m+fp/hard/libc_nano.a(lib_a-nano-vfprintf_i.o)
 .ARM.attributes
                0x00000000000005ef       0x34 /opt/st/stm32cubeide_1.12.1/plugins/com.st.stm32cube.ide.mcu.externaltools.gnu-tools-for-stm32.10.3-2021.10.linux64_1.0.200.202301161003/tools/bin/../lib/gcc/arm-none-eabi/10.3.1/../../../../arm-none-eabi/lib/thumb/v7e-m+fp/hard/libc_nano.a(lib_a-sbrkr.o)
 .ARM.attributes
                0x0000000000000623       0x34 /opt/st/stm32cubeide_1.12.1/plugins/com.st.stm32cube.ide.mcu.externaltools.gnu-tools-for-stm32.10.3-2021.10.linux64_1.0.200.202301161003/tools/bin/../lib/gcc/arm-none-eabi/10.3.1/../../../../arm-none-eabi/lib/thumb/v7e-m+fp/hard/libc_nano.a(lib_a-stdio.o)
 .ARM.attributes
                0x0000000000000657       0x34 /opt/st/stm32cubeide_1.12.1/plugins/com.st.stm32cube.ide.mcu.externaltools.gnu-tools-for-stm32.10.3-2021.10.linux64_1.0.200.202301161003/tools/bin/../lib/gcc/arm-none-eabi/10.3.1/../../../../arm-none-eabi/lib/thumb/v7e-m+fp/hard/libc_nano.a(lib_a-writer.o)
 .ARM.attributes
                0x000000000000068b       0x34 /opt/st/stm32cubeide_1.12.1/plugins/com.st.stm32cube.ide.mcu.externaltools.gnu-tools-for-stm32.10.3-2021.10.linux64_1.0.200.202301161003/tools/bin/../lib/gcc/arm-none-eabi/10.3.1/../../../../arm-none-eabi/lib/thumb/v7e-m+fp/hard/libc_nano.a(lib_a-closer.o)
 .ARM.attributes
                0x00000000000006bf       0x34 /opt/st/stm32cubeide_1.12.1/plugins/com.st.stm32cube.ide.mcu.externaltools.gnu-tools-for-stm32.10.3-2021.10.linux64_1.0.200.202301161003/tools/bin/../lib/gcc/arm-none-eabi/10.3.1/../../../../arm-none-eabi/lib/thumb/v7e-m+fp/hard/libc_nano.a(lib_a-fstatr.o)
 .ARM.attributes
                0x00000000000006f3       0x34 /opt/st/stm32cubeide_1.12.1/plugins/com.st.stm32cube.ide.mcu.externaltools.gnu-tools-for-stm32.10.3-2021.10.linux64_1.0.200.202301161003/tools/bin/../lib/gcc/arm-none-eabi/10.3.1/../../../../arm-none-eabi/lib/thumb/v7e-m+fp/hard/libc_nano.a(lib_a-isattyr.o)
 .ARM.attributes
                0x0000000000000727       0x34 /opt/st/stm32cubeide_1.12.1/plugins/com.st.stm32cube.ide.mcu.externaltools.gnu-tools-for-stm32.10.3-2021.10.linux64_1.0.200.202301161003/tools/bin/../lib/gcc/arm-none-eabi/10.3.1/../../../../arm-none-eabi/lib/thumb/v7e-m+fp/hard/libc_nano.a(lib_a-lseekr.o)
 .ARM.attributes
                0x000000000000075b       0x1c /opt/st/stm32cubeide_1.12.1/plugins/com.st.stm32cube.ide.mcu.externaltools.gnu-tools-for-stm32.10.3-2021.10.linux64_1.0.200.202301161003/tools/bin/../lib/gcc/arm-none-eabi/10.3.1/../../../../arm-none-eabi/lib/thumb/v7e-m+fp/hard/libc_nano.a(lib_a-memchr.o)
 .ARM.attributes
                0x0000000000000777       0x34 /opt/st/stm32cubeide_1.12.1/plugins/com.st.stm32cube.ide.mcu.externaltools.gnu-tools-for-stm32.10.3-2021.10.linux64_1.0.200.202301161003/tools/bin/../lib/gcc/arm-none-eabi/10.3.1/../../../../arm-none-eabi/lib/thumb/v7e-m+fp/hard/libc_nano.a(lib_a-mlock.o)
 .ARM.attributes
                0x00000000000007ab       0x34 /opt/st/stm32cubeide_1.12.1/plugins/com.st.stm32cube.ide.mcu.externaltools.gnu-tools-for-stm32.10.3-2021.10.linux64_1.0.200.202301161003/tools/bin/../lib/gcc/arm-none-eabi/10.3.1/../../../../arm-none-eabi/lib/thumb/v7e-m+fp/hard/libc_nano.a(lib_a-readr.o)
 .ARM.attributes
                0x00000000000007df       0x34 /opt/st/stm32cubeide_1.12.1/plugins/com.st.stm32cube.ide.mcu.externaltools.gnu-tools-for-stm32.10.3-2021.10.linux64_1.0.200.202301161003/tools/bin/../lib/gcc/arm-none-eabi/10.3.1/../../../../arm-none-eabi/lib/thumb/v7e-m+fp/hard/libc_nano.a(lib_a-reent.o)
 .ARM.attributes
                0x0000000000000813       0x1e /opt/st/stm32cubeide_1.12.1/plugins/com.st.stm32cube.ide.mcu.externaltools.gnu-tools-for-stm32.10.3-2021.10.linux64_1.0.200.202301161003/tools/bin/../lib/gcc/arm-none-eabi/10.3.1/thumb/v7e-m+fp/hard/crtn.o
OUTPUT(Bus_de_com.elf elf32-littlearm)
LOAD linker stubs
LOAD /opt/st/stm32cubeide_1.12.1/plugins/com.st.stm32cube.ide.mcu.externaltools.gnu-tools-for-stm32.10.3-2021.10.linux64_1.0.200.202301161003/tools/bin/../lib/gcc/arm-none-eabi/10.3.1/../../../../arm-none-eabi/lib/thumb/v7e-m+fp/hard/libc.a
LOAD /opt/st/stm32cubeide_1.12.1/plugins/com.st.stm32cube.ide.mcu.externaltools.gnu-tools-for-stm32.10.3-2021.10.linux64_1.0.200.202301161003/tools/bin/../lib/gcc/arm-none-eabi/10.3.1/../../../../arm-none-eabi/lib/thumb/v7e-m+fp/hard/libm.a
LOAD /opt/st/stm32cubeide_1.12.1/plugins/com.st.stm32cube.ide.mcu.externaltools.gnu-tools-for-stm32.10.3-2021.10.linux64_1.0.200.202301161003/tools/bin/../lib/gcc/arm-none-eabi/10.3.1/thumb/v7e-m+fp/hard/libgcc.a

.debug_info     0x0000000000000000     0x3392
 .debug_info    0x0000000000000000      0x2ab ./Peripherals/Devices/DS18B20_OneWire/ds18b20.o
 .debug_info    0x00000000000002ab      0x451 ./Peripherals/Gpio/gpio.o
 .debug_info    0x00000000000006fc      0x35d ./Peripherals/ONEWIRE/one_wire.o
 .debug_info    0x0000000000000a59      0x427 ./Peripherals/Usart/usart.o
 .debug_info    0x0000000000000e80      0x21d ./Src/interrupt.o
 .debug_info    0x000000000000109d      0x2d6 ./Src/main.o
 .debug_info    0x0000000000001373      0x6e0 ./Src/syscalls.o
 .debug_info    0x0000000000001a53      0x171 ./Src/sysmem.o
 .debug_info    0x0000000000001bc4      0xd18 ./Src/timer.o
 .debug_info    0x00000000000028dc      0xa94 ./Src/util.o
 .debug_info    0x0000000000003370       0x22 ./Startup/startup_stm32f446retx.o

.debug_abbrev   0x0000000000000000      0xe79
 .debug_abbrev  0x0000000000000000      0x1a5 ./Peripherals/Devices/DS18B20_OneWire/ds18b20.o
 .debug_abbrev  0x00000000000001a5      0x114 ./Peripherals/Gpio/gpio.o
 .debug_abbrev  0x00000000000002b9      0x194 ./Peripherals/ONEWIRE/one_wire.o
 .debug_abbrev  0x000000000000044d       0xf8 ./Peripherals/Usart/usart.o
 .debug_abbrev  0x0000000000000545       0xb0 ./Src/interrupt.o
 .debug_abbrev  0x00000000000005f5      0x161 ./Src/main.o
 .debug_abbrev  0x0000000000000756      0x1b3 ./Src/syscalls.o
 .debug_abbrev  0x0000000000000909       0xbb ./Src/sysmem.o
 .debug_abbrev  0x00000000000009c4      0x24a ./Src/timer.o
 .debug_abbrev  0x0000000000000c0e      0x259 ./Src/util.o
 .debug_abbrev  0x0000000000000e67       0x12 ./Startup/startup_stm32f446retx.o

.debug_aranges  0x0000000000000000      0x2d0
 .debug_aranges
                0x0000000000000000       0x30 ./Peripherals/Devices/DS18B20_OneWire/ds18b20.o
 .debug_aranges
                0x0000000000000030       0x40 ./Peripherals/Gpio/gpio.o
 .debug_aranges
                0x0000000000000070       0x48 ./Peripherals/ONEWIRE/one_wire.o
 .debug_aranges
                0x00000000000000b8       0x30 ./Peripherals/Usart/usart.o
 .debug_aranges
                0x00000000000000e8       0x28 ./Src/interrupt.o
 .debug_aranges
                0x0000000000000110       0x20 ./Src/main.o
 .debug_aranges
                0x0000000000000130       0xa8 ./Src/syscalls.o
 .debug_aranges
                0x00000000000001d8       0x20 ./Src/sysmem.o
 .debug_aranges
                0x00000000000001f8       0x70 ./Src/timer.o
 .debug_aranges
                0x0000000000000268       0x40 ./Src/util.o
 .debug_aranges
                0x00000000000002a8       0x28 ./Startup/startup_stm32f446retx.o

.debug_ranges   0x0000000000000000      0x228
 .debug_ranges  0x0000000000000000       0x20 ./Peripherals/Devices/DS18B20_OneWire/ds18b20.o
 .debug_ranges  0x0000000000000020       0x30 ./Peripherals/Gpio/gpio.o
 .debug_ranges  0x0000000000000050       0x38 ./Peripherals/ONEWIRE/one_wire.o
 .debug_ranges  0x0000000000000088       0x20 ./Peripherals/Usart/usart.o
 .debug_ranges  0x00000000000000a8       0x18 ./Src/interrupt.o
 .debug_ranges  0x00000000000000c0       0x10 ./Src/main.o
 .debug_ranges  0x00000000000000d0       0x98 ./Src/syscalls.o
 .debug_ranges  0x0000000000000168       0x10 ./Src/sysmem.o
 .debug_ranges  0x0000000000000178       0x60 ./Src/timer.o
 .debug_ranges  0x00000000000001d8       0x30 ./Src/util.o
 .debug_ranges  0x0000000000000208       0x20 ./Startup/startup_stm32f446retx.o

.debug_macro    0x0000000000000000    0x1b426
 .debug_macro   0x0000000000000000      0x25e ./Peripherals/Devices/DS18B20_OneWire/ds18b20.o
 .debug_macro   0x000000000000025e      0xa7e ./Peripherals/Devices/DS18B20_OneWire/ds18b20.o
 .debug_macro   0x0000000000000cdc       0x22 ./Peripherals/Devices/DS18B20_OneWire/ds18b20.o
 .debug_macro   0x0000000000000cfe       0x8e ./Peripherals/Devices/DS18B20_OneWire/ds18b20.o
 .debug_macro   0x0000000000000d8c       0x51 ./Peripherals/Devices/DS18B20_OneWire/ds18b20.o
 .debug_macro   0x0000000000000ddd      0x103 ./Peripherals/Devices/DS18B20_OneWire/ds18b20.o
 .debug_macro   0x0000000000000ee0       0x6a ./Peripherals/Devices/DS18B20_OneWire/ds18b20.o
 .debug_macro   0x0000000000000f4a      0x1df ./Peripherals/Devices/DS18B20_OneWire/ds18b20.o
 .debug_macro   0x0000000000001129       0x52 ./Peripherals/Devices/DS18B20_OneWire/ds18b20.o
 .debug_macro   0x000000000000117b       0x1e ./Peripherals/Devices/DS18B20_OneWire/ds18b20.o
 .debug_macro   0x0000000000001199       0x3c ./Peripherals/Devices/DS18B20_OneWire/ds18b20.o
 .debug_macro   0x00000000000011d5       0x34 ./Peripherals/Devices/DS18B20_OneWire/ds18b20.o
 .debug_macro   0x0000000000001209       0x16 ./Peripherals/Devices/DS18B20_OneWire/ds18b20.o
 .debug_macro   0x000000000000121f       0x97 ./Peripherals/Devices/DS18B20_OneWire/ds18b20.o
 .debug_macro   0x00000000000012b6      0x341 ./Peripherals/Devices/DS18B20_OneWire/ds18b20.o
 .debug_macro   0x00000000000015f7       0xfd ./Peripherals/Devices/DS18B20_OneWire/ds18b20.o
 .debug_macro   0x00000000000016f4       0x10 ./Peripherals/Devices/DS18B20_OneWire/ds18b20.o
 .debug_macro   0x0000000000001704       0x16 ./Peripherals/Devices/DS18B20_OneWire/ds18b20.o
 .debug_macro   0x000000000000171a       0x43 ./Peripherals/Devices/DS18B20_OneWire/ds18b20.o
 .debug_macro   0x000000000000175d       0x34 ./Peripherals/Devices/DS18B20_OneWire/ds18b20.o
 .debug_macro   0x0000000000001791       0x10 ./Peripherals/Devices/DS18B20_OneWire/ds18b20.o
 .debug_macro   0x00000000000017a1       0x58 ./Peripherals/Devices/DS18B20_OneWire/ds18b20.o
 .debug_macro   0x00000000000017f9       0x71 ./Peripherals/Devices/DS18B20_OneWire/ds18b20.o
 .debug_macro   0x000000000000186a       0x1c ./Peripherals/Devices/DS18B20_OneWire/ds18b20.o
 .debug_macro   0x0000000000001886      0x12a ./Peripherals/Devices/DS18B20_OneWire/ds18b20.o
 .debug_macro   0x00000000000019b0       0x10 ./Peripherals/Devices/DS18B20_OneWire/ds18b20.o
 .debug_macro   0x00000000000019c0       0x1c ./Peripherals/Devices/DS18B20_OneWire/ds18b20.o
 .debug_macro   0x00000000000019dc       0x52 ./Peripherals/Devices/DS18B20_OneWire/ds18b20.o
 .debug_macro   0x0000000000001a2e       0x22 ./Peripherals/Devices/DS18B20_OneWire/ds18b20.o
 .debug_macro   0x0000000000001a50       0x10 ./Peripherals/Devices/DS18B20_OneWire/ds18b20.o
 .debug_macro   0x0000000000001a60       0x52 ./Peripherals/Devices/DS18B20_OneWire/ds18b20.o
 .debug_macro   0x0000000000001ab2       0xd5 ./Peripherals/Devices/DS18B20_OneWire/ds18b20.o
 .debug_macro   0x0000000000001b87       0x1c ./Peripherals/Devices/DS18B20_OneWire/ds18b20.o
 .debug_macro   0x0000000000001ba3       0x3d ./Peripherals/Devices/DS18B20_OneWire/ds18b20.o
 .debug_macro   0x0000000000001be0       0x16 ./Peripherals/Devices/DS18B20_OneWire/ds18b20.o
 .debug_macro   0x0000000000001bf6      0x145 ./Peripherals/Devices/DS18B20_OneWire/ds18b20.o
 .debug_macro   0x0000000000001d3b       0x28 ./Peripherals/Devices/DS18B20_OneWire/ds18b20.o
 .debug_macro   0x0000000000001d63       0x1c ./Peripherals/Devices/DS18B20_OneWire/ds18b20.o
 .debug_macro   0x0000000000001d7f       0x22 ./Peripherals/Devices/DS18B20_OneWire/ds18b20.o
 .debug_macro   0x0000000000001da1       0xd9 ./Peripherals/Devices/DS18B20_OneWire/ds18b20.o
 .debug_macro   0x0000000000001e7a     0x102d ./Peripherals/Devices/DS18B20_OneWire/ds18b20.o
 .debug_macro   0x0000000000002ea7      0x11f ./Peripherals/Devices/DS18B20_OneWire/ds18b20.o
 .debug_macro   0x0000000000002fc6    0x16749 ./Peripherals/Devices/DS18B20_OneWire/ds18b20.o
 .debug_macro   0x000000000001970f       0x22 ./Peripherals/Devices/DS18B20_OneWire/ds18b20.o
 .debug_macro   0x0000000000019731      0x26b ./Peripherals/Gpio/gpio.o
 .debug_macro   0x000000000001999c       0x5e ./Peripherals/Gpio/gpio.o
 .debug_macro   0x00000000000199fa      0x24a ./Peripherals/ONEWIRE/one_wire.o
 .debug_macro   0x0000000000019c44      0x271 ./Peripherals/Usart/usart.o
 .debug_macro   0x0000000000019eb5       0xc9 ./Src/interrupt.o
 .debug_macro   0x0000000000019f7e      0x273 ./Src/main.o
 .debug_macro   0x000000000001a1f1      0x24c ./Src/syscalls.o
 .debug_macro   0x000000000001a43d       0x4c ./Src/syscalls.o
 .debug_macro   0x000000000001a489       0x94 ./Src/syscalls.o
 .debug_macro   0x000000000001a51d       0x57 ./Src/syscalls.o
 .debug_macro   0x000000000001a574      0x174 ./Src/syscalls.o
 .debug_macro   0x000000000001a6e8       0x10 ./Src/syscalls.o
 .debug_macro   0x000000000001a6f8       0x35 ./Src/syscalls.o
 .debug_macro   0x000000000001a72d       0x10 ./Src/syscalls.o
 .debug_macro   0x000000000001a73d       0x10 ./Src/syscalls.o
 .debug_macro   0x000000000001a74d       0x35 ./Src/syscalls.o
 .debug_macro   0x000000000001a782      0x12c ./Src/syscalls.o
 .debug_macro   0x000000000001a8ae       0x16 ./Src/syscalls.o
 .debug_macro   0x000000000001a8c4       0x16 ./Src/syscalls.o
 .debug_macro   0x000000000001a8da       0x29 ./Src/syscalls.o
 .debug_macro   0x000000000001a903       0x10 ./Src/syscalls.o
 .debug_macro   0x000000000001a913      0x241 ./Src/syscalls.o
 .debug_macro   0x000000000001ab54       0x1c ./Src/syscalls.o
 .debug_macro   0x000000000001ab70       0x10 ./Src/syscalls.o
 .debug_macro   0x000000000001ab80      0x189 ./Src/syscalls.o
 .debug_macro   0x000000000001ad09       0x16 ./Src/syscalls.o
 .debug_macro   0x000000000001ad1f       0xce ./Src/syscalls.o
 .debug_macro   0x000000000001aded       0xff ./Src/sysmem.o
 .debug_macro   0x000000000001aeec      0x23b ./Src/sysmem.o
 .debug_macro   0x000000000001b127       0xc9 ./Src/timer.o
 .debug_macro   0x000000000001b1f0      0x236 ./Src/util.o

.debug_line     0x0000000000000000     0x48d0
 .debug_line    0x0000000000000000      0x7fd ./Peripherals/Devices/DS18B20_OneWire/ds18b20.o
 .debug_line    0x00000000000007fd      0x874 ./Peripherals/Gpio/gpio.o
 .debug_line    0x0000000000001071      0x80b ./Peripherals/ONEWIRE/one_wire.o
 .debug_line    0x000000000000187c      0x85b ./Peripherals/Usart/usart.o
 .debug_line    0x00000000000020d7      0x4ee ./Src/interrupt.o
 .debug_line    0x00000000000025c5      0x82f ./Src/main.o
 .debug_line    0x0000000000002df4      0x7cc ./Src/syscalls.o
 .debug_line    0x00000000000035c0      0x4c2 ./Src/sysmem.o
 .debug_line    0x0000000000003a82      0x6af ./Src/timer.o
 .debug_line    0x0000000000004131      0x71b ./Src/util.o
 .debug_line    0x000000000000484c       0x84 ./Startup/startup_stm32f446retx.o

.debug_str      0x0000000000000000    0x90cd0
 .debug_str     0x0000000000000000    0x8e61e ./Peripherals/Devices/DS18B20_OneWire/ds18b20.o
                                      0x8e84a (size before relaxing)
 .debug_str     0x000000000008e61e      0x264 ./Peripherals/Gpio/gpio.o
                                      0x8e9d8 (size before relaxing)
 .debug_str     0x000000000008e882       0x72 ./Peripherals/ONEWIRE/one_wire.o
                                      0x8e846 (size before relaxing)
 .debug_str     0x000000000008e8f4       0x73 ./Peripherals/Usart/usart.o
                                      0x8e9ee (size before relaxing)
 .debug_str     0x000000000008e967       0x91 ./Src/interrupt.o
                                      0x8a651 (size before relaxing)
 .debug_str     0x000000000008e9f8       0x9a ./Src/main.o
                                      0x8e960 (size before relaxing)
 .debug_str     0x000000000008ea92     0x1753 ./Src/syscalls.o
                                       0x8a88 (size before relaxing)
 .debug_str     0x00000000000901e5       0x66 ./Src/sysmem.o
                                       0x5dc4 (size before relaxing)
 .debug_str     0x000000000009024b      0x713 ./Src/timer.o
                                      0x8aed1 (size before relaxing)
 .debug_str     0x000000000009095e      0x341 ./Src/util.o
                                      0x8eb42 (size before relaxing)
 .debug_str     0x0000000000090c9f       0x31 ./Startup/startup_stm32f446retx.o
                                         0x6b (size before relaxing)

.comment        0x0000000000000000       0x50
 .comment       0x0000000000000000       0x50 ./Peripherals/Devices/DS18B20_OneWire/ds18b20.o
                                         0x51 (size before relaxing)
 .comment       0x0000000000000050       0x51 ./Peripherals/Gpio/gpio.o
 .comment       0x0000000000000050       0x51 ./Peripherals/ONEWIRE/one_wire.o
 .comment       0x0000000000000050       0x51 ./Peripherals/Usart/usart.o
 .comment       0x0000000000000050       0x51 ./Src/interrupt.o
 .comment       0x0000000000000050       0x51 ./Src/main.o
 .comment       0x0000000000000050       0x51 ./Src/syscalls.o
 .comment       0x0000000000000050       0x51 ./Src/sysmem.o
 .comment       0x0000000000000050       0x51 ./Src/timer.o
 .comment       0x0000000000000050       0x51 ./Src/util.o

.debug_frame    0x0000000000000000     0x10b4
 .debug_frame   0x0000000000000000       0x80 ./Peripherals/Devices/DS18B20_OneWire/ds18b20.o
 .debug_frame   0x0000000000000080       0xd0 ./Peripherals/Gpio/gpio.o
 .debug_frame   0x0000000000000150       0xe8 ./Peripherals/ONEWIRE/one_wire.o
 .debug_frame   0x0000000000000238       0x78 ./Peripherals/Usart/usart.o
 .debug_frame   0x00000000000002b0       0x50 ./Src/interrupt.o
 .debug_frame   0x0000000000000300       0x30 ./Src/main.o
 .debug_frame   0x0000000000000330      0x2ac ./Src/syscalls.o
 .debug_frame   0x00000000000005dc       0x34 ./Src/sysmem.o
 .debug_frame   0x0000000000000610      0x18c ./Src/timer.o
 .debug_frame   0x000000000000079c       0xb4 ./Src/util.o
 .debug_frame   0x0000000000000850       0x20 /opt/st/stm32cubeide_1.12.1/plugins/com.st.stm32cube.ide.mcu.externaltools.gnu-tools-for-stm32.10.3-2021.10.linux64_1.0.200.202301161003/tools/bin/../lib/gcc/arm-none-eabi/10.3.1/../../../../arm-none-eabi/lib/thumb/v7e-m+fp/hard/libc_nano.a(lib_a-errno.o)
 .debug_frame   0x0000000000000870       0x2c /opt/st/stm32cubeide_1.12.1/plugins/com.st.stm32cube.ide.mcu.externaltools.gnu-tools-for-stm32.10.3-2021.10.linux64_1.0.200.202301161003/tools/bin/../lib/gcc/arm-none-eabi/10.3.1/../../../../arm-none-eabi/lib/thumb/v7e-m+fp/hard/libc_nano.a(lib_a-init.o)
 .debug_frame   0x000000000000089c       0x20 /opt/st/stm32cubeide_1.12.1/plugins/com.st.stm32cube.ide.mcu.externaltools.gnu-tools-for-stm32.10.3-2021.10.linux64_1.0.200.202301161003/tools/bin/../lib/gcc/arm-none-eabi/10.3.1/../../../../arm-none-eabi/lib/thumb/v7e-m+fp/hard/libc_nano.a(lib_a-memset.o)
 .debug_frame   0x00000000000008bc       0x74 /opt/st/stm32cubeide_1.12.1/plugins/com.st.stm32cube.ide.mcu.externaltools.gnu-tools-for-stm32.10.3-2021.10.linux64_1.0.200.202301161003/tools/bin/../lib/gcc/arm-none-eabi/10.3.1/../../../../arm-none-eabi/lib/thumb/v7e-m+fp/hard/libc_nano.a(lib_a-printf.o)
 .debug_frame   0x0000000000000930       0x3c /opt/st/stm32cubeide_1.12.1/plugins/com.st.stm32cube.ide.mcu.externaltools.gnu-tools-for-stm32.10.3-2021.10.linux64_1.0.200.202301161003/tools/bin/../lib/gcc/arm-none-eabi/10.3.1/../../../../arm-none-eabi/lib/thumb/v7e-m+fp/hard/libc_nano.a(lib_a-puts.o)
 .debug_frame   0x000000000000096c       0x40 /opt/st/stm32cubeide_1.12.1/plugins/com.st.stm32cube.ide.mcu.externaltools.gnu-tools-for-stm32.10.3-2021.10.linux64_1.0.200.202301161003/tools/bin/../lib/gcc/arm-none-eabi/10.3.1/../../../../arm-none-eabi/lib/thumb/v7e-m+fp/hard/libc_nano.a(lib_a-wbuf.o)
 .debug_frame   0x00000000000009ac       0x2c /opt/st/stm32cubeide_1.12.1/plugins/com.st.stm32cube.ide.mcu.externaltools.gnu-tools-for-stm32.10.3-2021.10.linux64_1.0.200.202301161003/tools/bin/../lib/gcc/arm-none-eabi/10.3.1/../../../../arm-none-eabi/lib/thumb/v7e-m+fp/hard/libc_nano.a(lib_a-wsetup.o)
 .debug_frame   0x00000000000009d8       0x5c /opt/st/stm32cubeide_1.12.1/plugins/com.st.stm32cube.ide.mcu.externaltools.gnu-tools-for-stm32.10.3-2021.10.linux64_1.0.200.202301161003/tools/bin/../lib/gcc/arm-none-eabi/10.3.1/../../../../arm-none-eabi/lib/thumb/v7e-m+fp/hard/libc_nano.a(lib_a-fflush.o)
 .debug_frame   0x0000000000000a34      0x14c /opt/st/stm32cubeide_1.12.1/plugins/com.st.stm32cube.ide.mcu.externaltools.gnu-tools-for-stm32.10.3-2021.10.linux64_1.0.200.202301161003/tools/bin/../lib/gcc/arm-none-eabi/10.3.1/../../../../arm-none-eabi/lib/thumb/v7e-m+fp/hard/libc_nano.a(lib_a-findfp.o)
 .debug_frame   0x0000000000000b80       0x54 /opt/st/stm32cubeide_1.12.1/plugins/com.st.stm32cube.ide.mcu.externaltools.gnu-tools-for-stm32.10.3-2021.10.linux64_1.0.200.202301161003/tools/bin/../lib/gcc/arm-none-eabi/10.3.1/../../../../arm-none-eabi/lib/thumb/v7e-m+fp/hard/libc_nano.a(lib_a-fwalk.o)
 .debug_frame   0x0000000000000bd4       0xb0 /opt/st/stm32cubeide_1.12.1/plugins/com.st.stm32cube.ide.mcu.externaltools.gnu-tools-for-stm32.10.3-2021.10.linux64_1.0.200.202301161003/tools/bin/../lib/gcc/arm-none-eabi/10.3.1/../../../../arm-none-eabi/lib/thumb/v7e-m+fp/hard/libc_nano.a(lib_a-lock.o)
 .debug_frame   0x0000000000000c84       0x58 /opt/st/stm32cubeide_1.12.1/plugins/com.st.stm32cube.ide.mcu.externaltools.gnu-tools-for-stm32.10.3-2021.10.linux64_1.0.200.202301161003/tools/bin/../lib/gcc/arm-none-eabi/10.3.1/../../../../arm-none-eabi/lib/thumb/v7e-m+fp/hard/libc_nano.a(lib_a-makebuf.o)
 .debug_frame   0x0000000000000cdc       0x38 /opt/st/stm32cubeide_1.12.1/plugins/com.st.stm32cube.ide.mcu.externaltools.gnu-tools-for-stm32.10.3-2021.10.linux64_1.0.200.202301161003/tools/bin/../lib/gcc/arm-none-eabi/10.3.1/../../../../arm-none-eabi/lib/thumb/v7e-m+fp/hard/libc_nano.a(lib_a-nano-freer.o)
 .debug_frame   0x0000000000000d14       0x4c /opt/st/stm32cubeide_1.12.1/plugins/com.st.stm32cube.ide.mcu.externaltools.gnu-tools-for-stm32.10.3-2021.10.linux64_1.0.200.202301161003/tools/bin/../lib/gcc/arm-none-eabi/10.3.1/../../../../arm-none-eabi/lib/thumb/v7e-m+fp/hard/libc_nano.a(lib_a-nano-mallocr.o)
 .debug_frame   0x0000000000000d60       0xac /opt/st/stm32cubeide_1.12.1/plugins/com.st.stm32cube.ide.mcu.externaltools.gnu-tools-for-stm32.10.3-2021.10.linux64_1.0.200.202301161003/tools/bin/../lib/gcc/arm-none-eabi/10.3.1/../../../../arm-none-eabi/lib/thumb/v7e-m+fp/hard/libc_nano.a(lib_a-nano-vfprintf.o)
 .debug_frame   0x0000000000000e0c       0x60 /opt/st/stm32cubeide_1.12.1/plugins/com.st.stm32cube.ide.mcu.externaltools.gnu-tools-for-stm32.10.3-2021.10.linux64_1.0.200.202301161003/tools/bin/../lib/gcc/arm-none-eabi/10.3.1/../../../../arm-none-eabi/lib/thumb/v7e-m+fp/hard/libc_nano.a(lib_a-nano-vfprintf_i.o)
 .debug_frame   0x0000000000000e6c       0x2c /opt/st/stm32cubeide_1.12.1/plugins/com.st.stm32cube.ide.mcu.externaltools.gnu-tools-for-stm32.10.3-2021.10.linux64_1.0.200.202301161003/tools/bin/../lib/gcc/arm-none-eabi/10.3.1/../../../../arm-none-eabi/lib/thumb/v7e-m+fp/hard/libc_nano.a(lib_a-sbrkr.o)
 .debug_frame   0x0000000000000e98       0x88 /opt/st/stm32cubeide_1.12.1/plugins/com.st.stm32cube.ide.mcu.externaltools.gnu-tools-for-stm32.10.3-2021.10.linux64_1.0.200.202301161003/tools/bin/../lib/gcc/arm-none-eabi/10.3.1/../../../../arm-none-eabi/lib/thumb/v7e-m+fp/hard/libc_nano.a(lib_a-stdio.o)
 .debug_frame   0x0000000000000f20       0x2c /opt/st/stm32cubeide_1.12.1/plugins/com.st.stm32cube.ide.mcu.externaltools.gnu-tools-for-stm32.10.3-2021.10.linux64_1.0.200.202301161003/tools/bin/../lib/gcc/arm-none-eabi/10.3.1/../../../../arm-none-eabi/lib/thumb/v7e-m+fp/hard/libc_nano.a(lib_a-writer.o)
 .debug_frame   0x0000000000000f4c       0x2c /opt/st/stm32cubeide_1.12.1/plugins/com.st.stm32cube.ide.mcu.externaltools.gnu-tools-for-stm32.10.3-2021.10.linux64_1.0.200.202301161003/tools/bin/../lib/gcc/arm-none-eabi/10.3.1/../../../../arm-none-eabi/lib/thumb/v7e-m+fp/hard/libc_nano.a(lib_a-closer.o)
 .debug_frame   0x0000000000000f78       0x2c /opt/st/stm32cubeide_1.12.1/plugins/com.st.stm32cube.ide.mcu.externaltools.gnu-tools-for-stm32.10.3-2021.10.linux64_1.0.200.202301161003/tools/bin/../lib/gcc/arm-none-eabi/10.3.1/../../../../arm-none-eabi/lib/thumb/v7e-m+fp/hard/libc_nano.a(lib_a-fstatr.o)
 .debug_frame   0x0000000000000fa4       0x2c /opt/st/stm32cubeide_1.12.1/plugins/com.st.stm32cube.ide.mcu.externaltools.gnu-tools-for-stm32.10.3-2021.10.linux64_1.0.200.202301161003/tools/bin/../lib/gcc/arm-none-eabi/10.3.1/../../../../arm-none-eabi/lib/thumb/v7e-m+fp/hard/libc_nano.a(lib_a-isattyr.o)
 .debug_frame   0x0000000000000fd0       0x2c /opt/st/stm32cubeide_1.12.1/plugins/com.st.stm32cube.ide.mcu.externaltools.gnu-tools-for-stm32.10.3-2021.10.linux64_1.0.200.202301161003/tools/bin/../lib/gcc/arm-none-eabi/10.3.1/../../../../arm-none-eabi/lib/thumb/v7e-m+fp/hard/libc_nano.a(lib_a-lseekr.o)
 .debug_frame   0x0000000000000ffc       0x30 /opt/st/stm32cubeide_1.12.1/plugins/com.st.stm32cube.ide.mcu.externaltools.gnu-tools-for-stm32.10.3-2021.10.linux64_1.0.200.202301161003/tools/bin/../lib/gcc/arm-none-eabi/10.3.1/../../../../arm-none-eabi/lib/thumb/v7e-m+fp/hard/libc_nano.a(lib_a-mlock.o)
 .debug_frame   0x000000000000102c       0x2c /opt/st/stm32cubeide_1.12.1/plugins/com.st.stm32cube.ide.mcu.externaltools.gnu-tools-for-stm32.10.3-2021.10.linux64_1.0.200.202301161003/tools/bin/../lib/gcc/arm-none-eabi/10.3.1/../../../../arm-none-eabi/lib/thumb/v7e-m+fp/hard/libc_nano.a(lib_a-readr.o)
 .debug_frame   0x0000000000001058       0x5c /opt/st/stm32cubeide_1.12.1/plugins/com.st.stm32cube.ide.mcu.externaltools.gnu-tools-for-stm32.10.3-2021.10.linux64_1.0.200.202301161003/tools/bin/../lib/gcc/arm-none-eabi/10.3.1/../../../../arm-none-eabi/lib/thumb/v7e-m+fp/hard/libc_nano.a(lib_a-reent.o)
