Archive member included to satisfy reference by file (symbol)

/opt/st/stm32cubeide_1.12.1/plugins/com.st.stm32cube.ide.mcu.externaltools.gnu-tools-for-stm32.10.3-2021.10.linux64_1.0.200.202301161003/tools/bin/../lib/gcc/arm-none-eabi/10.3.1/../../../../arm-none-eabi/lib/thumb/v7e-m+fp/hard/libc_nano.a(lib_a-errno.o)
                              ./Src/syscalls.o (__errno)
/opt/st/stm32cubeide_1.12.1/plugins/com.st.stm32cube.ide.mcu.externaltools.gnu-tools-for-stm32.10.3-2021.10.linux64_1.0.200.202301161003/tools/bin/../lib/gcc/arm-none-eabi/10.3.1/../../../../arm-none-eabi/lib/thumb/v7e-m+fp/hard/libc_nano.a(lib_a-exit.o)
                              /opt/st/stm32cubeide_1.12.1/plugins/com.st.stm32cube.ide.mcu.externaltools.gnu-tools-for-stm32.10.3-2021.10.linux64_1.0.200.202301161003/tools/bin/../lib/gcc/arm-none-eabi/10.3.1/../../../../arm-none-eabi/lib/thumb/v7e-m+fp/hard/crt0.o (exit)
/opt/st/stm32cubeide_1.12.1/plugins/com.st.stm32cube.ide.mcu.externaltools.gnu-tools-for-stm32.10.3-2021.10.linux64_1.0.200.202301161003/tools/bin/../lib/gcc/arm-none-eabi/10.3.1/../../../../arm-none-eabi/lib/thumb/v7e-m+fp/hard/libc_nano.a(lib_a-impure.o)
                              /opt/st/stm32cubeide_1.12.1/plugins/com.st.stm32cube.ide.mcu.externaltools.gnu-tools-for-stm32.10.3-2021.10.linux64_1.0.200.202301161003/tools/bin/../lib/gcc/arm-none-eabi/10.3.1/../../../../arm-none-eabi/lib/thumb/v7e-m+fp/hard/libc_nano.a(lib_a-exit.o) (_global_impure_ptr)
/opt/st/stm32cubeide_1.12.1/plugins/com.st.stm32cube.ide.mcu.externaltools.gnu-tools-for-stm32.10.3-2021.10.linux64_1.0.200.202301161003/tools/bin/../lib/gcc/arm-none-eabi/10.3.1/../../../../arm-none-eabi/lib/thumb/v7e-m+fp/hard/libc_nano.a(lib_a-init.o)
                              /opt/st/stm32cubeide_1.12.1/plugins/com.st.stm32cube.ide.mcu.externaltools.gnu-tools-for-stm32.10.3-2021.10.linux64_1.0.200.202301161003/tools/bin/../lib/gcc/arm-none-eabi/10.3.1/../../../../arm-none-eabi/lib/thumb/v7e-m+fp/hard/crt0.o (__libc_init_array)
/opt/st/stm32cubeide_1.12.1/plugins/com.st.stm32cube.ide.mcu.externaltools.gnu-tools-for-stm32.10.3-2021.10.linux64_1.0.200.202301161003/tools/bin/../lib/gcc/arm-none-eabi/10.3.1/../../../../arm-none-eabi/lib/thumb/v7e-m+fp/hard/libc_nano.a(lib_a-memset.o)
                              /opt/st/stm32cubeide_1.12.1/plugins/com.st.stm32cube.ide.mcu.externaltools.gnu-tools-for-stm32.10.3-2021.10.linux64_1.0.200.202301161003/tools/bin/../lib/gcc/arm-none-eabi/10.3.1/../../../../arm-none-eabi/lib/thumb/v7e-m+fp/hard/crt0.o (memset)
/opt/st/stm32cubeide_1.12.1/plugins/com.st.stm32cube.ide.mcu.externaltools.gnu-tools-for-stm32.10.3-2021.10.linux64_1.0.200.202301161003/tools/bin/../lib/gcc/arm-none-eabi/10.3.1/../../../../arm-none-eabi/lib/thumb/v7e-m+fp/hard/libc_nano.a(lib_a-puts.o)
                              ./Src/main.o (puts)
/opt/st/stm32cubeide_1.12.1/plugins/com.st.stm32cube.ide.mcu.externaltools.gnu-tools-for-stm32.10.3-2021.10.linux64_1.0.200.202301161003/tools/bin/../lib/gcc/arm-none-eabi/10.3.1/../../../../arm-none-eabi/lib/thumb/v7e-m+fp/hard/libc_nano.a(lib_a-setvbuf.o)
                              ./Src/util.o (setvbuf)
/opt/st/stm32cubeide_1.12.1/plugins/com.st.stm32cube.ide.mcu.externaltools.gnu-tools-for-stm32.10.3-2021.10.linux64_1.0.200.202301161003/tools/bin/../lib/gcc/arm-none-eabi/10.3.1/../../../../arm-none-eabi/lib/thumb/v7e-m+fp/hard/libc_nano.a(lib_a-wbuf.o)
                              /opt/st/stm32cubeide_1.12.1/plugins/com.st.stm32cube.ide.mcu.externaltools.gnu-tools-for-stm32.10.3-2021.10.linux64_1.0.200.202301161003/tools/bin/../lib/gcc/arm-none-eabi/10.3.1/../../../../arm-none-eabi/lib/thumb/v7e-m+fp/hard/libc_nano.a(lib_a-puts.o) (__swbuf_r)
/opt/st/stm32cubeide_1.12.1/plugins/com.st.stm32cube.ide.mcu.externaltools.gnu-tools-for-stm32.10.3-2021.10.linux64_1.0.200.202301161003/tools/bin/../lib/gcc/arm-none-eabi/10.3.1/../../../../arm-none-eabi/lib/thumb/v7e-m+fp/hard/libc_nano.a(lib_a-wsetup.o)
                              /opt/st/stm32cubeide_1.12.1/plugins/com.st.stm32cube.ide.mcu.externaltools.gnu-tools-for-stm32.10.3-2021.10.linux64_1.0.200.202301161003/tools/bin/../lib/gcc/arm-none-eabi/10.3.1/../../../../arm-none-eabi/lib/thumb/v7e-m+fp/hard/libc_nano.a(lib_a-puts.o) (__swsetup_r)
/opt/st/stm32cubeide_1.12.1/plugins/com.st.stm32cube.ide.mcu.externaltools.gnu-tools-for-stm32.10.3-2021.10.linux64_1.0.200.202301161003/tools/bin/../lib/gcc/arm-none-eabi/10.3.1/../../../../arm-none-eabi/lib/thumb/v7e-m+fp/hard/libc_nano.a(lib_a-fflush.o)
                              /opt/st/stm32cubeide_1.12.1/plugins/com.st.stm32cube.ide.mcu.externaltools.gnu-tools-for-stm32.10.3-2021.10.linux64_1.0.200.202301161003/tools/bin/../lib/gcc/arm-none-eabi/10.3.1/../../../../arm-none-eabi/lib/thumb/v7e-m+fp/hard/libc_nano.a(lib_a-setvbuf.o) (_fflush_r)
[...]
Memory Configuration

Name             Origin             Length             Attributes
RAM              0x0000000020000000 0x0000000000020000 xrw
FLASH            0x0000000008000000 0x0000000000080000 xr
*default*        0x0000000000000000 0xffffffffffffffff

Linker script and memory map

LOAD /opt/st/stm32cubeide_1.12.1/plugins/com.st.stm32cube.ide.mcu.externaltools.gnu-tools-for-stm32.10.3-2021.10.linux64_1.0.200.202301161003/tools/bin/../lib/gcc/arm-none-eabi/10.3.1/thumb/v7e-m+fp/hard/crti.o
LOAD /opt/st/stm32cubeide_1.12.1/plugins/com.st.stm32cube.ide.mcu.externaltools.gnu-tools-for-stm32.10.3-2021.10.linux64_1.0.200.202301161003/tools/bin/../lib/gcc/arm-none-eabi/10.3.1/thumb/v7e-m+fp/hard/crtbegin.o
LOAD /opt/st/stm32cubeide_1.12.1/plugins/com.st.stm32cube.ide.mcu.externaltools.gnu-tools-for-stm32.10.3-2021.10.linux64_1.0.200.202301161003/tools/bin/../lib/gcc/arm-none-eabi/10.3.1/../../../../arm-none-eabi/lib/thumb/v7e-m+fp/hard/crt0.o
LOAD ./Src/gpio.o
LOAD ./Src/interrupt.o
LOAD ./Src/main.o
LOAD ./Src/syscalls.o
LOAD ./Src/sysmem.o
LOAD ./Src/timer.o
LOAD ./Src/usart.o
LOAD ./Src/util.o
LOAD ./Startup/startup_stm32f446retx.o
START GROUP
LOAD /opt/st/stm32cubeide_1.12.1/plugins/com.st.stm32cube.ide.mcu.externaltools.gnu-tools-for-stm32.10.3-2021.10.linux64_1.0.200.202301161003/tools/bin/../lib/gcc/arm-none-eabi/10.3.1/../../../../arm-none-eabi/lib/thumb/v7e-m+fp/hard/libc_nano.a
LOAD /opt/st/stm32cubeide_1.12.1/plugins/com.st.stm32cube.ide.mcu.externaltools.gnu-tools-for-stm32.10.3-2021.10.linux64_1.0.200.202301161003/tools/bin/../lib/gcc/arm-none-eabi/10.3.1/../../../../arm-none-eabi/lib/thumb/v7e-m+fp/hard/libm.a
END GROUP
START GROUP
LOAD /opt/st/stm32cubeide_1.12.1/plugins/com.st.stm32cube.ide.mcu.externaltools.gnu-tools-for-stm32.10.3-2021.10.linux64_1.0.200.202301161003/tools/bin/../lib/gcc/arm-none-eabi/10.3.1/thumb/v7e-m+fp/hard/libgcc.a
LOAD /opt/st/stm32cubeide_1.12.1/plugins/com.st.stm32cube.ide.mcu.externaltools.gnu-tools-for-stm32.10.3-2021.10.linux64_1.0.200.202301161003/tools/bin/../lib/gcc/arm-none-eabi/10.3.1/../../../../arm-none-eabi/lib/thumb/v7e-m+fp/hard/libc_nano.a
END GROUP
START GROUP
LOAD /opt/st/stm32cubeide_1.12.1/plugins/com.st.stm32cube.ide.mcu.externaltools.gnu-tools-for-stm32.10.3-2021.10.linux64_1.0.200.202301161003/tools/bin/../lib/gcc/arm-none-eabi/10.3.1/thumb/v7e-m+fp/hard/libgcc.a
LOAD /opt/st/stm32cubeide_1.12.1/plugins/com.st.stm32cube.ide.mcu.externaltools.gnu-tools-for-stm32.10.3-2021.10.linux64_1.0.200.202301161003/tools/bin/../lib/gcc/arm-none-eabi/10.3.1/../../../../arm-none-eabi/lib/thumb/v7e-m+fp/hard/libc_nano.a
LOAD /opt/st/stm32cubeide_1.12.1/plugins/com.st.stm32cube.ide.mcu.externaltools.gnu-tools-for-stm32.10.3-2021.10.linux64_1.0.200.202301161003/tools/bin/../lib/gcc/arm-none-eabi/10.3.1/../../../../arm-none-eabi/lib/thumb/v7e-m+fp/hard/libnosys.a
END GROUP
START GROUP
LOAD /opt/st/stm32cubeide_1.12.1/plugins/com.st.stm32cube.ide.mcu.externaltools.gnu-tools-for-stm32.10.3-2021.10.linux64_1.0.200.202301161003/tools/bin/../lib/gcc/arm-none-eabi/10.3.1/thumb/v7e-m+fp/hard/libgcc.a
LOAD /opt/st/stm32cubeide_1.12.1/plugins/com.st.stm32cube.ide.mcu.externaltools.gnu-tools-for-stm32.10.3-2021.10.linux64_1.0.200.202301161003/tools/bin/../lib/gcc/arm-none-eabi/10.3.1/../../../../arm-none-eabi/lib/thumb/v7e-m+fp/hard/libc_nano.a
LOAD /opt/st/stm32cubeide_1.12.1/plugins/com.st.stm32cube.ide.mcu.externaltools.gnu-tools-for-stm32.10.3-2021.10.linux64_1.0.200.202301161003/tools/bin/../lib/gcc/arm-none-eabi/10.3.1/../../../../arm-none-eabi/lib/thumb/v7e-m+fp/hard/libnosys.a
END GROUP
LOAD /opt/st/stm32cubeide_1.12.1/plugins/com.st.stm32cube.ide.mcu.externaltools.gnu-tools-for-stm32.10.3-2021.10.linux64_1.0.200.202301161003/tools/bin/../lib/gcc/arm-none-eabi/10.3.1/thumb/v7e-m+fp/hard/crtend.o
LOAD /opt/st/stm32cubeide_1.12.1/plugins/com.st.stm32cube.ide.mcu.externaltools.gnu-tools-for-stm32.10.3-2021.10.linux64_1.0.200.202301161003/tools/bin/../lib/gcc/arm-none-eabi/10.3.1/thumb/v7e-m+fp/hard/crtn.o
                0x0000000020020000                _estack = (ORIGIN (RAM) + LENGTH (RAM))
                0x0000000000000200                _Min_Heap_Size = 0x200
                0x0000000000000400                _Min_Stack_Size = 0x400

.isr_vector     0x0000000008000000      0x1c4
                0x0000000008000000                . = ALIGN (0x4)
 *(.isr_vector)
 .isr_vector    0x0000000008000000      0x1c4 ./Startup/startup_stm32f446retx.o
                0x0000000008000000                g_pfnVectors
                0x00000000080001c4                . = ALIGN (0x4)

.text           0x00000000080001c4      0xed8
                0x00000000080001c4                . = ALIGN (0x4)
 *(.text)
 .text          0x00000000080001c4       0x40 /opt/st/stm32cubeide_1.12.1/plugins/com.st.stm32cube.ide.mcu.externaltools.gnu-tools-for-stm32.10.3-2021.10.linux64_1.0.200.202301161003/tools/bin/../lib/gcc/arm-none-eabi/10.3.1/thumb/v7e-m+fp/hard/crtbegin.o
 *(.text*)
 .text.GPIO_Init
                0x0000000008000204       0x3c ./Src/gpio.o
                0x0000000008000204                GPIO_Init
 .text.SysTick_Handler
                0x0000000008000240       0x1c ./Src/interrupt.o
                0x0000000008000240                SysTick_Handler
 .text.main     0x000000000800025c       0x34 ./Src/main.o
                0x000000000800025c                main
 .text._read    0x0000000008000290       0x3a ./Src/syscalls.o
                0x0000000008000290                _read
 .text._write   0x00000000080002ca       0x38 ./Src/syscalls.o
                0x00000000080002ca                _write
 .text._close   0x0000000008000302       0x18 ./Src/syscalls.o
                0x0000000008000302                _close
 .text._fstat   0x000000000800031a       0x20 ./Src/syscalls.o
                0x000000000800031a                _fstat
 .text._isatty  0x000000000800033a       0x16 ./Src/syscalls.o
                0x000000000800033a                _isatty
 .text._lseek   0x0000000008000350       0x1a ./Src/syscalls.o
                0x0000000008000350                _lseek
 *fill*         0x000000000800036a        0x2 
 .text._sbrk    0x000000000800036c       0x6c ./Src/sysmem.o
                0x000000000800036c                _sbrk
 .text.__NVIC_SetPriority
                0x00000000080003d8       0x54 ./Src/timer.o
 .text.SysTick_Config
                0x000000000800042c       0x44 ./Src/timer.o
 .text.SYSTICK_Init
                0x0000000008000470       0x24 ./Src/timer.o
                0x0000000008000470                SYSTICK_Init
 .text.SYSTICK_Delay
                0x0000000008000494       0x2a ./Src/timer.o
                0x0000000008000494                SYSTICK_Delay
 *fill*         0x00000000080004be        0x2 
 .text.SYSTICK_Get
                0x00000000080004c0       0x18 ./Src/timer.o
                0x00000000080004c0                SYSTICK_Get
 .text.USART2_Init
                0x00000000080004d8       0x74 ./Src/usart.o
                0x00000000080004d8                USART2_Init
 .text.USART2_TransmitChar
                0x000000000800054c       0x30 ./Src/usart.o
                0x000000000800054c                USART2_TransmitChar
 .text.USART2_ReceiveChar
                0x000000000800057c       0x28 ./Src/usart.o
                0x000000000800057c                USART2_ReceiveChar
 .text.__io_putchar
                0x00000000080005a4       0x1c ./Src/util.o
                0x00000000080005a4                __io_putchar
 .text.__io_getchar
                0x00000000080005c0        0xe ./Src/util.o
                0x00000000080005c0                __io_getchar
 *fill*         0x00000000080005ce        0x2 
 .text.Reset_Handler
                0x00000000080005d0       0x50 ./Startup/startup_stm32f446retx.o
                0x00000000080005d0                Reset_Handler
 .text.Default_Handler
                0x0000000008000620        0x2 ./Startup/startup_stm32f446retx.o
                0x0000000008000620                RTC_Alarm_IRQHandler
                0x0000000008000620                EXTI2_IRQHandler
                0x0000000008000620                TIM8_CC_IRQHandler
                0x0000000008000620                SPDIF_Rx_IRQHandler
                0x0000000008000620                DebugMon_Handler
                0x0000000008000620                SPI4_IRQHandler
                0x0000000008000620                TIM1_CC_IRQHandler
                0x0000000008000620                QuadSPI_IRQHandler
                0x0000000008000620                DMA2_Stream5_IRQHandler
                0x0000000008000620                HardFault_Handler
                0x0000000008000620                DMA1_Stream5_IRQHandler
                0x0000000008000620                PVD_IRQHandler
                0x0000000008000620                SDIO_IRQHandler
                0x0000000008000620                TAMP_STAMP_IRQHandler
                0x0000000008000620                PendSV_Handler
                0x0000000008000620                NMI_Handler
                0x0000000008000620                CAN2_RX1_IRQHandler
                0x0000000008000620                EXTI3_IRQHandler
                0x0000000008000620                TIM8_TRG_COM_TIM14_IRQHandler
                0x0000000008000620                TIM1_UP_TIM10_IRQHandler
                0x0000000008000620                FMPI2C1_error_IRQHandler
                0x0000000008000620                TIM8_UP_TIM13_IRQHandler
                0x0000000008000620                I2C3_ER_IRQHandler
                0x0000000008000620                EXTI0_IRQHandler
                0x0000000008000620                I2C2_EV_IRQHandler
                0x0000000008000620                DMA1_Stream2_IRQHandler
                0x0000000008000620                CAN1_RX0_IRQHandler
                0x0000000008000620                OTG_HS_WKUP_IRQHandler
                0x0000000008000620                UsageFault_Handler
                0x0000000008000620                CAN2_SCE_IRQHandler
                0x0000000008000620                DMA2_Stream2_IRQHandler
                0x0000000008000620                SPI1_IRQHandler
                0x0000000008000620                TIM6_DAC_IRQHandler
                0x0000000008000620                TIM1_BRK_TIM9_IRQHandler
                0x0000000008000620                DCMI_IRQHandler
                0x0000000008000620                CAN2_RX0_IRQHandler
                0x0000000008000620                DMA2_Stream3_IRQHandler
                0x0000000008000620                FMPI2C1_IRQHandler
                0x0000000008000620                SAI2_IRQHandler
                0x0000000008000620                USART6_IRQHandler
                0x0000000008000620                USART3_IRQHandler
                0x0000000008000620                CAN1_RX1_IRQHandler
                0x0000000008000620                UART5_IRQHandler
                0x0000000008000620                DMA2_Stream0_IRQHandler
                0x0000000008000620                TIM4_IRQHandler
                0x0000000008000620                I2C1_EV_IRQHandler
                0x0000000008000620                HDMI_CEC_IRQHandler
                0x0000000008000620                DMA1_Stream6_IRQHandler
                0x0000000008000620                DMA1_Stream1_IRQHandler
                0x0000000008000620                UART4_IRQHandler
                0x0000000008000620                TIM3_IRQHandler
                0x0000000008000620                RCC_IRQHandler
                0x0000000008000620                TIM8_BRK_TIM12_IRQHandler
                0x0000000008000620                Default_Handler
                0x0000000008000620                EXTI15_10_IRQHandler
                0x0000000008000620                ADC_IRQHandler
                0x0000000008000620                DMA1_Stream7_IRQHandler
                0x0000000008000620                TIM7_IRQHandler
                0x0000000008000620                CAN2_TX_IRQHandler
                0x0000000008000620                TIM5_IRQHandler
                0x0000000008000620                DMA2_Stream7_IRQHandler
                0x0000000008000620                I2C3_EV_IRQHandler
                0x0000000008000620                EXTI9_5_IRQHandler
                0x0000000008000620                RTC_WKUP_IRQHandler
                0x0000000008000620                SPI2_IRQHandler
                0x0000000008000620                OTG_HS_EP1_IN_IRQHandler
                0x0000000008000620                MemManage_Handler
                0x0000000008000620                DMA1_Stream0_IRQHandler
                0x0000000008000620                CAN1_TX_IRQHandler
                0x0000000008000620                SVC_Handler
                0x0000000008000620                EXTI4_IRQHandler
                0x0000000008000620                OTG_HS_EP1_OUT_IRQHandler
                0x0000000008000620                WWDG_IRQHandler
                0x0000000008000620                TIM2_IRQHandler
                0x0000000008000620                OTG_FS_WKUP_IRQHandler
                0x0000000008000620                TIM1_TRG_COM_TIM11_IRQHandler
                0x0000000008000620                OTG_HS_IRQHandler
                0x0000000008000620                EXTI1_IRQHandler
                0x0000000008000620                USART2_IRQHandler
                0x0000000008000620                I2C2_ER_IRQHandler
                0x0000000008000620                DMA2_Stream1_IRQHandler
                0x0000000008000620                CAN1_SCE_IRQHandler
                0x0000000008000620                FLASH_IRQHandler
                0x0000000008000620                DMA2_Stream4_IRQHandler
                0x0000000008000620                BusFault_Handler
                0x0000000008000620                USART1_IRQHandler
                0x0000000008000620                OTG_FS_IRQHandler
                0x0000000008000620                SPI3_IRQHandler
                0x0000000008000620                DMA1_Stream4_IRQHandler
                0x0000000008000620                I2C1_ER_IRQHandler
                0x0000000008000620                FMC_IRQHandler
                0x0000000008000620                DMA2_Stream6_IRQHandler
                0x0000000008000620                SAI1_IRQHandler
                0x0000000008000620                DMA1_Stream3_IRQHandler
 *fill*         0x0000000008000622        0x2 
 .text.__errno  0x0000000008000624        0xc /opt/st/stm32cubeide_1.12.1/plugins/com.st.stm32cube.ide.mcu.externaltools.gnu-tools-for-stm32.10.3-2021.10.linux64_1.0.200.202301161003/tools/bin/../lib/gcc/arm-none-eabi/10.3.1/../../../../arm-none-eabi/lib/thumb/v7e-m+fp/hard/libc_nano.a(lib_a-errno.o)
                0x0000000008000624                __errno
 .text.__libc_init_array
                0x0000000008000630       0x48 /opt/st/stm32cubeide_1.12.1/plugins/com.st.stm32cube.ide.mcu.externaltools.gnu-tools-for-stm32.10.3-2021.10.linux64_1.0.200.202301161003/tools/bin/../lib/gcc/arm-none-eabi/10.3.1/../../../../arm-none-eabi/lib/thumb/v7e-m+fp/hard/libc_nano.a(lib_a-init.o)
                0x0000000008000630                __libc_init_array
 .text.memset   0x0000000008000678       0x10 /opt/st/stm32cubeide_1.12.1/plugins/com.st.stm32cube.ide.mcu.externaltools.gnu-tools-for-stm32.10.3-2021.10.linux64_1.0.200.202301161003/tools/bin/../lib/gcc/arm-none-eabi/10.3.1/../../../../arm-none-eabi/lib/thumb/v7e-m+fp/hard/libc_nano.a(lib_a-memset.o)
                0x0000000008000678                memset
 .text._puts_r  0x0000000008000688       0xdc /opt/st/stm32cubeide_1.12.1/plugins/com.st.stm32cube.ide.mcu.externaltools.gnu-tools-for-stm32.10.3-2021.10.linux64_1.0.200.202301161003/tools/bin/../lib/gcc/arm-none-eabi/10.3.1/../../../../arm-none-eabi/lib/thumb/v7e-m+fp/hard/libc_nano.a(lib_a-puts.o)
                0x0000000008000688                _puts_r
 .text.puts     0x0000000008000764       0x10 /opt/st/stm32cubeide_1.12.1/plugins/com.st.stm32cube.ide.mcu.externaltools.gnu-tools-for-stm32.10.3-2021.10.linux64_1.0.200.202301161003/tools/bin/../lib/gcc/arm-none-eabi/10.3.1/../../../../arm-none-eabi/lib/thumb/v7e-m+fp/hard/libc_nano.a(lib_a-puts.o)
                0x0000000008000764                puts
 .text.__swbuf_r
                0x0000000008000774       0xa4 /opt/st/stm32cubeide_1.12.1/plugins/com.st.stm32cube.ide.mcu.externaltools.gnu-tools-for-stm32.10.3-2021.10.linux64_1.0.200.202301161003/tools/bin/../lib/gcc/arm-none-eabi/10.3.1/../../../../arm-none-eabi/lib/thumb/v7e-m+fp/hard/libc_nano.a(lib_a-wbuf.o)
                0x0000000008000774                __swbuf_r
 .text.__swsetup_r
                0x0000000008000818       0xdc /opt/st/stm32cubeide_1.12.1/plugins/com.st.stm32cube.ide.mcu.externaltools.gnu-tools-for-stm32.10.3-2021.10.linux64_1.0.200.202301161003/tools/bin/../lib/gcc/arm-none-eabi/10.3.1/../../../../arm-none-eabi/lib/thumb/v7e-m+fp/hard/libc_nano.a(lib_a-wsetup.o)
                0x0000000008000818                __swsetup_r
 .text.__sflush_r
                0x00000000080008f4      0x10c /opt/st/stm32cubeide_1.12.1/plugins/com.st.stm32cube.ide.mcu.externaltools.gnu-tools-for-stm32.10.3-2021.10.linux64_1.0.200.202301161003/tools/bin/../lib/gcc/arm-none-eabi/10.3.1/../../../../arm-none-eabi/lib/thumb/v7e-m+fp/hard/libc_nano.a(lib_a-fflush.o)
                0x00000000080008f4                __sflush_r
 .text._fflush_r
                0x0000000008000a00       0x78 /opt/st/stm32cubeide_1.12.1/plugins/com.st.stm32cube.ide.mcu.externaltools.gnu-tools-for-stm32.10.3-2021.10.linux64_1.0.200.202301161003/tools/bin/../lib/gcc/arm-none-eabi/10.3.1/../../../../arm-none-eabi/lib/thumb/v7e-m+fp/hard/libc_nano.a(lib_a-fflush.o)
                0x0000000008000a00                _fflush_r
 .text.std      0x0000000008000a78       0x48 /opt/st/stm32cubeide_1.12.1/plugins/com.st.stm32cube.ide.mcu.externaltools.gnu-tools-for-stm32.10.3-2021.10.linux64_1.0.200.202301161003/tools/bin/../lib/gcc/arm-none-eabi/10.3.1/../../../../arm-none-eabi/lib/thumb/v7e-m+fp/hard/libc_nano.a(lib_a-findfp.o)
 .text._cleanup_r
                0x0000000008000ac0        0xc /opt/st/stm32cubeide_1.12.1/plugins/com.st.stm32cube.ide.mcu.externaltools.gnu-tools-for-stm32.10.3-2021.10.linux64_1.0.200.202301161003/tools/bin/../lib/gcc/arm-none-eabi/10.3.1/../../../../arm-none-eabi/lib/thumb/v7e-m+fp/hard/libc_nano.a(lib_a-findfp.o)
                0x0000000008000ac0                _cleanup_r
 .text.__sfmoreglue
                0x0000000008000acc       0x2c /opt/st/stm32cubeide_1.12.1/plugins/com.st.stm32cube.ide.mcu.externaltools.gnu-tools-for-stm32.10.3-2021.10.linux64_1.0.200.202301161003/tools/bin/../lib/gcc/arm-none-eabi/10.3.1/../../../../arm-none-eabi/lib/thumb/v7e-m+fp/hard/libc_nano.a(lib_a-findfp.o)
                0x0000000008000acc                __sfmoreglue
 .text.__sfp_lock_acquire
                0x0000000008000af8        0xc /opt/st/stm32cubeide_1.12.1/plugins/com.st.stm32cube.ide.mcu.externaltools.gnu-tools-for-stm32.10.3-2021.10.linux64_1.0.200.202301161003/tools/bin/../lib/gcc/arm-none-eabi/10.3.1/../../../../arm-none-eabi/lib/thumb/v7e-m+fp/hard/libc_nano.a(lib_a-findfp.o)
                0x0000000008000af8                __sfp_lock_acquire
 .text.__sfp_lock_release
                0x0000000008000b04        0xc /opt/st/stm32cubeide_1.12.1/plugins/com.st.stm32cube.ide.mcu.externaltools.gnu-tools-for-stm32.10.3-2021.10.linux64_1.0.200.202301161003/tools/bin/../lib/gcc/arm-none-eabi/10.3.1/../../../../arm-none-eabi/lib/thumb/v7e-m+fp/hard/libc_nano.a(lib_a-findfp.o)
                0x0000000008000b04                __sfp_lock_release
 .text.__sinit_lock_acquire
                0x0000000008000b10        0xc /opt/st/stm32cubeide_1.12.1/plugins/com.st.stm32cube.ide.mcu.externaltools.gnu-tools-for-stm32.10.3-2021.10.linux64_1.0.200.202301161003/tools/bin/../lib/gcc/arm-none-eabi/10.3.1/../../../../arm-none-eabi/lib/thumb/v7e-m+fp/hard/libc_nano.a(lib_a-findfp.o)
                0x0000000008000b10                __sinit_lock_acquire
 .text.__sinit_lock_release
                0x0000000008000b1c        0xc /opt/st/stm32cubeide_1.12.1/plugins/com.st.stm32cube.ide.mcu.externaltools.gnu-tools-for-stm32.10.3-2021.10.linux64_1.0.200.202301161003/tools/bin/../lib/gcc/arm-none-eabi/10.3.1/../../../../arm-none-eabi/lib/thumb/v7e-m+fp/hard/libc_nano.a(lib_a-findfp.o)
                0x0000000008000b1c                __sinit_lock_release
 .text.__sinit  0x0000000008000b28       0x70 /opt/st/stm32cubeide_1.12.1/plugins/com.st.stm32cube.ide.mcu.externaltools.gnu-tools-for-stm32.10.3-2021.10.linux64_1.0.200.202301161003/tools/bin/../lib/gcc/arm-none-eabi/10.3.1/../../../../arm-none-eabi/lib/thumb/v7e-m+fp/hard/libc_nano.a(lib_a-findfp.o)
                0x0000000008000b28                __sinit
 .text.__sfp    0x0000000008000b98       0x8c /opt/st/stm32cubeide_1.12.1/plugins/com.st.stm32cube.ide.mcu.externaltools.gnu-tools-for-stm32.10.3-2021.10.linux64_1.0.200.202301161003/tools/bin/../lib/gcc/arm-none-eabi/10.3.1/../../../../arm-none-eabi/lib/thumb/v7e-m+fp/hard/libc_nano.a(lib_a-findfp.o)
                0x0000000008000b98                __sfp
 .text._fwalk_reent
                0x0000000008000c24       0x3e /opt/st/stm32cubeide_1.12.1/plugins/com.st.stm32cube.ide.mcu.externaltools.gnu-tools-for-stm32.10.3-2021.10.linux64_1.0.200.202301161003/tools/bin/../lib/gcc/arm-none-eabi/10.3.1/../../../../arm-none-eabi/lib/thumb/v7e-m+fp/hard/libc_nano.a(lib_a-fwalk.o)
                0x0000000008000c24                _fwalk_reent
 .text.__retarget_lock_init_recursive
                0x0000000008000c62        0x2 /opt/st/stm32cubeide_1.12.1/plugins/com.st.stm32cube.ide.mcu.externaltools.gnu-tools-for-stm32.10.3-2021.10.linux64_1.0.200.202301161003/tools/bin/../lib/gcc/arm-none-eabi/10.3.1/../../../../arm-none-eabi/lib/thumb/v7e-m+fp/hard/libc_nano.a(lib_a-lock.o)
                0x0000000008000c62                __retarget_lock_init_recursive
 .text.__retarget_lock_acquire_recursive
                0x0000000008000c64        0x2 /opt/st/stm32cubeide_1.12.1/plugins/com.st.stm32cube.ide.mcu.externaltools.gnu-tools-for-stm32.10.3-2021.10.linux64_1.0.200.202301161003/tools/bin/../lib/gcc/arm-none-eabi/10.3.1/../../../../arm-none-eabi/lib/thumb/v7e-m+fp/hard/libc_nano.a(lib_a-lock.o)
                0x0000000008000c64                __retarget_lock_acquire_recursive
 .text.__retarget_lock_release_recursive
                0x0000000008000c66        0x2 /opt/st/stm32cubeide_1.12.1/plugins/com.st.stm32cube.ide.mcu.externaltools.gnu-tools-for-stm32.10.3-2021.10.linux64_1.0.200.202301161003/tools/bin/../lib/gcc/arm-none-eabi/10.3.1/../../../../arm-none-eabi/lib/thumb/v7e-m+fp/hard/libc_nano.a(lib_a-lock.o)
                0x0000000008000c66                __retarget_lock_release_recursive
 .text.__swhatbuf_r
                0x0000000008000c68       0x4a /opt/st/stm32cubeide_1.12.1/plugins/com.st.stm32cube.ide.mcu.externaltools.gnu-tools-for-stm32.10.3-2021.10.linux64_1.0.200.202301161003/tools/bin/../lib/gcc/arm-none-eabi/10.3.1/../../../../arm-none-eabi/lib/thumb/v7e-m+fp/hard/libc_nano.a(lib_a-makebuf.o)
                0x0000000008000c68                __swhatbuf_r
 *fill*         0x0000000008000cb2        0x2 
 .text.__smakebuf_r
                0x0000000008000cb4       0x80 /opt/st/stm32cubeide_1.12.1/plugins/com.st.stm32cube.ide.mcu.externaltools.gnu-tools-for-stm32.10.3-2021.10.linux64_1.0.200.202301161003/tools/bin/../lib/gcc/arm-none-eabi/10.3.1/../../../../arm-none-eabi/lib/thumb/v7e-m+fp/hard/libc_nano.a(lib_a-makebuf.o)
                0x0000000008000cb4                __smakebuf_r
 .text._free_r  0x0000000008000d34       0x98 /opt/st/stm32cubeide_1.12.1/plugins/com.st.stm32cube.ide.mcu.externaltools.gnu-tools-for-stm32.10.3-2021.10.linux64_1.0.200.202301161003/tools/bin/../lib/gcc/arm-none-eabi/10.3.1/../../../../arm-none-eabi/lib/thumb/v7e-m+fp/hard/libc_nano.a(lib_a-nano-freer.o)
                0x0000000008000d34                _free_r
 .text.sbrk_aligned
                0x0000000008000dcc       0x40 /opt/st/stm32cubeide_1.12.1/plugins/com.st.stm32cube.ide.mcu.externaltools.gnu-tools-for-stm32.10.3-2021.10.linux64_1.0.200.202301161003/tools/bin/../lib/gcc/arm-none-eabi/10.3.1/../../../../arm-none-eabi/lib/thumb/v7e-m+fp/hard/libc_nano.a(lib_a-nano-mallocr.o)
 .text._malloc_r
                0x0000000008000e0c       0xe8 /opt/st/stm32cubeide_1.12.1/plugins/com.st.stm32cube.ide.mcu.externaltools.gnu-tools-for-stm32.10.3-2021.10.linux64_1.0.200.202301161003/tools/bin/../lib/gcc/arm-none-eabi/10.3.1/../../../../arm-none-eabi/lib/thumb/v7e-m+fp/hard/libc_nano.a(lib_a-nano-mallocr.o)
                0x0000000008000e0c                _malloc_r
 .text._sbrk_r  0x0000000008000ef4       0x20 /opt/st/stm32cubeide_1.12.1/plugins/com.st.stm32cube.ide.mcu.externaltools.gnu-tools-for-stm32.10.3-2021.10.linux64_1.0.200.202301161003/tools/bin/../lib/gcc/arm-none-eabi/10.3.1/../../../../arm-none-eabi/lib/thumb/v7e-m+fp/hard/libc_nano.a(lib_a-sbrkr.o)
                0x0000000008000ef4                _sbrk_r
 .text.__sread  0x0000000008000f14       0x22 /opt/st/stm32cubeide_1.12.1/plugins/com.st.stm32cube.ide.mcu.externaltools.gnu-tools-for-stm32.10.3-2021.10.linux64_1.0.200.202301161003/tools/bin/../lib/gcc/arm-none-eabi/10.3.1/../../../../arm-none-eabi/lib/thumb/v7e-m+fp/hard/libc_nano.a(lib_a-stdio.o)
                0x0000000008000f14                __sread
 .text.__swrite
                0x0000000008000f36       0x38 /opt/st/stm32cubeide_1.12.1/plugins/com.st.stm32cube.ide.mcu.externaltools.gnu-tools-for-stm32.10.3-2021.10.linux64_1.0.200.202301161003/tools/bin/../lib/gcc/arm-none-eabi/10.3.1/../../../../arm-none-eabi/lib/thumb/v7e-m+fp/hard/libc_nano.a(lib_a-stdio.o)
                0x0000000008000f36                __swrite
 .text.__sseek  0x0000000008000f6e       0x24 /opt/st/stm32cubeide_1.12.1/plugins/com.st.stm32cube.ide.mcu.externaltools.gnu-tools-for-stm32.10.3-2021.10.linux64_1.0.200.202301161003/tools/bin/../lib/gcc/arm-none-eabi/10.3.1/../../../../arm-none-eabi/lib/thumb/v7e-m+fp/hard/libc_nano.a(lib_a-stdio.o)
                0x0000000008000f6e                __sseek
 .text.__sclose
                0x0000000008000f92        0x8 /opt/st/stm32cubeide_1.12.1/plugins/com.st.stm32cube.ide.mcu.externaltools.gnu-tools-for-stm32.10.3-2021.10.linux64_1.0.200.202301161003/tools/bin/../lib/gcc/arm-none-eabi/10.3.1/../../../../arm-none-eabi/lib/thumb/v7e-m+fp/hard/libc_nano.a(lib_a-stdio.o)
                0x0000000008000f92                __sclose
 *fill*         0x0000000008000f9a        0x2 
 .text._write_r
                0x0000000008000f9c       0x24 /opt/st/stm32cubeide_1.12.1/plugins/com.st.stm32cube.ide.mcu.externaltools.gnu-tools-for-stm32.10.3-2021.10.linux64_1.0.200.202301161003/tools/bin/../lib/gcc/arm-none-eabi/10.3.1/../../../../arm-none-eabi/lib/thumb/v7e-m+fp/hard/libc_nano.a(lib_a-writer.o)
                0x0000000008000f9c                _write_r
 .text._close_r
                0x0000000008000fc0       0x20 /opt/st/stm32cubeide_1.12.1/plugins/com.st.stm32cube.ide.mcu.externaltools.gnu-tools-for-stm32.10.3-2021.10.linux64_1.0.200.202301161003/tools/bin/../lib/gcc/arm-none-eabi/10.3.1/../../../../arm-none-eabi/lib/thumb/v7e-m+fp/hard/libc_nano.a(lib_a-closer.o)
                0x0000000008000fc0                _close_r
 .text._fstat_r
                0x0000000008000fe0       0x24 /opt/st/stm32cubeide_1.12.1/plugins/com.st.stm32cube.ide.mcu.externaltools.gnu-tools-for-stm32.10.3-2021.10.linux64_1.0.200.202301161003/tools/bin/../lib/gcc/arm-none-eabi/10.3.1/../../../../arm-none-eabi/lib/thumb/v7e-m+fp/hard/libc_nano.a(lib_a-fstatr.o)
                0x0000000008000fe0                _fstat_r
 .text._isatty_r
                0x0000000008001004       0x20 /opt/st/stm32cubeide_1.12.1/plugins/com.st.stm32cube.ide.mcu.externaltools.gnu-tools-for-stm32.10.3-2021.10.linux64_1.0.200.202301161003/tools/bin/../lib/gcc/arm-none-eabi/10.3.1/../../../../arm-none-eabi/lib/thumb/v7e-m+fp/hard/libc_nano.a(lib_a-isattyr.o)
                0x0000000008001004                _isatty_r
 .text._lseek_r
                0x0000000008001024       0x24 /opt/st/stm32cubeide_1.12.1/plugins/com.st.stm32cube.ide.mcu.externaltools.gnu-tools-for-stm32.10.3-2021.10.linux64_1.0.200.202301161003/tools/bin/../lib/gcc/arm-none-eabi/10.3.1/../../../../arm-none-eabi/lib/thumb/v7e-m+fp/hard/libc_nano.a(lib_a-lseekr.o)
                0x0000000008001024                _lseek_r
 .text.__malloc_lock
                0x0000000008001048        0xc /opt/st/stm32cubeide_1.12.1/plugins/com.st.stm32cube.ide.mcu.externaltools.gnu-tools-for-stm32.10.3-2021.10.linux64_1.0.200.202301161003/tools/bin/../lib/gcc/arm-none-eabi/10.3.1/../../../../arm-none-eabi/lib/thumb/v7e-m+fp/hard/libc_nano.a(lib_a-mlock.o)
                0x0000000008001048                __malloc_lock
 .text.__malloc_unlock
                0x0000000008001054        0xc /opt/st/stm32cubeide_1.12.1/plugins/com.st.stm32cube.ide.mcu.externaltools.gnu-tools-for-stm32.10.3-2021.10.linux64_1.0.200.202301161003/tools/bin/../lib/gcc/arm-none-eabi/10.3.1/../../../../arm-none-eabi/lib/thumb/v7e-m+fp/hard/libc_nano.a(lib_a-mlock.o)
                0x0000000008001054                __malloc_unlock
 .text._read_r  0x0000000008001060       0x24 /opt/st/stm32cubeide_1.12.1/plugins/com.st.stm32cube.ide.mcu.externaltools.gnu-tools-for-stm32.10.3-2021.10.linux64_1.0.200.202301161003/tools/bin/../lib/gcc/arm-none-eabi/10.3.1/../../../../arm-none-eabi/lib/thumb/v7e-m+fp/hard/libc_nano.a(lib_a-readr.o)
                0x0000000008001060                _read_r
 *(.glue_7)
 .glue_7        0x0000000008001084        0x0 linker stubs
 *(.glue_7t)
 .glue_7t       0x0000000008001084        0x0 linker stubs
 *(.eh_frame)
 .eh_frame      0x0000000008001084        0x0 /opt/st/stm32cubeide_1.12.1/plugins/com.st.stm32cube.ide.mcu.externaltools.gnu-tools-for-stm32.10.3-2021.10.linux64_1.0.200.202301161003/tools/bin/../lib/gcc/arm-none-eabi/10.3.1/thumb/v7e-m+fp/hard/crtbegin.o
 *(.init)
 .init          0x0000000008001084        0x4 /opt/st/stm32cubeide_1.12.1/plugins/com.st.stm32cube.ide.mcu.externaltools.gnu-tools-for-stm32.10.3-2021.10.linux64_1.0.200.202301161003/tools/bin/../lib/gcc/arm-none-eabi/10.3.1/thumb/v7e-m+fp/hard/crti.o
                0x0000000008001084                _init
 .init          0x0000000008001088        0x8 /opt/st/stm32cubeide_1.12.1/plugins/com.st.stm32cube.ide.mcu.externaltools.gnu-tools-for-stm32.10.3-2021.10.linux64_1.0.200.202301161003/tools/bin/../lib/gcc/arm-none-eabi/10.3.1/thumb/v7e-m+fp/hard/crtn.o
 *(.fini)
 .fini          0x0000000008001090        0x4 /opt/st/stm32cubeide_1.12.1/plugins/com.st.stm32cube.ide.mcu.externaltools.gnu-tools-for-stm32.10.3-2021.10.linux64_1.0.200.202301161003/tools/bin/../lib/gcc/arm-none-eabi/10.3.1/thumb/v7e-m+fp/hard/crti.o
                0x0000000008001090                _fini
 .fini          0x0000000008001094        0x8 /opt/st/stm32cubeide_1.12.1/plugins/com.st.stm32cube.ide.mcu.externaltools.gnu-tools-for-stm32.10.3-2021.10.linux64_1.0.200.202301161003/tools/bin/../lib/gcc/arm-none-eabi/10.3.1/thumb/v7e-m+fp/hard/crtn.o
                0x000000000800109c                . = ALIGN (0x4)
                0x000000000800109c                _etext = .

.vfp11_veneer   0x000000000800109c        0x0
 .vfp11_veneer  0x000000000800109c        0x0 linker stubs

.v4_bx          0x000000000800109c        0x0
 .v4_bx         0x000000000800109c        0x0 linker stubs

.iplt           0x000000000800109c        0x0
 .iplt          0x000000000800109c        0x0 /opt/st/stm32cubeide_1.12.1/plugins/com.st.stm32cube.ide.mcu.externaltools.gnu-tools-for-stm32.10.3-2021.10.linux64_1.0.200.202301161003/tools/bin/../lib/gcc/arm-none-eabi/10.3.1/thumb/v7e-m+fp/hard/crtbegin.o

.rodata         0x000000000800109c       0x6c
                0x000000000800109c                . = ALIGN (0x4)
 *(.rodata)
 .rodata        0x000000000800109c        0x7 ./Src/main.o
 *(.rodata*)
 *fill*         0x00000000080010a3        0x1 
 .rodata._global_impure_ptr
                0x00000000080010a4        0x4 /opt/st/stm32cubeide_1.12.1/plugins/com.st.stm32cube.ide.mcu.externaltools.gnu-tools-for-stm32.10.3-2021.10.linux64_1.0.200.202301161003/tools/bin/../lib/gcc/arm-none-eabi/10.3.1/../../../../arm-none-eabi/lib/thumb/v7e-m+fp/hard/libc_nano.a(lib_a-impure.o)
                0x00000000080010a4                _global_impure_ptr
 .rodata.__sf_fake_stderr
                0x00000000080010a8       0x20 /opt/st/stm32cubeide_1.12.1/plugins/com.st.stm32cube.ide.mcu.externaltools.gnu-tools-for-stm32.10.3-2021.10.linux64_1.0.200.202301161003/tools/bin/../lib/gcc/arm-none-eabi/10.3.1/../../../../arm-none-eabi/lib/thumb/v7e-m+fp/hard/libc_nano.a(lib_a-findfp.o)
                0x00000000080010a8                __sf_fake_stderr
 .rodata.__sf_fake_stdin
                0x00000000080010c8       0x20 /opt/st/stm32cubeide_1.12.1/plugins/com.st.stm32cube.ide.mcu.externaltools.gnu-tools-for-stm32.10.3-2021.10.linux64_1.0.200.202301161003/tools/bin/../lib/gcc/arm-none-eabi/10.3.1/../../../../arm-none-eabi/lib/thumb/v7e-m+fp/hard/libc_nano.a(lib_a-findfp.o)
                0x00000000080010c8                __sf_fake_stdin
 .rodata.__sf_fake_stdout
                0x00000000080010e8       0x20 /opt/st/stm32cubeide_1.12.1/plugins/com.st.stm32cube.ide.mcu.externaltools.gnu-tools-for-stm32.10.3-2021.10.linux64_1.0.200.202301161003/tools/bin/../lib/gcc/arm-none-eabi/10.3.1/../../../../arm-none-eabi/lib/thumb/v7e-m+fp/hard/libc_nano.a(lib_a-findfp.o)
                0x00000000080010e8                __sf_fake_stdout
                0x0000000008001108                . = ALIGN (0x4)

.rel.dyn        0x0000000008001108        0x0
 .rel.iplt      0x0000000008001108        0x0 /opt/st/stm32cubeide_1.12.1/plugins/com.st.stm32cube.ide.mcu.externaltools.gnu-tools-for-stm32.10.3-2021.10.linux64_1.0.200.202301161003/tools/bin/../lib/gcc/arm-none-eabi/10.3.1/thumb/v7e-m+fp/hard/crtbegin.o

.ARM.extab      0x0000000008001108        0x0
                0x0000000008001108                . = ALIGN (0x4)
 *(.ARM.extab* .gnu.linkonce.armextab.*)
                0x0000000008001108                . = ALIGN (0x4)

.ARM            0x0000000008001108        0x0
                0x0000000008001108                . = ALIGN (0x4)
                0x0000000008001108                __exidx_start = .
 *(.ARM.exidx*)
                0x0000000008001108                __exidx_end = .
                0x0000000008001108                . = ALIGN (0x4)

.preinit_array  0x0000000008001108        0x0
                0x0000000008001108                . = ALIGN (0x4)
                0x0000000008001108                PROVIDE (__preinit_array_start = .)
 *(.preinit_array*)
                0x0000000008001108                PROVIDE (__preinit_array_end = .)
                0x0000000008001108                . = ALIGN (0x4)

.init_array     0x0000000008001108        0x4
                0x0000000008001108                . = ALIGN (0x4)
                0x0000000008001108                PROVIDE (__init_array_start = .)
 *(SORT_BY_NAME(.init_array.*))
 *(.init_array*)
 .init_array    0x0000000008001108        0x4 /opt/st/stm32cubeide_1.12.1/plugins/com.st.stm32cube.ide.mcu.externaltools.gnu-tools-for-stm32.10.3-2021.10.linux64_1.0.200.202301161003/tools/bin/../lib/gcc/arm-none-eabi/10.3.1/thumb/v7e-m+fp/hard/crtbegin.o
                0x000000000800110c                PROVIDE (__init_array_end = .)
                0x000000000800110c                . = ALIGN (0x4)

.fini_array     0x000000000800110c        0x4
                0x000000000800110c                . = ALIGN (0x4)
                [!provide]                        PROVIDE (__fini_array_start = .)
 *(SORT_BY_NAME(.fini_array.*))
 *(.fini_array*)
 .fini_array    0x000000000800110c        0x4 /opt/st/stm32cubeide_1.12.1/plugins/com.st.stm32cube.ide.mcu.externaltools.gnu-tools-for-stm32.10.3-2021.10.linux64_1.0.200.202301161003/tools/bin/../lib/gcc/arm-none-eabi/10.3.1/thumb/v7e-m+fp/hard/crtbegin.o
                [!provide]                        PROVIDE (__fini_array_end = .)
                0x0000000008001110                . = ALIGN (0x4)
                0x0000000008001110                _sidata = LOADADDR (.data)

.data           0x0000000020000000       0x68 load address 0x0000000008001110
                0x0000000020000000                . = ALIGN (0x4)
                0x0000000020000000                _sdata = .
 *(.data)
 *(.data*)
 .data.SystemCoreClock
                0x0000000020000000        0x4 ./Src/timer.o
                0x0000000020000000                SystemCoreClock
 .data._impure_ptr
                0x0000000020000004        0x4 /opt/st/stm32cubeide_1.12.1/plugins/com.st.stm32cube.ide.mcu.externaltools.gnu-tools-for-stm32.10.3-2021.10.linux64_1.0.200.202301161003/tools/bin/../lib/gcc/arm-none-eabi/10.3.1/../../../../arm-none-eabi/lib/thumb/v7e-m+fp/hard/libc_nano.a(lib_a-impure.o)
                0x0000000020000004                _impure_ptr
 .data.impure_data
                0x0000000020000008       0x60 /opt/st/stm32cubeide_1.12.1/plugins/com.st.stm32cube.ide.mcu.externaltools.gnu-tools-for-stm32.10.3-2021.10.linux64_1.0.200.202301161003/tools/bin/../lib/gcc/arm-none-eabi/10.3.1/../../../../arm-none-eabi/lib/thumb/v7e-m+fp/hard/libc_nano.a(lib_a-impure.o)
 *(.RamFunc)
 *(.RamFunc*)
                0x0000000020000068                . = ALIGN (0x4)
                0x0000000020000068                _edata = .

.igot.plt       0x0000000020000068        0x0 load address 0x0000000008001178
 .igot.plt      0x0000000020000068        0x0 /opt/st/stm32cubeide_1.12.1/plugins/com.st.stm32cube.ide.mcu.externaltools.gnu-tools-for-stm32.10.3-2021.10.linux64_1.0.200.202301161003/tools/bin/../lib/gcc/arm-none-eabi/10.3.1/thumb/v7e-m+fp/hard/crtbegin.o
                0x0000000020000068                . = ALIGN (0x4)

.bss            0x0000000020000068       0x34 load address 0x0000000008001178
                0x0000000020000068                _sbss = .
                0x0000000020000068                __bss_start__ = _sbss
 *(.bss)
 .bss           0x0000000020000068       0x1c /opt/st/stm32cubeide_1.12.1/plugins/com.st.stm32cube.ide.mcu.externaltools.gnu-tools-for-stm32.10.3-2021.10.linux64_1.0.200.202301161003/tools/bin/../lib/gcc/arm-none-eabi/10.3.1/thumb/v7e-m+fp/hard/crtbegin.o
 *(.bss*)
 .bss.__sbrk_heap_end
                0x0000000020000084        0x4 ./Src/sysmem.o
 .bss.ticks     0x0000000020000088        0x4 ./Src/timer.o
                0x0000000020000088                ticks
 .bss.__lock___malloc_recursive_mutex
                0x000000002000008c        0x1 /opt/st/stm32cubeide_1.12.1/plugins/com.st.stm32cube.ide.mcu.externaltools.gnu-tools-for-stm32.10.3-2021.10.linux64_1.0.200.202301161003/tools/bin/../lib/gcc/arm-none-eabi/10.3.1/../../../../arm-none-eabi/lib/thumb/v7e-m+fp/hard/libc_nano.a(lib_a-lock.o)
                0x000000002000008c                __lock___malloc_recursive_mutex
 .bss.__lock___sfp_recursive_mutex
                0x000000002000008d        0x1 /opt/st/stm32cubeide_1.12.1/plugins/com.st.stm32cube.ide.mcu.externaltools.gnu-tools-for-stm32.10.3-2021.10.linux64_1.0.200.202301161003/tools/bin/../lib/gcc/arm-none-eabi/10.3.1/../../../../arm-none-eabi/lib/thumb/v7e-m+fp/hard/libc_nano.a(lib_a-lock.o)
                0x000000002000008d                __lock___sfp_recursive_mutex
 .bss.__lock___sinit_recursive_mutex
                0x000000002000008e        0x1 /opt/st/stm32cubeide_1.12.1/plugins/com.st.stm32cube.ide.mcu.externaltools.gnu-tools-for-stm32.10.3-2021.10.linux64_1.0.200.202301161003/tools/bin/../lib/gcc/arm-none-eabi/10.3.1/../../../../arm-none-eabi/lib/thumb/v7e-m+fp/hard/libc_nano.a(lib_a-lock.o)
                0x000000002000008e                __lock___sinit_recursive_mutex
 *fill*         0x000000002000008f        0x1 
 .bss.__malloc_free_list
                0x0000000020000090        0x4 /opt/st/stm32cubeide_1.12.1/plugins/com.st.stm32cube.ide.mcu.externaltools.gnu-tools-for-stm32.10.3-2021.10.linux64_1.0.200.202301161003/tools/bin/../lib/gcc/arm-none-eabi/10.3.1/../../../../arm-none-eabi/lib/thumb/v7e-m+fp/hard/libc_nano.a(lib_a-nano-mallocr.o)
                0x0000000020000090                __malloc_free_list
 .bss.__malloc_sbrk_start
                0x0000000020000094        0x4 /opt/st/stm32cubeide_1.12.1/plugins/com.st.stm32cube.ide.mcu.externaltools.gnu-tools-for-stm32.10.3-2021.10.linux64_1.0.200.202301161003/tools/bin/../lib/gcc/arm-none-eabi/10.3.1/../../../../arm-none-eabi/lib/thumb/v7e-m+fp/hard/libc_nano.a(lib_a-nano-mallocr.o)
                0x0000000020000094                __malloc_sbrk_start
 .bss.errno     0x0000000020000098        0x4 /opt/st/stm32cubeide_1.12.1/plugins/com.st.stm32cube.ide.mcu.externaltools.gnu-tools-for-stm32.10.3-2021.10.linux64_1.0.200.202301161003/tools/bin/../lib/gcc/arm-none-eabi/10.3.1/../../../../arm-none-eabi/lib/thumb/v7e-m+fp/hard/libc_nano.a(lib_a-reent.o)
                0x0000000020000098                errno
 *(COMMON)
                0x000000002000009c                . = ALIGN (0x4)
                0x000000002000009c                _ebss = .
                0x000000002000009c                __bss_end__ = _ebss

._user_heap_stack
                0x000000002000009c      0x604 load address 0x0000000008001178
                0x00000000200000a0                . = ALIGN (0x8)
 *fill*         0x000000002000009c        0x4 
                [!provide]                        PROVIDE (end = .)
                0x00000000200000a0                PROVIDE (_end = .)
                0x00000000200002a0                . = (. + _Min_Heap_Size)
 *fill*         0x00000000200000a0      0x200 
                0x00000000200006a0                . = (. + _Min_Stack_Size)
 *fill*         0x00000000200002a0      0x400 
                0x00000000200006a0                . = ALIGN (0x8)

/DISCARD/
 libc.a(*)
 libm.a(*)
 libgcc.a(*)

.ARM.attributes
                0x0000000000000000       0x30
 *(.ARM.attributes)
 .ARM.attributes
                0x0000000000000000       0x1e /opt/st/stm32cubeide_1.12.1/plugins/com.st.stm32cube.ide.mcu.externaltools.gnu-tools-for-stm32.10.3-2021.10.linux64_1.0.200.202301161003/tools/bin/../lib/gcc/arm-none-eabi/10.3.1/thumb/v7e-m+fp/hard/crti.o
 .ARM.attributes
                0x000000000000001e       0x34 /opt/st/stm32cubeide_1.12.1/plugins/com.st.stm32cube.ide.mcu.externaltools.gnu-tools-for-stm32.10.3-2021.10.linux64_1.0.200.202301161003/tools/bin/../lib/gcc/arm-none-eabi/10.3.1/thumb/v7e-m+fp/hard/crtbegin.o
 .ARM.attributes
                0x0000000000000052       0x34 ./Src/gpio.o
 .ARM.attributes
                0x0000000000000086       0x34 ./Src/interrupt.o
 .ARM.attributes
                0x00000000000000ba       0x34 ./Src/main.o
 .ARM.attributes
                0x00000000000000ee       0x34 ./Src/syscalls.o
 .ARM.attributes
                0x0000000000000122       0x34 ./Src/sysmem.o
 .ARM.attributes
                0x0000000000000156       0x34 ./Src/timer.o
 .ARM.attributes
                0x000000000000018a       0x34 ./Src/usart.o
 .ARM.attributes
                0x00000000000001be       0x34 ./Src/util.o
 .ARM.attributes
                0x00000000000001f2       0x21 ./Startup/startup_stm32f446retx.o
 .ARM.attributes
                0x0000000000000213       0x34 /opt/st/stm32cubeide_1.12.1/plugins/com.st.stm32cube.ide.mcu.externaltools.gnu-tools-for-stm32.10.3-2021.10.linux64_1.0.200.202301161003/tools/bin/../lib/gcc/arm-none-eabi/10.3.1/../../../../arm-none-eabi/lib/thumb/v7e-m+fp/hard/libc_nano.a(lib_a-errno.o)
 .ARM.attributes
                0x0000000000000247       0x34 /opt/st/stm32cubeide_1.12.1/plugins/com.st.stm32cube.ide.mcu.externaltools.gnu-tools-for-stm32.10.3-2021.10.linux64_1.0.200.202301161003/tools/bin/../lib/gcc/arm-none-eabi/10.3.1/../../../../arm-none-eabi/lib/thumb/v7e-m+fp/hard/libc_nano.a(lib_a-impure.o)
 .ARM.attributes
                0x000000000000027b       0x34 /opt/st/stm32cubeide_1.12.1/plugins/com.st.stm32cube.ide.mcu.externaltools.gnu-tools-for-stm32.10.3-2021.10.linux64_1.0.200.202301161003/tools/bin/../lib/gcc/arm-none-eabi/10.3.1/../../../../arm-none-eabi/lib/thumb/v7e-m+fp/hard/libc_nano.a(lib_a-init.o)
 .ARM.attributes
                0x00000000000002af       0x34 /opt/st/stm32cubeide_1.12.1/plugins/com.st.stm32cube.ide.mcu.externaltools.gnu-tools-for-stm32.10.3-2021.10.linux64_1.0.200.202301161003/tools/bin/../lib/gcc/arm-none-eabi/10.3.1/../../../../arm-none-eabi/lib/thumb/v7e-m+fp/hard/libc_nano.a(lib_a-memset.o)
 .ARM.attributes
                0x00000000000002e3       0x34 /opt/st/stm32cubeide_1.12.1/plugins/com.st.stm32cube.ide.mcu.externaltools.gnu-tools-for-stm32.10.3-2021.10.linux64_1.0.200.202301161003/tools/bin/../lib/gcc/arm-none-eabi/10.3.1/../../../../arm-none-eabi/lib/thumb/v7e-m+fp/hard/libc_nano.a(lib_a-puts.o)
 .ARM.attributes
                0x0000000000000317       0x34 /opt/st/stm32cubeide_1.12.1/plugins/com.st.stm32cube.ide.mcu.externaltools.gnu-tools-for-stm32.10.3-2021.10.linux64_1.0.200.202301161003/tools/bin/../lib/gcc/arm-none-eabi/10.3.1/../../../../arm-none-eabi/lib/thumb/v7e-m+fp/hard/libc_nano.a(lib_a-wbuf.o)
 .ARM.attributes
                0x000000000000034b       0x34 /opt/st/stm32cubeide_1.12.1/plugins/com.st.stm32cube.ide.mcu.externaltools.gnu-tools-for-stm32.10.3-2021.10.linux64_1.0.200.202301161003/tools/bin/../lib/gcc/arm-none-eabi/10.3.1/../../../../arm-none-eabi/lib/thumb/v7e-m+fp/hard/libc_nano.a(lib_a-wsetup.o)
 .ARM.attributes
                0x000000000000037f       0x34 /opt/st/stm32cubeide_1.12.1/plugins/com.st.stm32cube.ide.mcu.externaltools.gnu-tools-for-stm32.10.3-2021.10.linux64_1.0.200.202301161003/tools/bin/../lib/gcc/arm-none-eabi/10.3.1/../../../../arm-none-eabi/lib/thumb/v7e-m+fp/hard/libc_nano.a(lib_a-fflush.o)
 .ARM.attributes
                0x00000000000003b3       0x34 /opt/st/stm32cubeide_1.12.1/plugins/com.st.stm32cube.ide.mcu.externaltools.gnu-tools-for-stm32.10.3-2021.10.linux64_1.0.200.202301161003/tools/bin/../lib/gcc/arm-none-eabi/10.3.1/../../../../arm-none-eabi/lib/thumb/v7e-m+fp/hard/libc_nano.a(lib_a-findfp.o)
 .ARM.attributes
                0x00000000000003e7       0x34 /opt/st/stm32cubeide_1.12.1/plugins/com.st.stm32cube.ide.mcu.externaltools.gnu-tools-for-stm32.10.3-2021.10.linux64_1.0.200.202301161003/tools/bin/../lib/gcc/arm-none-eabi/10.3.1/../../../../arm-none-eabi/lib/thumb/v7e-m+fp/hard/libc_nano.a(lib_a-fwalk.o)
 .ARM.attributes
                0x000000000000041b       0x34 /opt/st/stm32cubeide_1.12.1/plugins/com.st.stm32cube.ide.mcu.externaltools.gnu-tools-for-stm32.10.3-2021.10.linux64_1.0.200.202301161003/tools/bin/../lib/gcc/arm-none-eabi/10.3.1/../../../../arm-none-eabi/lib/thumb/v7e-m+fp/hard/libc_nano.a(lib_a-lock.o)
 .ARM.attributes
                0x000000000000044f       0x34 /opt/st/stm32cubeide_1.12.1/plugins/com.st.stm32cube.ide.mcu.externaltools.gnu-tools-for-stm32.10.3-2021.10.linux64_1.0.200.202301161003/tools/bin/../lib/gcc/arm-none-eabi/10.3.1/../../../../arm-none-eabi/lib/thumb/v7e-m+fp/hard/libc_nano.a(lib_a-makebuf.o)
 .ARM.attributes
                0x0000000000000483       0x34 /opt/st/stm32cubeide_1.12.1/plugins/com.st.stm32cube.ide.mcu.externaltools.gnu-tools-for-stm32.10.3-2021.10.linux64_1.0.200.202301161003/tools/bin/../lib/gcc/arm-none-eabi/10.3.1/../../../../arm-none-eabi/lib/thumb/v7e-m+fp/hard/libc_nano.a(lib_a-nano-freer.o)
 .ARM.attributes
                0x00000000000004b7       0x34 /opt/st/stm32cubeide_1.12.1/plugins/com.st.stm32cube.ide.mcu.externaltools.gnu-tools-for-stm32.10.3-2021.10.linux64_1.0.200.202301161003/tools/bin/../lib/gcc/arm-none-eabi/10.3.1/../../../../arm-none-eabi/lib/thumb/v7e-m+fp/hard/libc_nano.a(lib_a-nano-mallocr.o)
 .ARM.attributes
                0x00000000000004eb       0x34 /opt/st/stm32cubeide_1.12.1/plugins/com.st.stm32cube.ide.mcu.externaltools.gnu-tools-for-stm32.10.3-2021.10.linux64_1.0.200.202301161003/tools/bin/../lib/gcc/arm-none-eabi/10.3.1/../../../../arm-none-eabi/lib/thumb/v7e-m+fp/hard/libc_nano.a(lib_a-sbrkr.o)
 .ARM.attributes
                0x000000000000051f       0x34 /opt/st/stm32cubeide_1.12.1/plugins/com.st.stm32cube.ide.mcu.externaltools.gnu-tools-for-stm32.10.3-2021.10.linux64_1.0.200.202301161003/tools/bin/../lib/gcc/arm-none-eabi/10.3.1/../../../../arm-none-eabi/lib/thumb/v7e-m+fp/hard/libc_nano.a(lib_a-stdio.o)
 .ARM.attributes
                0x0000000000000553       0x34 /opt/st/stm32cubeide_1.12.1/plugins/com.st.stm32cube.ide.mcu.externaltools.gnu-tools-for-stm32.10.3-2021.10.linux64_1.0.200.202301161003/tools/bin/../lib/gcc/arm-none-eabi/10.3.1/../../../../arm-none-eabi/lib/thumb/v7e-m+fp/hard/libc_nano.a(lib_a-writer.o)
 .ARM.attributes
                0x0000000000000587       0x34 /opt/st/stm32cubeide_1.12.1/plugins/com.st.stm32cube.ide.mcu.externaltools.gnu-tools-for-stm32.10.3-2021.10.linux64_1.0.200.202301161003/tools/bin/../lib/gcc/arm-none-eabi/10.3.1/../../../../arm-none-eabi/lib/thumb/v7e-m+fp/hard/libc_nano.a(lib_a-closer.o)
 .ARM.attributes
                0x00000000000005bb       0x34 /opt/st/stm32cubeide_1.12.1/plugins/com.st.stm32cube.ide.mcu.externaltools.gnu-tools-for-stm32.10.3-2021.10.linux64_1.0.200.202301161003/tools/bin/../lib/gcc/arm-none-eabi/10.3.1/../../../../arm-none-eabi/lib/thumb/v7e-m+fp/hard/libc_nano.a(lib_a-fstatr.o)
 .ARM.attributes
                0x00000000000005ef       0x34 /opt/st/stm32cubeide_1.12.1/plugins/com.st.stm32cube.ide.mcu.externaltools.gnu-tools-for-stm32.10.3-2021.10.linux64_1.0.200.202301161003/tools/bin/../lib/gcc/arm-none-eabi/10.3.1/../../../../arm-none-eabi/lib/thumb/v7e-m+fp/hard/libc_nano.a(lib_a-isattyr.o)
 .ARM.attributes
                0x0000000000000623       0x34 /opt/st/stm32cubeide_1.12.1/plugins/com.st.stm32cube.ide.mcu.externaltools.gnu-tools-for-stm32.10.3-2021.10.linux64_1.0.200.202301161003/tools/bin/../lib/gcc/arm-none-eabi/10.3.1/../../../../arm-none-eabi/lib/thumb/v7e-m+fp/hard/libc_nano.a(lib_a-lseekr.o)
 .ARM.attributes
                0x0000000000000657       0x34 /opt/st/stm32cubeide_1.12.1/plugins/com.st.stm32cube.ide.mcu.externaltools.gnu-tools-for-stm32.10.3-2021.10.linux64_1.0.200.202301161003/tools/bin/../lib/gcc/arm-none-eabi/10.3.1/../../../../arm-none-eabi/lib/thumb/v7e-m+fp/hard/libc_nano.a(lib_a-mlock.o)
 .ARM.attributes
                0x000000000000068b       0x34 /opt/st/stm32cubeide_1.12.1/plugins/com.st.stm32cube.ide.mcu.externaltools.gnu-tools-for-stm32.10.3-2021.10.linux64_1.0.200.202301161003/tools/bin/../lib/gcc/arm-none-eabi/10.3.1/../../../../arm-none-eabi/lib/thumb/v7e-m+fp/hard/libc_nano.a(lib_a-readr.o)
 .ARM.attributes
                0x00000000000006bf       0x34 /opt/st/stm32cubeide_1.12.1/plugins/com.st.stm32cube.ide.mcu.externaltools.gnu-tools-for-stm32.10.3-2021.10.linux64_1.0.200.202301161003/tools/bin/../lib/gcc/arm-none-eabi/10.3.1/../../../../arm-none-eabi/lib/thumb/v7e-m+fp/hard/libc_nano.a(lib_a-reent.o)
 .ARM.attributes
                0x00000000000006f3       0x1e /opt/st/stm32cubeide_1.12.1/plugins/com.st.stm32cube.ide.mcu.externaltools.gnu-tools-for-stm32.10.3-2021.10.linux64_1.0.200.202301161003/tools/bin/../lib/gcc/arm-none-eabi/10.3.1/thumb/v7e-m+fp/hard/crtn.o
OUTPUT(Bus_de_com.elf elf32-littlearm)
LOAD linker stubs
LOAD /opt/st/stm32cubeide_1.12.1/plugins/com.st.stm32cube.ide.mcu.externaltools.gnu-tools-for-stm32.10.3-2021.10.linux64_1.0.200.202301161003/tools/bin/../lib/gcc/arm-none-eabi/10.3.1/../../../../arm-none-eabi/lib/thumb/v7e-m+fp/hard/libc.a
LOAD /opt/st/stm32cubeide_1.12.1/plugins/com.st.stm32cube.ide.mcu.externaltools.gnu-tools-for-stm32.10.3-2021.10.linux64_1.0.200.202301161003/tools/bin/../lib/gcc/arm-none-eabi/10.3.1/../../../../arm-none-eabi/lib/thumb/v7e-m+fp/hard/libm.a
LOAD /opt/st/stm32cubeide_1.12.1/plugins/com.st.stm32cube.ide.mcu.externaltools.gnu-tools-for-stm32.10.3-2021.10.linux64_1.0.200.202301161003/tools/bin/../lib/gcc/arm-none-eabi/10.3.1/thumb/v7e-m+fp/hard/libgcc.a

.debug_info     0x0000000000000000     0x2698
 .debug_info    0x0000000000000000      0x443 ./Src/gpio.o
 .debug_info    0x0000000000000443       0xa6 ./Src/interrupt.o
 .debug_info    0x00000000000004e9      0x186 ./Src/main.o
 .debug_info    0x000000000000066f      0x6e0 ./Src/syscalls.o
 .debug_info    0x0000000000000d4f      0x171 ./Src/sysmem.o
 .debug_info    0x0000000000000ec0      0x942 ./Src/timer.o
 .debug_info    0x0000000000001802      0x419 ./Src/usart.o
 .debug_info    0x0000000000001c1b      0xa5b ./Src/util.o
 .debug_info    0x0000000000002676       0x22 ./Startup/startup_stm32f446retx.o

.debug_abbrev   0x0000000000000000      0xa1e
 .debug_abbrev  0x0000000000000000      0x114 ./Src/gpio.o
 .debug_abbrev  0x0000000000000114       0x69 ./Src/interrupt.o
 .debug_abbrev  0x000000000000017d       0xe0 ./Src/main.o
 .debug_abbrev  0x000000000000025d      0x1b3 ./Src/syscalls.o
 .debug_abbrev  0x0000000000000410       0xbb ./Src/sysmem.o
 .debug_abbrev  0x00000000000004cb      0x230 ./Src/timer.o
 .debug_abbrev  0x00000000000006fb       0xf8 ./Src/usart.o
 .debug_abbrev  0x00000000000007f3      0x219 ./Src/util.o
 .debug_abbrev  0x0000000000000a0c       0x12 ./Startup/startup_stm32f446retx.o

.debug_aranges  0x0000000000000000      0x228
 .debug_aranges
                0x0000000000000000       0x40 ./Src/gpio.o
 .debug_aranges
                0x0000000000000040       0x20 ./Src/interrupt.o
 .debug_aranges
                0x0000000000000060       0x20 ./Src/main.o
 .debug_aranges
                0x0000000000000080       0xa8 ./Src/syscalls.o
 .debug_aranges
                0x0000000000000128       0x20 ./Src/sysmem.o
 .debug_aranges
                0x0000000000000148       0x50 ./Src/timer.o
 .debug_aranges
                0x0000000000000198       0x30 ./Src/usart.o
 .debug_aranges
                0x00000000000001c8       0x38 ./Src/util.o
 .debug_aranges
                0x0000000000000200       0x28 ./Startup/startup_stm32f446retx.o

.debug_ranges   0x0000000000000000      0x1a0
 .debug_ranges  0x0000000000000000       0x30 ./Src/gpio.o
 .debug_ranges  0x0000000000000030       0x10 ./Src/interrupt.o
 .debug_ranges  0x0000000000000040       0x10 ./Src/main.o
 .debug_ranges  0x0000000000000050       0x98 ./Src/syscalls.o
 .debug_ranges  0x00000000000000e8       0x10 ./Src/sysmem.o
 .debug_ranges  0x00000000000000f8       0x40 ./Src/timer.o
 .debug_ranges  0x0000000000000138       0x20 ./Src/usart.o
 .debug_ranges  0x0000000000000158       0x28 ./Src/util.o
 .debug_ranges  0x0000000000000180       0x20 ./Startup/startup_stm32f446retx.o

.debug_macro    0x0000000000000000    0x1abde
 .debug_macro   0x0000000000000000       0xd2 ./Src/gpio.o
 .debug_macro   0x00000000000000d2      0xa7e ./Src/gpio.o
 .debug_macro   0x0000000000000b50       0x22 ./Src/gpio.o
 .debug_macro   0x0000000000000b72       0x8e ./Src/gpio.o
 .debug_macro   0x0000000000000c00       0x51 ./Src/gpio.o
 .debug_macro   0x0000000000000c51      0x103 ./Src/gpio.o
 .debug_macro   0x0000000000000d54       0x6a ./Src/gpio.o
 .debug_macro   0x0000000000000dbe      0x1df ./Src/gpio.o
 .debug_macro   0x0000000000000f9d       0x28 ./Src/gpio.o
 .debug_macro   0x0000000000000fc5       0x1c ./Src/gpio.o
 .debug_macro   0x0000000000000fe1       0x22 ./Src/gpio.o
 .debug_macro   0x0000000000001003       0xd9 ./Src/gpio.o
 .debug_macro   0x00000000000010dc     0x102d ./Src/gpio.o
 .debug_macro   0x0000000000002109      0x11f ./Src/gpio.o
 .debug_macro   0x0000000000002228    0x16749 ./Src/gpio.o
 .debug_macro   0x0000000000018971       0x40 ./Src/gpio.o
 .debug_macro   0x00000000000189b1       0xc9 ./Src/interrupt.o
 .debug_macro   0x0000000000018a7a      0x24a ./Src/main.o
 .debug_macro   0x0000000000018cc4       0x52 ./Src/main.o
 .debug_macro   0x0000000000018d16       0x1e ./Src/main.o
 .debug_macro   0x0000000000018d34       0x3c ./Src/main.o
 .debug_macro   0x0000000000018d70       0x34 ./Src/main.o
 .debug_macro   0x0000000000018da4       0x16 ./Src/main.o
 .debug_macro   0x0000000000018dba       0x97 ./Src/main.o
 .debug_macro   0x0000000000018e51      0x341 ./Src/main.o
 .debug_macro   0x0000000000019192       0xfd ./Src/main.o
 .debug_macro   0x000000000001928f       0x10 ./Src/main.o
 .debug_macro   0x000000000001929f       0x16 ./Src/main.o
 .debug_macro   0x00000000000192b5       0x43 ./Src/main.o
 .debug_macro   0x00000000000192f8       0x34 ./Src/main.o
 .debug_macro   0x000000000001932c       0x10 ./Src/main.o
 .debug_macro   0x000000000001933c       0x58 ./Src/main.o
 .debug_macro   0x0000000000019394       0x71 ./Src/main.o
 .debug_macro   0x0000000000019405       0x1c ./Src/main.o
 .debug_macro   0x0000000000019421      0x12a ./Src/main.o
 .debug_macro   0x000000000001954b       0x10 ./Src/main.o
 .debug_macro   0x000000000001955b       0x1c ./Src/main.o
 .debug_macro   0x0000000000019577       0x52 ./Src/main.o
 .debug_macro   0x00000000000195c9       0x22 ./Src/main.o
 .debug_macro   0x00000000000195eb       0x10 ./Src/main.o
 .debug_macro   0x00000000000195fb       0x52 ./Src/main.o
 .debug_macro   0x000000000001964d       0xd5 ./Src/main.o
 .debug_macro   0x0000000000019722       0x1c ./Src/main.o
 .debug_macro   0x000000000001973e       0x3d ./Src/main.o
 .debug_macro   0x000000000001977b       0x16 ./Src/main.o
 .debug_macro   0x0000000000019791      0x145 ./Src/main.o
 .debug_macro   0x00000000000198d6      0x24c ./Src/syscalls.o
 .debug_macro   0x0000000000019b22       0x4c ./Src/syscalls.o
 .debug_macro   0x0000000000019b6e       0x94 ./Src/syscalls.o
 .debug_macro   0x0000000000019c02       0x57 ./Src/syscalls.o
 .debug_macro   0x0000000000019c59      0x174 ./Src/syscalls.o
 .debug_macro   0x0000000000019dcd       0x10 ./Src/syscalls.o
 .debug_macro   0x0000000000019ddd       0x35 ./Src/syscalls.o
 .debug_macro   0x0000000000019e12       0x10 ./Src/syscalls.o
 .debug_macro   0x0000000000019e22       0x10 ./Src/syscalls.o
 .debug_macro   0x0000000000019e32       0x35 ./Src/syscalls.o
 .debug_macro   0x0000000000019e67      0x12c ./Src/syscalls.o
 .debug_macro   0x0000000000019f93       0x16 ./Src/syscalls.o
 .debug_macro   0x0000000000019fa9       0x16 ./Src/syscalls.o
 .debug_macro   0x0000000000019fbf       0x29 ./Src/syscalls.o
 .debug_macro   0x0000000000019fe8       0x10 ./Src/syscalls.o
 .debug_macro   0x0000000000019ff8      0x241 ./Src/syscalls.o
 .debug_macro   0x000000000001a239       0x1c ./Src/syscalls.o
 .debug_macro   0x000000000001a255       0x10 ./Src/syscalls.o
 .debug_macro   0x000000000001a265      0x189 ./Src/syscalls.o
 .debug_macro   0x000000000001a3ee       0x16 ./Src/syscalls.o
 .debug_macro   0x000000000001a404       0xce ./Src/syscalls.o
 .debug_macro   0x000000000001a4d2       0xff ./Src/sysmem.o
 .debug_macro   0x000000000001a5d1      0x23b ./Src/sysmem.o
 .debug_macro   0x000000000001a80c       0xc9 ./Src/timer.o
 .debug_macro   0x000000000001a8d5       0xd2 ./Src/usart.o
 .debug_macro   0x000000000001a9a7      0x237 ./Src/util.o

.debug_line     0x0000000000000000     0x3043
 .debug_line    0x0000000000000000      0x54f ./Src/gpio.o
 .debug_line    0x000000000000054f      0x4c9 ./Src/interrupt.o
 .debug_line    0x0000000000000a18      0x6dd ./Src/main.o
 .debug_line    0x00000000000010f5      0x7cc ./Src/syscalls.o
 .debug_line    0x00000000000018c1      0x4c2 ./Src/sysmem.o
 .debug_line    0x0000000000001d83      0x604 ./Src/timer.o
 .debug_line    0x0000000000002387      0x540 ./Src/usart.o
 .debug_line    0x00000000000028c7      0x6f8 ./Src/util.o
 .debug_line    0x0000000000002fbf       0x84 ./Startup/startup_stm32f446retx.o

.debug_str      0x0000000000000000    0x90980
 .debug_str     0x0000000000000000    0x8a687 ./Src/gpio.o
                                      0x8a812 (size before relaxing)
 .debug_str     0x000000000008a687       0x37 ./Src/interrupt.o
                                      0x8a5e5 (size before relaxing)
 .debug_str     0x000000000008a6be     0x4058 ./Src/main.o
                                      0x8e779 (size before relaxing)
 .debug_str     0x000000000008e716     0x175a ./Src/syscalls.o
                                       0x8a88 (size before relaxing)
 .debug_str     0x000000000008fe70       0x70 ./Src/sysmem.o
                                       0x5dc4 (size before relaxing)
 .debug_str     0x000000000008fee0      0x6f1 ./Src/timer.o
                                      0x8ad61 (size before relaxing)
 .debug_str     0x00000000000905d1       0x49 ./Src/usart.o
                                      0x8a818 (size before relaxing)
 .debug_str     0x000000000009061a      0x335 ./Src/util.o
                                      0x8eaa0 (size before relaxing)
 .debug_str     0x000000000009094f       0x31 ./Startup/startup_stm32f446retx.o
                                         0x6b (size before relaxing)

.comment        0x0000000000000000       0x50
 .comment       0x0000000000000000       0x50 ./Src/gpio.o
                                         0x51 (size before relaxing)
 .comment       0x0000000000000050       0x51 ./Src/interrupt.o
 .comment       0x0000000000000050       0x51 ./Src/main.o
 .comment       0x0000000000000050       0x51 ./Src/syscalls.o
 .comment       0x0000000000000050       0x51 ./Src/sysmem.o
 .comment       0x0000000000000050       0x51 ./Src/timer.o
 .comment       0x0000000000000050       0x51 ./Src/usart.o
 .comment       0x0000000000000050       0x51 ./Src/util.o

.debug_frame    0x0000000000000000      0xcf8
 .debug_frame   0x0000000000000000       0xd0 ./Src/gpio.o
 .debug_frame   0x00000000000000d0       0x30 ./Src/interrupt.o
 .debug_frame   0x0000000000000100       0x2c ./Src/main.o
 .debug_frame   0x000000000000012c      0x2ac ./Src/syscalls.o
 .debug_frame   0x00000000000003d8       0x34 ./Src/sysmem.o
 .debug_frame   0x000000000000040c      0x104 ./Src/timer.o
 .debug_frame   0x0000000000000510       0x78 ./Src/usart.o
 .debug_frame   0x0000000000000588       0x8c ./Src/util.o
 .debug_frame   0x0000000000000614       0x20 /opt/st/stm32cubeide_1.12.1/plugins/com.st.stm32cube.ide.mcu.externaltools.gnu-tools-for-stm32.10.3-2021.10.linux64_1.0.200.202301161003/tools/bin/../lib/gcc/arm-none-eabi/10.3.1/../../../../arm-none-eabi/lib/thumb/v7e-m+fp/hard/libc_nano.a(lib_a-errno.o)
 .debug_frame   0x0000000000000634       0x2c /opt/st/stm32cubeide_1.12.1/plugins/com.st.stm32cube.ide.mcu.externaltools.gnu-tools-for-stm32.10.3-2021.10.linux64_1.0.200.202301161003/tools/bin/../lib/gcc/arm-none-eabi/10.3.1/../../../../arm-none-eabi/lib/thumb/v7e-m+fp/hard/libc_nano.a(lib_a-init.o)
 .debug_frame   0x0000000000000660       0x20 /opt/st/stm32cubeide_1.12.1/plugins/com.st.stm32cube.ide.mcu.externaltools.gnu-tools-for-stm32.10.3-2021.10.linux64_1.0.200.202301161003/tools/bin/../lib/gcc/arm-none-eabi/10.3.1/../../../../arm-none-eabi/lib/thumb/v7e-m+fp/hard/libc_nano.a(lib_a-memset.o)
 .debug_frame   0x0000000000000680       0x3c /opt/st/stm32cubeide_1.12.1/plugins/com.st.stm32cube.ide.mcu.externaltools.gnu-tools-for-stm32.10.3-2021.10.linux64_1.0.200.202301161003/tools/bin/../lib/gcc/arm-none-eabi/10.3.1/../../../../arm-none-eabi/lib/thumb/v7e-m+fp/hard/libc_nano.a(lib_a-puts.o)
 .debug_frame   0x00000000000006bc       0x40 /opt/st/stm32cubeide_1.12.1/plugins/com.st.stm32cube.ide.mcu.externaltools.gnu-tools-for-stm32.10.3-2021.10.linux64_1.0.200.202301161003/tools/bin/../lib/gcc/arm-none-eabi/10.3.1/../../../../arm-none-eabi/lib/thumb/v7e-m+fp/hard/libc_nano.a(lib_a-wbuf.o)
 .debug_frame   0x00000000000006fc       0x2c /opt/st/stm32cubeide_1.12.1/plugins/com.st.stm32cube.ide.mcu.externaltools.gnu-tools-for-stm32.10.3-2021.10.linux64_1.0.200.202301161003/tools/bin/../lib/gcc/arm-none-eabi/10.3.1/../../../../arm-none-eabi/lib/thumb/v7e-m+fp/hard/libc_nano.a(lib_a-wsetup.o)
 .debug_frame   0x0000000000000728       0x5c /opt/st/stm32cubeide_1.12.1/plugins/com.st.stm32cube.ide.mcu.externaltools.gnu-tools-for-stm32.10.3-2021.10.linux64_1.0.200.202301161003/tools/bin/../lib/gcc/arm-none-eabi/10.3.1/../../../../arm-none-eabi/lib/thumb/v7e-m+fp/hard/libc_nano.a(lib_a-fflush.o)
 .debug_frame   0x0000000000000784      0x14c /opt/st/stm32cubeide_1.12.1/plugins/com.st.stm32cube.ide.mcu.externaltools.gnu-tools-for-stm32.10.3-2021.10.linux64_1.0.200.202301161003/tools/bin/../lib/gcc/arm-none-eabi/10.3.1/../../../../arm-none-eabi/lib/thumb/v7e-m+fp/hard/libc_nano.a(lib_a-findfp.o)
 .debug_frame   0x00000000000008d0       0x54 /opt/st/stm32cubeide_1.12.1/plugins/com.st.stm32cube.ide.mcu.externaltools.gnu-tools-for-stm32.10.3-2021.10.linux64_1.0.200.202301161003/tools/bin/../lib/gcc/arm-none-eabi/10.3.1/../../../../arm-none-eabi/lib/thumb/v7e-m+fp/hard/libc_nano.a(lib_a-fwalk.o)
 .debug_frame   0x0000000000000924       0xb0 /opt/st/stm32cubeide_1.12.1/plugins/com.st.stm32cube.ide.mcu.externaltools.gnu-tools-for-stm32.10.3-2021.10.linux64_1.0.200.202301161003/tools/bin/../lib/gcc/arm-none-eabi/10.3.1/../../../../arm-none-eabi/lib/thumb/v7e-m+fp/hard/libc_nano.a(lib_a-lock.o)
 .debug_frame   0x00000000000009d4       0x58 /opt/st/stm32cubeide_1.12.1/plugins/com.st.stm32cube.ide.mcu.externaltools.gnu-tools-for-stm32.10.3-2021.10.linux64_1.0.200.202301161003/tools/bin/../lib/gcc/arm-none-eabi/10.3.1/../../../../arm-none-eabi/lib/thumb/v7e-m+fp/hard/libc_nano.a(lib_a-makebuf.o)
 .debug_frame   0x0000000000000a2c       0x38 /opt/st/stm32cubeide_1.12.1/plugins/com.st.stm32cube.ide.mcu.externaltools.gnu-tools-for-stm32.10.3-2021.10.linux64_1.0.200.202301161003/tools/bin/../lib/gcc/arm-none-eabi/10.3.1/../../../../arm-none-eabi/lib/thumb/v7e-m+fp/hard/libc_nano.a(lib_a-nano-freer.o)
 .debug_frame   0x0000000000000a64       0x4c /opt/st/stm32cubeide_1.12.1/plugins/com.st.stm32cube.ide.mcu.externaltools.gnu-tools-for-stm32.10.3-2021.10.linux64_1.0.200.202301161003/tools/bin/../lib/gcc/arm-none-eabi/10.3.1/../../../../arm-none-eabi/lib/thumb/v7e-m+fp/hard/libc_nano.a(lib_a-nano-mallocr.o)
 .debug_frame   0x0000000000000ab0       0x2c /opt/st/stm32cubeide_1.12.1/plugins/com.st.stm32cube.ide.mcu.externaltools.gnu-tools-for-stm32.10.3-2021.10.linux64_1.0.200.202301161003/tools/bin/../lib/gcc/arm-none-eabi/10.3.1/../../../../arm-none-eabi/lib/thumb/v7e-m+fp/hard/libc_nano.a(lib_a-sbrkr.o)
 .debug_frame   0x0000000000000adc       0x88 /opt/st/stm32cubeide_1.12.1/plugins/com.st.stm32cube.ide.mcu.externaltools.gnu-tools-for-stm32.10.3-2021.10.linux64_1.0.200.202301161003/tools/bin/../lib/gcc/arm-none-eabi/10.3.1/../../../../arm-none-eabi/lib/thumb/v7e-m+fp/hard/libc_nano.a(lib_a-stdio.o)
 .debug_frame   0x0000000000000b64       0x2c /opt/st/stm32cubeide_1.12.1/plugins/com.st.stm32cube.ide.mcu.externaltools.gnu-tools-for-stm32.10.3-2021.10.linux64_1.0.200.202301161003/tools/bin/../lib/gcc/arm-none-eabi/10.3.1/../../../../arm-none-eabi/lib/thumb/v7e-m+fp/hard/libc_nano.a(lib_a-writer.o)
 .debug_frame   0x0000000000000b90       0x2c /opt/st/stm32cubeide_1.12.1/plugins/com.st.stm32cube.ide.mcu.externaltools.gnu-tools-for-stm32.10.3-2021.10.linux64_1.0.200.202301161003/tools/bin/../lib/gcc/arm-none-eabi/10.3.1/../../../../arm-none-eabi/lib/thumb/v7e-m+fp/hard/libc_nano.a(lib_a-closer.o)
 .debug_frame   0x0000000000000bbc       0x2c /opt/st/stm32cubeide_1.12.1/plugins/com.st.stm32cube.ide.mcu.externaltools.gnu-tools-for-stm32.10.3-2021.10.linux64_1.0.200.202301161003/tools/bin/../lib/gcc/arm-none-eabi/10.3.1/../../../../arm-none-eabi/lib/thumb/v7e-m+fp/hard/libc_nano.a(lib_a-fstatr.o)
 .debug_frame   0x0000000000000be8       0x2c /opt/st/stm32cubeide_1.12.1/plugins/com.st.stm32cube.ide.mcu.externaltools.gnu-tools-for-stm32.10.3-2021.10.linux64_1.0.200.202301161003/tools/bin/../lib/gcc/arm-none-eabi/10.3.1/../../../../arm-none-eabi/lib/thumb/v7e-m+fp/hard/libc_nano.a(lib_a-isattyr.o)
 .debug_frame   0x0000000000000c14       0x2c /opt/st/stm32cubeide_1.12.1/plugins/com.st.stm32cube.ide.mcu.externaltools.gnu-tools-for-stm32.10.3-2021.10.linux64_1.0.200.202301161003/tools/bin/../lib/gcc/arm-none-eabi/10.3.1/../../../../arm-none-eabi/lib/thumb/v7e-m+fp/hard/libc_nano.a(lib_a-lseekr.o)
 .debug_frame   0x0000000000000c40       0x30 /opt/st/stm32cubeide_1.12.1/plugins/com.st.stm32cube.ide.mcu.externaltools.gnu-tools-for-stm32.10.3-2021.10.linux64_1.0.200.202301161003/tools/bin/../lib/gcc/arm-none-eabi/10.3.1/../../../../arm-none-eabi/lib/thumb/v7e-m+fp/hard/libc_nano.a(lib_a-mlock.o)
 .debug_frame   0x0000000000000c70       0x2c /opt/st/stm32cubeide_1.12.1/plugins/com.st.stm32cube.ide.mcu.externaltools.gnu-tools-for-stm32.10.3-2021.10.linux64_1.0.200.202301161003/tools/bin/../lib/gcc/arm-none-eabi/10.3.1/../../../../arm-none-eabi/lib/thumb/v7e-m+fp/hard/libc_nano.a(lib_a-readr.o)
 .debug_frame   0x0000000000000c9c       0x5c /opt/st/stm32cubeide_1.12.1/plugins/com.st.stm32cube.ide.mcu.externaltools.gnu-tools-for-stm32.10.3-2021.10.linux64_1.0.200.202301161003/tools/bin/../lib/gcc/arm-none-eabi/10.3.1/../../../../arm-none-eabi/lib/thumb/v7e-m+fp/hard/libc_nano.a(lib_a-reent.o)
