/home/jean/STM32CubeIDE/workspace_1.12.1/Bus_de_com/Drivers/CMSIS/Include/core_cm4.h:1688:22:__NVIC_EnableIRQ	16	static
/home/jean/STM32CubeIDE/workspace_1.12.1/Bus_de_com/Drivers/CMSIS/Include/core_cm4.h:1816:22:__NVIC_SetPriority	16	static
/home/jean/STM32CubeIDE/workspace_1.12.1/Bus_de_com/Drivers/CMSIS/Include/core_cm4.h:2022:26:SysTick_Config	16	static
../Src/timer.c:13:6:SYSTICK_Init	8	static
../Src/timer.c:21:6:SYSTICK_Delay	24	static
../Src/timer.c:28:10:SYSTICK_Get	4	static
../Src/timer.c:36:6:DWT_Init	4	static
../Src/timer.c:48:6:DWT_Delay	24	static
../Src/timer.c:64:6:TIM2TICK_Init	8	static
../Src/timer.c:85:6:TIM2TICK_Delay	24	static
../Src/timer.c:92:10:TIM2TICK_Get	4	static
